###############################################################################
#
# IAR ELF Linker V8.32.2.178/W32 for ARM                  02/Apr/2019  10:50:48
# Copyright 2007-2018 IAR Systems AB.
#
#    Output file  =  
#        C:\Users\fy\Documents\GitHub\Inbyggade-System-VT19\F3_RTC_002\F3_RTC_002\EWARM\F3_RTC_002\Exe\F3_RTC_002.out
#    Map file     =  
#        C:\Users\fy\Documents\GitHub\Inbyggade-System-VT19\F3_RTC_002\F3_RTC_002\EWARM\F3_RTC_002\List\F3_RTC_002.map
#    Command line =  
#        -f C:\Users\fy\AppData\Local\Temp\EW891.tmp
#        (C:\Users\fy\Documents\GitHub\Inbyggade-System-VT19\F3_RTC_002\F3_RTC_002\EWARM\F3_RTC_002\Obj\main.o
#        C:\Users\fy\Documents\GitHub\Inbyggade-System-VT19\F3_RTC_002\F3_RTC_002\EWARM\F3_RTC_002\Obj\startup_stm32f303xc.o
#        C:\Users\fy\Documents\GitHub\Inbyggade-System-VT19\F3_RTC_002\F3_RTC_002\EWARM\F3_RTC_002\Obj\stm32f3xx_hal.o
#        C:\Users\fy\Documents\GitHub\Inbyggade-System-VT19\F3_RTC_002\F3_RTC_002\EWARM\F3_RTC_002\Obj\stm32f3xx_hal_cortex.o
#        C:\Users\fy\Documents\GitHub\Inbyggade-System-VT19\F3_RTC_002\F3_RTC_002\EWARM\F3_RTC_002\Obj\stm32f3xx_hal_dma.o
#        C:\Users\fy\Documents\GitHub\Inbyggade-System-VT19\F3_RTC_002\F3_RTC_002\EWARM\F3_RTC_002\Obj\stm32f3xx_hal_flash.o
#        C:\Users\fy\Documents\GitHub\Inbyggade-System-VT19\F3_RTC_002\F3_RTC_002\EWARM\F3_RTC_002\Obj\stm32f3xx_hal_flash_ex.o
#        C:\Users\fy\Documents\GitHub\Inbyggade-System-VT19\F3_RTC_002\F3_RTC_002\EWARM\F3_RTC_002\Obj\stm32f3xx_hal_gpio.o
#        C:\Users\fy\Documents\GitHub\Inbyggade-System-VT19\F3_RTC_002\F3_RTC_002\EWARM\F3_RTC_002\Obj\stm32f3xx_hal_i2c.o
#        C:\Users\fy\Documents\GitHub\Inbyggade-System-VT19\F3_RTC_002\F3_RTC_002\EWARM\F3_RTC_002\Obj\stm32f3xx_hal_i2c_ex.o
#        C:\Users\fy\Documents\GitHub\Inbyggade-System-VT19\F3_RTC_002\F3_RTC_002\EWARM\F3_RTC_002\Obj\stm32f3xx_hal_msp.o
#        C:\Users\fy\Documents\GitHub\Inbyggade-System-VT19\F3_RTC_002\F3_RTC_002\EWARM\F3_RTC_002\Obj\stm32f3xx_hal_pcd.o
#        C:\Users\fy\Documents\GitHub\Inbyggade-System-VT19\F3_RTC_002\F3_RTC_002\EWARM\F3_RTC_002\Obj\stm32f3xx_hal_pcd_ex.o
#        C:\Users\fy\Documents\GitHub\Inbyggade-System-VT19\F3_RTC_002\F3_RTC_002\EWARM\F3_RTC_002\Obj\stm32f3xx_hal_pwr.o
#        C:\Users\fy\Documents\GitHub\Inbyggade-System-VT19\F3_RTC_002\F3_RTC_002\EWARM\F3_RTC_002\Obj\stm32f3xx_hal_pwr_ex.o
#        C:\Users\fy\Documents\GitHub\Inbyggade-System-VT19\F3_RTC_002\F3_RTC_002\EWARM\F3_RTC_002\Obj\stm32f3xx_hal_rcc.o
#        C:\Users\fy\Documents\GitHub\Inbyggade-System-VT19\F3_RTC_002\F3_RTC_002\EWARM\F3_RTC_002\Obj\stm32f3xx_hal_rcc_ex.o
#        C:\Users\fy\Documents\GitHub\Inbyggade-System-VT19\F3_RTC_002\F3_RTC_002\EWARM\F3_RTC_002\Obj\stm32f3xx_hal_rtc.o
#        C:\Users\fy\Documents\GitHub\Inbyggade-System-VT19\F3_RTC_002\F3_RTC_002\EWARM\F3_RTC_002\Obj\stm32f3xx_hal_rtc_ex.o
#        C:\Users\fy\Documents\GitHub\Inbyggade-System-VT19\F3_RTC_002\F3_RTC_002\EWARM\F3_RTC_002\Obj\stm32f3xx_hal_tim.o
#        C:\Users\fy\Documents\GitHub\Inbyggade-System-VT19\F3_RTC_002\F3_RTC_002\EWARM\F3_RTC_002\Obj\stm32f3xx_hal_tim_ex.o
#        C:\Users\fy\Documents\GitHub\Inbyggade-System-VT19\F3_RTC_002\F3_RTC_002\EWARM\F3_RTC_002\Obj\stm32f3xx_it.o
#        C:\Users\fy\Documents\GitHub\Inbyggade-System-VT19\F3_RTC_002\F3_RTC_002\EWARM\F3_RTC_002\Obj\system_stm32f3xx.o
#        C:\Users\fy\Documents\GitHub\Inbyggade-System-VT19\F3_RTC_002\F3_RTC_002\EWARM\F3_RTC_002\Obj\usb_device.o
#        C:\Users\fy\Documents\GitHub\Inbyggade-System-VT19\F3_RTC_002\F3_RTC_002\EWARM\F3_RTC_002\Obj\usbd_cdc.o
#        C:\Users\fy\Documents\GitHub\Inbyggade-System-VT19\F3_RTC_002\F3_RTC_002\EWARM\F3_RTC_002\Obj\usbd_cdc_if.o
#        C:\Users\fy\Documents\GitHub\Inbyggade-System-VT19\F3_RTC_002\F3_RTC_002\EWARM\F3_RTC_002\Obj\usbd_conf.o
#        C:\Users\fy\Documents\GitHub\Inbyggade-System-VT19\F3_RTC_002\F3_RTC_002\EWARM\F3_RTC_002\Obj\usbd_core.o
#        C:\Users\fy\Documents\GitHub\Inbyggade-System-VT19\F3_RTC_002\F3_RTC_002\EWARM\F3_RTC_002\Obj\usbd_ctlreq.o
#        C:\Users\fy\Documents\GitHub\Inbyggade-System-VT19\F3_RTC_002\F3_RTC_002\EWARM\F3_RTC_002\Obj\usbd_desc.o
#        C:\Users\fy\Documents\GitHub\Inbyggade-System-VT19\F3_RTC_002\F3_RTC_002\EWARM\F3_RTC_002\Obj\usbd_ioreq.o
#        --redirect _Printf=_PrintfFull --redirect _Scanf=_ScanfFull
#        --no_out_extension -o
#        C:\Users\fy\Documents\GitHub\Inbyggade-System-VT19\F3_RTC_002\F3_RTC_002\EWARM\F3_RTC_002\Exe\F3_RTC_002.out
#        --map
#        C:\Users\fy\Documents\GitHub\Inbyggade-System-VT19\F3_RTC_002\F3_RTC_002\EWARM\F3_RTC_002\List\F3_RTC_002.map
#        --config
#        C:\Users\fy\Documents\GitHub\Inbyggade-System-VT19\F3_RTC_002\F3_RTC_002\EWARM/stm32f303xc_flash.icf
#        --semihosting --entry __iar_program_start --vfe --text_out locale)
#
###############################################################################

*******************************************************************************
*** RUNTIME MODEL ATTRIBUTES
***

CppFlavor       = *
__SystemLibrary = DLib
__dlib_version  = 6


*******************************************************************************
*** HEAP SELECTION
***

The basic heap was selected because some modules are built with
size limitations (and not runtime checking), and --advanced_heap
was not specified.


*******************************************************************************
*** PLACEMENT SUMMARY
***

"A0":  place at 0x800'0000 { ro section .intvec };
"P1":  place in [from 0x800'0000 to 0x803'ffff] { ro };
define block CSTACK with size = 1K, alignment = 8 { };
define block HEAP with size = 512, alignment = 8 { };
"P2":  place in [from 0x2000'0000 to 0x2000'9fff] {
          rw, block CSTACK, block HEAP };
initialize by copy { rw };

  Section            Kind         Address    Size  Object
  -------            ----         -------    ----  ------
"A0":                                       0x188
  .intvec            ro code   0x800'0000   0x188  startup_stm32f303xc.o [1]
                             - 0x800'0188   0x188

"P1":                                      0x2c2f
  .text              ro code   0x800'0188   0xb3c  stm32f3xx_hal_pcd.o [1]
  .text              ro code   0x800'0cc4   0x226  usbd_conf.o [1]
  .text              ro code   0x800'0eea    0x88  stm32f3xx_hal_pcd_ex.o [1]
  .text              ro code   0x800'0f72    0x7a  lz77_init_single.o [4]
  .text              ro code   0x800'0fec   0x1cc  stm32f3xx_hal_gpio.o [1]
  .text              ro code   0x800'11b8    0xc4  stm32f3xx_hal_cortex.o [1]
  .text              ro code   0x800'127c   0x234  usbd_core.o [1]
  .text              ro code   0x800'14b0   0x258  main.o [1]
  .text              ro code   0x800'1708   0x3ac  usbd_ctlreq.o [1]
  .text              ro code   0x800'1ab4    0x60  usbd_ioreq.o [1]
  .text              ro code   0x800'1b14    0x24  stm32f3xx_hal.o [1]
  .text              ro code   0x800'1b38   0x34a  stm32f3xx_hal_rtc.o [1]
  .text              ro code   0x800'1e82    0x3a  zero_init3.o [4]
  .text              ro code   0x800'1ebc    0x54  usb_device.o [1]
  .text              ro code   0x800'1f10    0x6c  usbd_cdc_if.o [1]
  .text              ro code   0x800'1f7c    0x28  stm32f3xx_hal.o [1]
  .text              ro code   0x800'1fa4     0x6  ABImemclr4.o [4]
  .text              ro code   0x800'1fac    0x18  ABImemcpy_small.o [4]
  .text              ro code   0x800'1fc4   0x48c  stm32f3xx_hal_rcc.o [1]
  .text              ro code   0x800'2450   0x1b8  stm32f3xx_hal_rcc_ex.o [1]
  .text              ro code   0x800'2608    0x40  stm32f3xx_hal.o [1]
  .text              ro code   0x800'2648    0x48  stm32f3xx_hal_msp.o [1]
  .text              ro code   0x800'2690     0xc  stm32f3xx_hal.o [1]
  .text              ro code   0x800'269c   0x230  usbd_cdc.o [1]
  .text              ro code   0x800'28cc    0x32  ABImemset48.o [4]
  .text              ro code   0x800'2900   0x100  usbd_desc.o [1]
  .text              ro code   0x800'2a00    0x7c  system_stm32f3xx.o [1]
  .rodata            const     0x800'2a7c    0x64  main.o [1]
  .text              ro code   0x800'2ae0    0x28  data_init.o [4]
  .text              ro code   0x800'2b08    0x22  fpinit_M.o [3]
  .iar.init_table    const     0x800'2b2c    0x20  - Linker created -
  .text              ro code   0x800'2b4c    0x20  stm32f3xx_it.o [1]
  .text              ro code   0x800'2b6c    0x10  stm32f3xx_hal.o [1]
  .text              ro code   0x800'2b7c    0x1e  cmain.o [4]
  .text              ro code   0x800'2b9a     0x4  low_level_init.o [2]
  .text              ro code   0x800'2b9e     0x4  exit.o [2]
  .text              ro code   0x800'2ba4     0xa  cexit.o [4]
  .text              ro code   0x800'2bb0    0x14  exit.o [5]
  .text              ro code   0x800'2bc4    0x10  startup_stm32f303xc.o [1]
  .text              ro code   0x800'2bd4     0xc  cstartup_M.o [4]
  .text              ro code   0x800'2be0     0x4  startup_stm32f303xc.o [1]
  .text              ro code   0x800'2be4     0x4  startup_stm32f303xc.o [1]
  .text              ro code   0x800'2be8     0x4  startup_stm32f303xc.o [1]
  .text              ro code   0x800'2bec     0x4  startup_stm32f303xc.o [1]
  .text              ro code   0x800'2bf0     0x4  startup_stm32f303xc.o [1]
  .text              ro code   0x800'2bf4     0x4  startup_stm32f303xc.o [1]
  .text              ro code   0x800'2bf8     0x4  startup_stm32f303xc.o [1]
  .text              ro code   0x800'2bfc     0x4  startup_stm32f303xc.o [1]
  .text              ro code   0x800'2c00     0x4  startup_stm32f303xc.o [1]
  .text              ro code   0x800'2c04     0x4  startup_stm32f303xc.o [1]
  .text              ro code   0x800'2c08     0x4  startup_stm32f303xc.o [1]
  .text              ro code   0x800'2c0c     0x4  startup_stm32f303xc.o [1]
  .text              ro code   0x800'2c10     0x4  startup_stm32f303xc.o [1]
  .text              ro code   0x800'2c14     0x4  startup_stm32f303xc.o [1]
  .text              ro code   0x800'2c18     0x4  startup_stm32f303xc.o [1]
  .text              ro code   0x800'2c1c     0x4  startup_stm32f303xc.o [1]
  .text              ro code   0x800'2c20     0x4  startup_stm32f303xc.o [1]
  .text              ro code   0x800'2c24     0x4  startup_stm32f303xc.o [1]
  .text              ro code   0x800'2c28     0x4  startup_stm32f303xc.o [1]
  .text              ro code   0x800'2c2c     0x4  startup_stm32f303xc.o [1]
  .text              ro code   0x800'2c30     0x4  startup_stm32f303xc.o [1]
  .text              ro code   0x800'2c34     0x4  startup_stm32f303xc.o [1]
  .text              ro code   0x800'2c38     0x4  startup_stm32f303xc.o [1]
  .text              ro code   0x800'2c3c     0x4  startup_stm32f303xc.o [1]
  .text              ro code   0x800'2c40     0x4  startup_stm32f303xc.o [1]
  .text              ro code   0x800'2c44     0x4  startup_stm32f303xc.o [1]
  .text              ro code   0x800'2c48     0x4  startup_stm32f303xc.o [1]
  .text              ro code   0x800'2c4c     0x4  startup_stm32f303xc.o [1]
  .text              ro code   0x800'2c50     0x4  startup_stm32f303xc.o [1]
  .text              ro code   0x800'2c54     0x4  startup_stm32f303xc.o [1]
  .text              ro code   0x800'2c58     0x4  startup_stm32f303xc.o [1]
  .text              ro code   0x800'2c5c     0x4  startup_stm32f303xc.o [1]
  .text              ro code   0x800'2c60     0x4  startup_stm32f303xc.o [1]
  .text              ro code   0x800'2c64     0x4  startup_stm32f303xc.o [1]
  .text              ro code   0x800'2c68     0x4  startup_stm32f303xc.o [1]
  .text              ro code   0x800'2c6c     0x4  startup_stm32f303xc.o [1]
  .text              ro code   0x800'2c70     0x4  startup_stm32f303xc.o [1]
  .text              ro code   0x800'2c74     0x4  startup_stm32f303xc.o [1]
  .text              ro code   0x800'2c78     0x4  startup_stm32f303xc.o [1]
  .text              ro code   0x800'2c7c     0x4  startup_stm32f303xc.o [1]
  .text              ro code   0x800'2c80     0x4  startup_stm32f303xc.o [1]
  .text              ro code   0x800'2c84     0x4  startup_stm32f303xc.o [1]
  .text              ro code   0x800'2c88     0x4  startup_stm32f303xc.o [1]
  .text              ro code   0x800'2c8c     0x4  startup_stm32f303xc.o [1]
  .text              ro code   0x800'2c90     0x4  startup_stm32f303xc.o [1]
  .text              ro code   0x800'2c94     0x4  startup_stm32f303xc.o [1]
  .text              ro code   0x800'2c98     0x4  startup_stm32f303xc.o [1]
  .text              ro code   0x800'2c9c     0x4  startup_stm32f303xc.o [1]
  .text              ro code   0x800'2ca0     0x4  startup_stm32f303xc.o [1]
  .text              ro code   0x800'2ca4     0x4  startup_stm32f303xc.o [1]
  .text              ro code   0x800'2ca8     0x4  startup_stm32f303xc.o [1]
  .text              ro code   0x800'2cac     0x4  startup_stm32f303xc.o [1]
  .text              ro code   0x800'2cb0     0x4  startup_stm32f303xc.o [1]
  .text              ro code   0x800'2cb4     0x4  startup_stm32f303xc.o [1]
  .text              ro code   0x800'2cb8     0x4  startup_stm32f303xc.o [1]
  .text              ro code   0x800'2cbc     0x4  startup_stm32f303xc.o [1]
  .text              ro code   0x800'2cc0     0x4  startup_stm32f303xc.o [1]
  .text              ro code   0x800'2cc4     0x4  startup_stm32f303xc.o [1]
  .text              ro code   0x800'2cc8     0x4  startup_stm32f303xc.o [1]
  .text              ro code   0x800'2ccc     0x4  startup_stm32f303xc.o [1]
  .text              ro code   0x800'2cd0     0x4  startup_stm32f303xc.o [1]
  .text              ro code   0x800'2cd4     0x4  startup_stm32f303xc.o [1]
  .text              ro code   0x800'2cd8     0x4  startup_stm32f303xc.o [1]
  .text              ro code   0x800'2cdc     0x4  startup_stm32f303xc.o [1]
  .text              ro code   0x800'2ce0     0x4  startup_stm32f303xc.o [1]
  .rodata            const     0x800'2ce4     0x0  zero_init3.o [4]
  .rodata            const     0x800'2ce4     0x0  lz77_init_single.o [4]
  Initializer bytes  const     0x800'2ce4    0xd3  <for P2-1>
                             - 0x800'2db7  0x2c2f

"P2", part 1 of 3:                          0x180
  P2-1                        0x2000'0000   0x180  <Init block>
    .data            inited   0x2000'0000     0xc  stm32f3xx_hal.o [1]
    .data            inited   0x2000'000c     0x4  system_stm32f3xx.o [1]
    .data            inited   0x2000'0010     0xc  usbd_cdc.o [1]
    .data            inited   0x2000'001c    0x38  usbd_cdc.o [1]
    .data            inited   0x2000'0054    0x44  usbd_cdc.o [1]
    .data            inited   0x2000'0098    0x44  usbd_cdc.o [1]
    .data            inited   0x2000'00dc    0x44  usbd_cdc.o [1]
    .data            inited   0x2000'0120    0x10  usbd_cdc_if.o [1]
    .data            inited   0x2000'0130    0x1c  usbd_desc.o [1]
    .data            inited   0x2000'014c    0x14  usbd_desc.o [1]
    .data            inited   0x2000'0160     0x4  usbd_desc.o [1]
    .data            inited   0x2000'0164    0x1c  usbd_desc.o [1]
                            - 0x2000'0180   0x180

"P2", part 2 of 3:                         0x11e0
  .bss               zero     0x2000'0180   0x7d0  usbd_cdc_if.o [1]
  .bss               zero     0x2000'0950   0x3a8  usbd_conf.o [1]
  .bss               zero     0x2000'0cf8   0x224  usb_device.o [1]
  .bss               zero     0x2000'0f1c   0x220  usbd_conf.o [1]
  .bss               zero     0x2000'113c   0x200  usbd_desc.o [1]
  .bss               zero     0x2000'133c    0x20  main.o [1]
  .bss               zero     0x2000'135c     0x1  usbd_cdc.o [1]
  .bss               zero     0x2000'135d     0x1  usbd_ctlreq.o [1]
                            - 0x2000'135e  0x11de

"P2", part 3 of 3:                          0x400
  CSTACK                      0x2000'1360   0x400  <Block>
    CSTACK           uninit   0x2000'1360   0x400  <Block tail>
                            - 0x2000'1760   0x400

Unused ranges:

         From           To      Size
         ----           --      ----
   0x800'2db7   0x803'ffff  0x3'd249
  0x2000'1760  0x2000'9fff    0x88a0


*******************************************************************************
*** INIT TABLE
***

          Address      Size
          -------      ----
Zero (__iar_zero_init3)
    1 destination range, total size 0x11de:
          0x2000'0180  0x11de

Copy/lz77 (__iar_lz77_init_single3)
    1 source range, total size 0xd3 (54% of destination):
           0x800'2ce4    0xd3
    1 destination range, total size 0x180:
          0x2000'0000   0x180



*******************************************************************************
*** MODULE SUMMARY
***

    Module                  ro code  ro data  rw data
    ------                  -------  -------  -------
command line/config:
    -------------------------------------------------
    Total:

C:\Users\fy\Documents\GitHub\Inbyggade-System-VT19\F3_RTC_002\F3_RTC_002\EWARM\F3_RTC_002\Obj: [1]
    main.o                      600      100       32
    startup_stm32f303xc.o       668
    stm32f3xx_hal.o             168        6       12
    stm32f3xx_hal_cortex.o      196
    stm32f3xx_hal_gpio.o        460
    stm32f3xx_hal_msp.o          72
    stm32f3xx_hal_pcd.o       2 876
    stm32f3xx_hal_pcd_ex.o      136
    stm32f3xx_hal_rcc.o       1 164
    stm32f3xx_hal_rcc_ex.o      440
    stm32f3xx_hal_rtc.o         842
    stm32f3xx_it.o               32
    system_stm32f3xx.o          124        2        4
    usb_device.o                 84               548
    usbd_cdc.o                  560      150      273
    usbd_cdc_if.o               108        9    2 016
    usbd_conf.o                 550             1 480
    usbd_core.o                 564
    usbd_ctlreq.o               940                 1
    usbd_desc.o                 256       44      592
    usbd_ioreq.o                 96
    -------------------------------------------------
    Total:                   10 936      311    4 958

dl7M_tlf.a: [2]
    exit.o                        4
    low_level_init.o              4
    -------------------------------------------------
    Total:                        8

m7M_tls.a: [3]
    fpinit_M.o                   34
    -------------------------------------------------
    Total:                       34

rt7M_tl.a: [4]
    ABImemclr4.o                  6
    ABImemcpy_small.o            24
    ABImemset48.o                50
    cexit.o                      10
    cmain.o                      30
    cstartup_M.o                 12
    data_init.o                  40
    lz77_init_single.o          122
    zero_init3.o                 58
    -------------------------------------------------
    Total:                      352

shb_l.a: [5]
    exit.o                       20
    -------------------------------------------------
    Total:                       20

    Gaps                          8        2
    Linker created                        32    1 024
-----------------------------------------------------
    Grand Total:             11 358      345    5 982


*******************************************************************************
*** ENTRY LIST
***

Entry                       Address   Size  Type      Object
-----                       -------   ----  ----      ------
.iar.init_table$$Base    0x800'2b2c          --   Gb  - Linker created -
.iar.init_table$$Limit   0x800'2b4c          --   Gb  - Linker created -
?main                    0x800'2b7d         Code  Gb  cmain.o [4]
AHBPrescTable            0x800'2a6c   0x10  Data  Gb  system_stm32f3xx.o [1]
BusFault_Handler         0x800'2b53    0x2  Code  Gb  stm32f3xx_it.o [1]
CDC_Control_FS           0x800'1f33    0x4  Code  Lc  usbd_cdc_if.o [1]
CDC_DeInit_FS            0x800'1f2f    0x4  Code  Lc  usbd_cdc_if.o [1]
CDC_Init_FS              0x800'1f11   0x1e  Code  Lc  usbd_cdc_if.o [1]
CDC_Receive_FS           0x800'1f37   0x16  Code  Lc  usbd_cdc_if.o [1]
CDC_Transmit_FS          0x800'1f4d   0x26  Code  Gb  usbd_cdc_if.o [1]
CSTACK$$Base            0x2000'1360          --   Gb  - Linker created -
CSTACK$$Limit           0x2000'1760          --   Gb  - Linker created -
DebugMon_Handler         0x800'2b59    0x2  Code  Gb  stm32f3xx_it.o [1]
Error_Handler            0x800'1701    0x2  Code  Gb  main.o [1]
FS_Desc                 0x2000'0130   0x1c  Data  Gb  usbd_desc.o [1]
HAL_Delay                0x800'1f7d   0x28  Code  Wk  stm32f3xx_hal.o [1]
HAL_GPIO_Init            0x800'0fed  0x194  Code  Gb  stm32f3xx_hal_gpio.o [1]
HAL_GPIO_TogglePin       0x800'1195    0x8  Code  Gb  stm32f3xx_hal_gpio.o [1]
HAL_GPIO_WritePin        0x800'118b    0xa  Code  Gb  stm32f3xx_hal_gpio.o [1]
HAL_GetTick              0x800'2691    0xc  Code  Wk  stm32f3xx_hal.o [1]
HAL_IncTick              0x800'2b6d   0x10  Code  Wk  stm32f3xx_hal.o [1]
HAL_Init                 0x800'1b15   0x20  Code  Gb  stm32f3xx_hal.o [1]
HAL_InitTick             0x800'2609   0x40  Code  Wk  stm32f3xx_hal.o [1]
HAL_MspInit              0x800'2649   0x2c  Code  Gb  stm32f3xx_hal_msp.o [1]
HAL_NVIC_EnableIRQ       0x800'1227    0xa  Code  Gb  stm32f3xx_hal_cortex.o [1]
HAL_NVIC_SetPriority     0x800'11ed   0x3a  Code  Gb  stm32f3xx_hal_cortex.o [1]
HAL_NVIC_SetPriorityGrouping
                         0x800'11d3   0x1a  Code  Gb  stm32f3xx_hal_cortex.o [1]
HAL_PCDEx_PMAConfig      0x800'0eeb   0x34  Code  Gb  stm32f3xx_hal_pcd_ex.o [1]
HAL_PCDEx_SetConnectionState
                         0x800'0ed7    0x2  Code  Gb  usbd_conf.o [1]
HAL_PCD_DataInStageCallback
                         0x800'0d4d   0x12  Code  Gb  usbd_conf.o [1]
HAL_PCD_DataOutStageCallback
                         0x800'0d39   0x14  Code  Gb  usbd_conf.o [1]
HAL_PCD_EP_Close         0x800'08cb  0x14a  Code  Gb  stm32f3xx_hal_pcd.o [1]
HAL_PCD_EP_ClrStall      0x800'0c17   0xa2  Code  Gb  stm32f3xx_hal_pcd.o [1]
HAL_PCD_EP_GetRxCount    0x800'0aa5   0x12  Code  Gb  stm32f3xx_hal_pcd.o [1]
HAL_PCD_EP_Open          0x800'0649  0x266  Code  Gb  stm32f3xx_hal_pcd.o [1]
HAL_PCD_EP_Receive       0x800'0a21   0x84  Code  Gb  stm32f3xx_hal_pcd.o [1]
HAL_PCD_EP_SetStall      0x800'0b8b   0x8c  Code  Gb  stm32f3xx_hal_pcd.o [1]
HAL_PCD_EP_Transmit      0x800'0ab7   0xaa  Code  Gb  stm32f3xx_hal_pcd.o [1]
HAL_PCD_IRQHandler       0x800'0545   0xd6  Code  Gb  stm32f3xx_hal_pcd.o [1]
HAL_PCD_Init             0x800'0189   0x98  Code  Gb  stm32f3xx_hal_pcd.o [1]
HAL_PCD_MspInit          0x800'0cc5   0x68  Code  Gb  usbd_conf.o [1]
HAL_PCD_ResetCallback    0x800'0d67   0x24  Code  Gb  usbd_conf.o [1]
HAL_PCD_ResumeCallback   0x800'0da7    0x8  Code  Gb  usbd_conf.o [1]
HAL_PCD_SOFCallback      0x800'0d5f    0x8  Code  Gb  usbd_conf.o [1]
HAL_PCD_SetAddress       0x800'061b   0x2c  Code  Gb  stm32f3xx_hal_pcd.o [1]
HAL_PCD_SetupStageCallback
                         0x800'0d2d    0xc  Code  Gb  usbd_conf.o [1]
HAL_PCD_Start            0x800'0221    0xc  Code  Gb  stm32f3xx_hal_pcd.o [1]
HAL_PCD_SuspendCallback
                         0x800'0d8b   0x1c  Code  Gb  usbd_conf.o [1]
HAL_RCCEx_PeriphCLKConfig
                         0x800'2451  0x1aa  Code  Gb  stm32f3xx_hal_rcc_ex.o [1]
HAL_RCC_ClockConfig      0x800'22cf   0xde  Code  Gb  stm32f3xx_hal_rcc.o [1]
HAL_RCC_GetSysClockFreq
                         0x800'23cd   0x3c  Code  Gb  stm32f3xx_hal_rcc.o [1]
HAL_RCC_OscConfig        0x800'1fc5  0x2e4  Code  Gb  stm32f3xx_hal_rcc.o [1]
HAL_RTC_GetDate          0x800'1d8f   0x3c  Code  Gb  stm32f3xx_hal_rtc.o [1]
HAL_RTC_GetTime          0x800'1c95   0x44  Code  Gb  stm32f3xx_hal_rtc.o [1]
HAL_RTC_Init             0x800'1b39   0x8e  Code  Gb  stm32f3xx_hal_rtc.o [1]
HAL_RTC_MspInit          0x800'2675   0x10  Code  Gb  stm32f3xx_hal_msp.o [1]
HAL_RTC_SetDate          0x800'1cdf   0x86  Code  Gb  stm32f3xx_hal_rtc.o [1]
HAL_RTC_SetTime          0x800'1bd3   0xa8  Code  Gb  stm32f3xx_hal_rtc.o [1]
HAL_RTC_WaitForSynchro   0x800'1df5   0x32  Code  Gb  stm32f3xx_hal_rtc.o [1]
HAL_SYSTICK_Config       0x800'123b   0x28  Code  Gb  stm32f3xx_hal_cortex.o [1]
HardFault_Handler        0x800'2b4f    0x2  Code  Gb  stm32f3xx_it.o [1]
IntToUnicode             0x800'2991   0x26  Code  Lc  usbd_desc.o [1]
MX_USB_DEVICE_Init       0x800'1ebd   0x54  Code  Gb  usb_device.o [1]
MemManage_Handler        0x800'2b51    0x2  Code  Gb  stm32f3xx_it.o [1]
NMI_Handler              0x800'2b4d    0x2  Code  Gb  stm32f3xx_it.o [1]
NVIC_SetPriority         0x800'11b9   0x1a  Code  Lc  stm32f3xx_hal_cortex.o [1]
PCD_EP_ISR_Handler       0x800'022d  0x2dc  Code  Lc  stm32f3xx_hal_pcd.o [1]
PCD_ReadPMA              0x800'0f43   0x30  Code  Gb  stm32f3xx_hal_pcd_ex.o [1]
PCD_WritePMA             0x800'0f1f   0x24  Code  Gb  stm32f3xx_hal_pcd_ex.o [1]
PendSV_Handler           0x800'2b5b    0x2  Code  Gb  stm32f3xx_it.o [1]
RTC_Bcd2ToByte           0x800'1e73   0x10  Code  Gb  stm32f3xx_hal_rtc.o [1]
RTC_ByteToBcd2           0x800'1e5d   0x16  Code  Gb  stm32f3xx_hal_rtc.o [1]
RTC_EnterInitMode        0x800'1e27   0x36  Code  Gb  stm32f3xx_hal_rtc.o [1]
Region$$Table$$Base      0x800'2b2c          --   Gb  - Linker created -
Region$$Table$$Limit     0x800'2b4c          --   Gb  - Linker created -
SVC_Handler              0x800'2b57    0x2  Code  Gb  stm32f3xx_it.o [1]
SysTick_Handler          0x800'2b5d    0x4  Code  Gb  stm32f3xx_it.o [1]
SystemClock_Config       0x800'166d   0x80  Code  Gb  main.o [1]
SystemCoreClock         0x2000'000c    0x4  Data  Gb  system_stm32f3xx.o [1]
SystemInit               0x800'2a01   0x54  Code  Gb  system_stm32f3xx.o [1]
USBD_CDC                0x2000'001c   0x38  Data  Gb  usbd_cdc.o [1]
USBD_CDC_CfgFSDesc      0x2000'0098   0x44  Data  Gb  usbd_cdc.o [1]
USBD_CDC_CfgHSDesc      0x2000'0054   0x44  Data  Gb  usbd_cdc.o [1]
USBD_CDC_DataIn          0x800'27b7   0x14  Code  Lc  usbd_cdc.o [1]
USBD_CDC_DataOut         0x800'27cb   0x2a  Code  Lc  usbd_cdc.o [1]
USBD_CDC_DeInit          0x800'271b   0x36  Code  Lc  usbd_cdc.o [1]
USBD_CDC_DeviceQualifierDesc
                        0x2000'0010    0xc  Data  Lc  usbd_cdc.o [1]
USBD_CDC_EP0_RxReady     0x800'27f5   0x26  Code  Lc  usbd_cdc.o [1]
USBD_CDC_GetDeviceQualifierDescriptor
                         0x800'2833    0x8  Code  Gb  usbd_cdc.o [1]
USBD_CDC_GetFSCfgDesc    0x800'281b    0x8  Code  Lc  usbd_cdc.o [1]
USBD_CDC_GetHSCfgDesc    0x800'2823    0x8  Code  Lc  usbd_cdc.o [1]
USBD_CDC_GetOtherSpeedCfgDesc
                         0x800'282b    0x8  Code  Lc  usbd_cdc.o [1]
USBD_CDC_Init            0x800'269d   0x74  Code  Lc  usbd_cdc.o [1]
USBD_CDC_OtherSpeedCfgDesc
                        0x2000'00dc   0x44  Data  Gb  usbd_cdc.o [1]
USBD_CDC_ReceivePacket   0x800'28a7   0x26  Code  Gb  usbd_cdc.o [1]
USBD_CDC_RegisterInterface
                         0x800'2851    0xe  Code  Gb  usbd_cdc.o [1]
USBD_CDC_SetRxBuffer     0x800'286f    0xc  Code  Gb  usbd_cdc.o [1]
USBD_CDC_SetTxBuffer     0x800'285f   0x10  Code  Gb  usbd_cdc.o [1]
USBD_CDC_Setup           0x800'2751   0x66  Code  Lc  usbd_cdc.o [1]
USBD_CDC_Setup::ifalt   0x2000'135c    0x1  Data  Lc  usbd_cdc.o [1]
USBD_CDC_TransmitPacket
                         0x800'287b   0x2c  Code  Gb  usbd_cdc.o [1]
USBD_ClrClassConfig      0x800'12d3    0xa  Code  Gb  usbd_core.o [1]
USBD_CtlContinueRx       0x800'1ae9    0x4  Code  Gb  usbd_ioreq.o [1]
USBD_CtlContinueSendData
                         0x800'1ac5    0x4  Code  Gb  usbd_ioreq.o [1]
USBD_CtlError            0x800'1a59   0x16  Code  Gb  usbd_ctlreq.o [1]
USBD_CtlPrepareRx        0x800'1ad5   0x14  Code  Gb  usbd_ioreq.o [1]
USBD_CtlReceiveStatus    0x800'1b07    0xe  Code  Gb  usbd_ioreq.o [1]
USBD_CtlSendData         0x800'1ab5   0x10  Code  Gb  usbd_ioreq.o [1]
USBD_CtlSendStatus       0x800'1af9    0xe  Code  Gb  usbd_ioreq.o [1]
USBD_FS_ConfigStrDescriptor
                         0x800'295d    0xc  Code  Gb  usbd_desc.o [1]
USBD_FS_DeviceDesc      0x2000'014c   0x14  Data  Gb  usbd_desc.o [1]
USBD_FS_DeviceDescriptor
                         0x800'2901    0x8  Code  Gb  usbd_desc.o [1]
USBD_FS_InterfaceStrDescriptor
                         0x800'2985    0xc  Code  Gb  usbd_desc.o [1]
USBD_FS_LangIDStrDescriptor
                         0x800'2909    0x8  Code  Gb  usbd_desc.o [1]
USBD_FS_ManufacturerStrDescriptor
                         0x800'291d    0xa  Code  Gb  usbd_desc.o [1]
USBD_FS_ProductStrDescriptor
                         0x800'2911    0xc  Code  Gb  usbd_desc.o [1]
USBD_FS_SerialStrDescriptor
                         0x800'2931   0x2c  Code  Gb  usbd_desc.o [1]
USBD_GetDescriptor       0x800'193d   0xf2  Code  Lc  usbd_ctlreq.o [1]
USBD_GetString           0x800'1a6f   0x46  Code  Gb  usbd_ctlreq.o [1]
USBD_Get_USB_Status      0x800'0ed9   0x12  Code  Lc  usbd_conf.o [1]
USBD_Init                0x800'127d   0x26  Code  Gb  usbd_core.o [1]
USBD_Interface_fops_FS  0x2000'0120   0x10  Data  Gb  usbd_cdc_if.o [1]
USBD_LL_ClearStallEP     0x800'0e67    0xc  Code  Gb  usbd_conf.o [1]
USBD_LL_CloseEP          0x800'0e4f    0xc  Code  Gb  usbd_conf.o [1]
USBD_LL_DataInStage      0x800'1399   0x98  Code  Gb  usbd_core.o [1]
USBD_LL_DataOutStage     0x800'1333   0x66  Code  Gb  usbd_core.o [1]
USBD_LL_GetRxDataSize    0x800'0eb5    0x8  Code  Gb  usbd_conf.o [1]
USBD_LL_Init             0x800'0daf   0x7a  Code  Gb  usbd_conf.o [1]
USBD_LL_IsStallEP        0x800'0e73   0x1e  Code  Gb  usbd_conf.o [1]
USBD_LL_OpenEP           0x800'0e39   0x16  Code  Gb  usbd_conf.o [1]
USBD_LL_PrepareReceive   0x800'0ea9    0xc  Code  Gb  usbd_conf.o [1]
USBD_LL_Reset            0x800'1431   0x40  Code  Gb  usbd_core.o [1]
USBD_LL_Resume           0x800'1487    0xc  Code  Gb  usbd_core.o [1]
USBD_LL_SOF              0x800'1493   0x18  Code  Gb  usbd_core.o [1]
USBD_LL_SetSpeed         0x800'1471    0x6  Code  Gb  usbd_core.o [1]
USBD_LL_SetUSBAddress    0x800'0e91    0xc  Code  Gb  usbd_conf.o [1]
USBD_LL_SetupStage       0x800'12dd   0x56  Code  Gb  usbd_core.o [1]
USBD_LL_StallEP          0x800'0e5b    0xc  Code  Gb  usbd_conf.o [1]
USBD_LL_Start            0x800'0e29    0xa  Code  Gb  usbd_conf.o [1]
USBD_LL_Suspend          0x800'1477   0x10  Code  Gb  usbd_core.o [1]
USBD_LL_Transmit         0x800'0e9d    0xc  Code  Gb  usbd_conf.o [1]
USBD_LangIDDesc         0x2000'0160    0x4  Data  Gb  usbd_desc.o [1]
USBD_ParseSetupRequest   0x800'1a2f   0x2a  Code  Gb  usbd_ctlreq.o [1]
USBD_RegisterClass       0x800'12a3   0x10  Code  Gb  usbd_core.o [1]
USBD_SetClassConfig      0x800'12bd   0x16  Code  Gb  usbd_core.o [1]
USBD_SetConfig::cfgidx  0x2000'135d    0x1  Data  Lc  usbd_ctlreq.o [1]
USBD_Start               0x800'12b3    0xa  Code  Gb  usbd_core.o [1]
USBD_StdDevReq           0x800'1709  0x12c  Code  Gb  usbd_ctlreq.o [1]
USBD_StdEPReq            0x800'1875   0xbc  Code  Gb  usbd_ctlreq.o [1]
USBD_StdItfReq           0x800'183f   0x30  Code  Gb  usbd_ctlreq.o [1]
USBD_StrDesc            0x2000'113c  0x200  Data  Gb  usbd_desc.o [1]
USBD_StringSerial       0x2000'0164   0x1c  Data  Gb  usbd_desc.o [1]
USBD_static_free         0x800'0ed5    0x2  Code  Gb  usbd_conf.o [1]
USBD_static_malloc       0x800'0ebd    0x4  Code  Gb  usbd_conf.o [1]
USBD_static_malloc::mem
                        0x2000'0f1c  0x220  Data  Lc  usbd_conf.o [1]
USB_LP_CAN_RX0_IRQHandler
                         0x800'2b61    0x6  Code  Gb  stm32f3xx_it.o [1]
UsageFault_Handler       0x800'2b55    0x2  Code  Gb  stm32f3xx_it.o [1]
UserRxBufferFS          0x2000'0180  0x3e8  Data  Gb  usbd_cdc_if.o [1]
UserTxBufferFS          0x2000'0568  0x3e8  Data  Gb  usbd_cdc_if.o [1]
__aeabi_memclr4          0x800'1fa5         Code  Gb  ABImemclr4.o [4]
__cmain                  0x800'2b7d         Code  Gb  cmain.o [4]
__exit                   0x800'2bb1   0x14  Code  Gb  exit.o [5]
__iar_Memset4_word       0x800'28cd         Code  Gb  ABImemset48.o [4]
__iar_Memset8_word       0x800'28cd         Code  Gb  ABImemset48.o [4]
__iar_data_init3         0x800'2ae1   0x28  Code  Gb  data_init.o [4]
__iar_init_vfp           0x800'2b09         Code  Gb  fpinit_M.o [3]
__iar_lz77_init_single3
                         0x800'0f73   0x7a  Code  Gb  lz77_init_single.o [4]
__iar_program_start      0x800'2bd5         Code  Gb  cstartup_M.o [4]
__iar_small_Memcpy       0x800'1fb1         Code  Gb  ABImemcpy_small.o [4]
__iar_small_memcpy       0x800'1fad         Code  Gb  ABImemcpy_small.o [4]
__iar_small_memcpy4      0x800'1fad         Code  Gb  ABImemcpy_small.o [4]
__iar_small_memcpy8      0x800'1fad         Code  Gb  ABImemcpy_small.o [4]
__iar_zero_init3         0x800'1e83   0x3a  Code  Gb  zero_init3.o [4]
__low_level_init         0x800'2b9b    0x4  Code  Gb  low_level_init.o [2]
__vector_table           0x800'0000         Data  Gb  startup_stm32f303xc.o [1]
_call_main               0x800'2b89         Code  Gb  cmain.o [4]
_exit                    0x800'2ba5         Code  Gb  cexit.o [4]
_main                    0x800'2b97         Code  Gb  cmain.o [4]
aPLLMULFactorTable       0x800'2430   0x10  Data  Gb  stm32f3xx_hal_rcc.o [1]
aPredivFactorTable       0x800'2440   0x10  Data  Gb  stm32f3xx_hal_rcc.o [1]
exit                     0x800'2b9f    0x4  Code  Gb  exit.o [2]
hUsbDeviceFS            0x2000'0cf8  0x224  Data  Gb  usb_device.o [1]
hpcd_USB_FS             0x2000'0950  0x3a8  Data  Gb  usbd_conf.o [1]
hrtc                    0x2000'133c   0x20  Data  Gb  main.o [1]
main                     0x800'14b1  0x1a4  Code  Gb  main.o [1]
uwTick                  0x2000'0004    0x4  Data  Gb  stm32f3xx_hal.o [1]
uwTickFreq              0x2000'0000    0x1  Data  Gb  stm32f3xx_hal.o [1]
uwTickPrio              0x2000'0008    0x4  Data  Gb  stm32f3xx_hal.o [1]


[1] = C:\Users\fy\Documents\GitHub\Inbyggade-System-VT19\F3_RTC_002\F3_RTC_002\EWARM\F3_RTC_002\Obj
[2] = dl7M_tlf.a
[3] = m7M_tls.a
[4] = rt7M_tl.a
[5] = shb_l.a

  11 358 bytes of readonly  code memory
     345 bytes of readonly  data memory
   5 982 bytes of readwrite data memory

Errors: none
Warnings: none
