###############################################################################
#
# IAR ELF Linker V8.32.2.178/W32 for ARM                  02/Apr/2019  13:48:48
# Copyright 2007-2018 IAR Systems AB.
#
#    Output file  =  
#        C:\Users\fy\Documents\GitHub\Inbyggade-System-VT19\UART_jy\UART_jy\EWARM\UART_jy\Exe\UART_jy.out
#    Map file     =  
#        C:\Users\fy\Documents\GitHub\Inbyggade-System-VT19\UART_jy\UART_jy\EWARM\UART_jy\List\UART_jy.map
#    Command line =  
#        -f C:\Users\fy\AppData\Local\Temp\EW994.tmp
#        (C:\Users\fy\Documents\GitHub\Inbyggade-System-VT19\UART_jy\UART_jy\EWARM\UART_jy\Obj\gpio.o
#        C:\Users\fy\Documents\GitHub\Inbyggade-System-VT19\UART_jy\UART_jy\EWARM\UART_jy\Obj\i2c.o
#        C:\Users\fy\Documents\GitHub\Inbyggade-System-VT19\UART_jy\UART_jy\EWARM\UART_jy\Obj\main.o
#        C:\Users\fy\Documents\GitHub\Inbyggade-System-VT19\UART_jy\UART_jy\EWARM\UART_jy\Obj\rtc.o
#        C:\Users\fy\Documents\GitHub\Inbyggade-System-VT19\UART_jy\UART_jy\EWARM\UART_jy\Obj\spi.o
#        C:\Users\fy\Documents\GitHub\Inbyggade-System-VT19\UART_jy\UART_jy\EWARM\UART_jy\Obj\startup_stm32f303xc.o
#        C:\Users\fy\Documents\GitHub\Inbyggade-System-VT19\UART_jy\UART_jy\EWARM\UART_jy\Obj\stm32f3xx_hal.o
#        C:\Users\fy\Documents\GitHub\Inbyggade-System-VT19\UART_jy\UART_jy\EWARM\UART_jy\Obj\stm32f3xx_hal_cortex.o
#        C:\Users\fy\Documents\GitHub\Inbyggade-System-VT19\UART_jy\UART_jy\EWARM\UART_jy\Obj\stm32f3xx_hal_dma.o
#        C:\Users\fy\Documents\GitHub\Inbyggade-System-VT19\UART_jy\UART_jy\EWARM\UART_jy\Obj\stm32f3xx_hal_flash.o
#        C:\Users\fy\Documents\GitHub\Inbyggade-System-VT19\UART_jy\UART_jy\EWARM\UART_jy\Obj\stm32f3xx_hal_flash_ex.o
#        C:\Users\fy\Documents\GitHub\Inbyggade-System-VT19\UART_jy\UART_jy\EWARM\UART_jy\Obj\stm32f3xx_hal_gpio.o
#        C:\Users\fy\Documents\GitHub\Inbyggade-System-VT19\UART_jy\UART_jy\EWARM\UART_jy\Obj\stm32f3xx_hal_i2c.o
#        C:\Users\fy\Documents\GitHub\Inbyggade-System-VT19\UART_jy\UART_jy\EWARM\UART_jy\Obj\stm32f3xx_hal_i2c_ex.o
#        C:\Users\fy\Documents\GitHub\Inbyggade-System-VT19\UART_jy\UART_jy\EWARM\UART_jy\Obj\stm32f3xx_hal_msp.o
#        C:\Users\fy\Documents\GitHub\Inbyggade-System-VT19\UART_jy\UART_jy\EWARM\UART_jy\Obj\stm32f3xx_hal_pwr.o
#        C:\Users\fy\Documents\GitHub\Inbyggade-System-VT19\UART_jy\UART_jy\EWARM\UART_jy\Obj\stm32f3xx_hal_pwr_ex.o
#        C:\Users\fy\Documents\GitHub\Inbyggade-System-VT19\UART_jy\UART_jy\EWARM\UART_jy\Obj\stm32f3xx_hal_rcc.o
#        C:\Users\fy\Documents\GitHub\Inbyggade-System-VT19\UART_jy\UART_jy\EWARM\UART_jy\Obj\stm32f3xx_hal_rcc_ex.o
#        C:\Users\fy\Documents\GitHub\Inbyggade-System-VT19\UART_jy\UART_jy\EWARM\UART_jy\Obj\stm32f3xx_hal_rtc.o
#        C:\Users\fy\Documents\GitHub\Inbyggade-System-VT19\UART_jy\UART_jy\EWARM\UART_jy\Obj\stm32f3xx_hal_rtc_ex.o
#        C:\Users\fy\Documents\GitHub\Inbyggade-System-VT19\UART_jy\UART_jy\EWARM\UART_jy\Obj\stm32f3xx_hal_spi.o
#        C:\Users\fy\Documents\GitHub\Inbyggade-System-VT19\UART_jy\UART_jy\EWARM\UART_jy\Obj\stm32f3xx_hal_spi_ex.o
#        C:\Users\fy\Documents\GitHub\Inbyggade-System-VT19\UART_jy\UART_jy\EWARM\UART_jy\Obj\stm32f3xx_hal_tim.o
#        C:\Users\fy\Documents\GitHub\Inbyggade-System-VT19\UART_jy\UART_jy\EWARM\UART_jy\Obj\stm32f3xx_hal_tim_ex.o
#        C:\Users\fy\Documents\GitHub\Inbyggade-System-VT19\UART_jy\UART_jy\EWARM\UART_jy\Obj\stm32f3xx_hal_uart.o
#        C:\Users\fy\Documents\GitHub\Inbyggade-System-VT19\UART_jy\UART_jy\EWARM\UART_jy\Obj\stm32f3xx_hal_uart_ex.o
#        C:\Users\fy\Documents\GitHub\Inbyggade-System-VT19\UART_jy\UART_jy\EWARM\UART_jy\Obj\stm32f3xx_it.o
#        C:\Users\fy\Documents\GitHub\Inbyggade-System-VT19\UART_jy\UART_jy\EWARM\UART_jy\Obj\system_stm32f3xx.o
#        C:\Users\fy\Documents\GitHub\Inbyggade-System-VT19\UART_jy\UART_jy\EWARM\UART_jy\Obj\usart.o
#        --redirect _Printf=_PrintfFull --redirect _Scanf=_ScanfFull
#        --no_out_extension -o
#        C:\Users\fy\Documents\GitHub\Inbyggade-System-VT19\UART_jy\UART_jy\EWARM\UART_jy\Exe\UART_jy.out
#        --map
#        C:\Users\fy\Documents\GitHub\Inbyggade-System-VT19\UART_jy\UART_jy\EWARM\UART_jy\List\UART_jy.map
#        --config
#        C:\Users\fy\Documents\GitHub\Inbyggade-System-VT19\UART_jy\UART_jy\EWARM/stm32f303xc_flash.icf
#        --semihosting --entry __iar_program_start --vfe --text_out locale)
#
###############################################################################

*******************************************************************************
*** RUNTIME MODEL ATTRIBUTES
***

CppFlavor       = *
__SystemLibrary = DLib
__dlib_version  = 6


*******************************************************************************
*** HEAP SELECTION
***

The basic heap was selected because some modules are built with
size limitations (and not runtime checking), and --advanced_heap
was not specified.


*******************************************************************************
*** PLACEMENT SUMMARY
***

"A0":  place at 0x800'0000 { ro section .intvec };
"P1":  place in [from 0x800'0000 to 0x803'ffff] { ro };
define block CSTACK with size = 1K, alignment = 8 { };
define block HEAP with size = 512, alignment = 8 { };
"P2":  place in [from 0x2000'0000 to 0x2000'9fff] {
          rw, block CSTACK, block HEAP };
initialize by copy { rw };

  Section            Kind         Address    Size  Object
  -------            ----         -------    ----  ------
"A0":                                       0x188
  .intvec            ro code   0x800'0000   0x188  startup_stm32f303xc.o [1]
                             - 0x800'0188   0x188

"P1":                                      0x1e20
  .text              ro code   0x800'0188   0x6da  stm32f3xx_hal_uart.o [1]
  .text              ro code   0x800'0862    0x3a  zero_init3.o [4]
  .text              ro code   0x800'089c    0xb0  usart.o [1]
  .text              ro code   0x800'094c    0x4a  stm32f3xx_hal_dma.o [1]
  .text              ro code   0x800'0996     0x2  stm32f3xx_hal_uart.o [1]
  .text              ro code   0x800'0998     0x2  stm32f3xx_hal_uart_ex.o [1]
  .text              ro code   0x800'099c   0x4b4  stm32f3xx_hal_rcc.o [1]
  .text              ro code   0x800'0e50     0xc  stm32f3xx_hal.o [1]
  .text              ro code   0x800'0e5c   0x124  main.o [1]
  .text              ro code   0x800'0f80     0x6  ABImemclr4.o [4]
  .text              ro code   0x800'0f88   0x1cc  stm32f3xx_hal_gpio.o [1]
  .text              ro code   0x800'1154    0xc4  stm32f3xx_hal_cortex.o [1]
  .text              ro code   0x800'1218    0x40  stm32f3xx_hal.o [1]
  .text              ro code   0x800'1258    0x24  stm32f3xx_hal.o [1]
  .text              ro code   0x800'127c    0xf8  gpio.o [1]
  .text              ro code   0x800'1374    0xbc  i2c.o [1]
  .text              ro code   0x800'1430    0xa0  rtc.o [1]
  .text              ro code   0x800'14d0    0xb0  spi.o [1]
  .text              ro code   0x800'1580    0x18  ABImemcpy_small.o [4]
  .text              ro code   0x800'1598   0x1b8  stm32f3xx_hal_rcc_ex.o [1]
  .text              ro code   0x800'1750    0x32  ABImemset48.o [4]
  .text              ro code   0x800'1784    0x34  stm32f3xx_hal_msp.o [1]
  .text              ro code   0x800'17b8    0xb0  stm32f3xx_hal_i2c.o [1]
  .text              ro code   0x800'1868    0x7e  stm32f3xx_hal_i2c_ex.o [1]
  .text              ro code   0x800'18e8   0x2be  stm32f3xx_hal_rtc.o [1]
  .text              ro code   0x800'1ba8    0xb8  stm32f3xx_hal_spi.o [1]
  .text              ro code   0x800'1c60    0x7c  system_stm32f3xx.o [1]
  .rodata            const     0x800'1cdc    0x64  main.o [1]
  .text              ro code   0x800'1d40    0x2c  copy_init3.o [4]
  Initializer bytes  const     0x800'1d6c    0x2c  <for P2-1>
  .text              ro code   0x800'1d98    0x28  data_init.o [4]
  .text              ro code   0x800'1dc0    0x22  fpinit_M.o [3]
  .iar.init_table    const     0x800'1de4    0x24  - Linker created -
  .text              ro code   0x800'1e08    0x20  stm32f3xx_it.o [1]
  .text              ro code   0x800'1e28    0x10  stm32f3xx_hal.o [1]
  .text              ro code   0x800'1e38    0x1e  cmain.o [4]
  .text              ro code   0x800'1e56     0x4  low_level_init.o [2]
  .text              ro code   0x800'1e5a     0x4  exit.o [2]
  .text              ro code   0x800'1e60     0xa  cexit.o [4]
  .text              ro code   0x800'1e6c    0x14  exit.o [5]
  .text              ro code   0x800'1e80    0x10  startup_stm32f303xc.o [1]
  .text              ro code   0x800'1e90     0xc  cstartup_M.o [4]
  .rodata            const     0x800'1e9c     0x8  system_stm32f3xx.o [1]
  .text              ro code   0x800'1ea4     0x4  startup_stm32f303xc.o [1]
  .text              ro code   0x800'1ea8     0x4  startup_stm32f303xc.o [1]
  .text              ro code   0x800'1eac     0x4  startup_stm32f303xc.o [1]
  .text              ro code   0x800'1eb0     0x4  startup_stm32f303xc.o [1]
  .text              ro code   0x800'1eb4     0x4  startup_stm32f303xc.o [1]
  .text              ro code   0x800'1eb8     0x4  startup_stm32f303xc.o [1]
  .text              ro code   0x800'1ebc     0x4  startup_stm32f303xc.o [1]
  .text              ro code   0x800'1ec0     0x4  startup_stm32f303xc.o [1]
  .text              ro code   0x800'1ec4     0x4  startup_stm32f303xc.o [1]
  .text              ro code   0x800'1ec8     0x4  startup_stm32f303xc.o [1]
  .text              ro code   0x800'1ecc     0x4  startup_stm32f303xc.o [1]
  .text              ro code   0x800'1ed0     0x4  startup_stm32f303xc.o [1]
  .text              ro code   0x800'1ed4     0x4  startup_stm32f303xc.o [1]
  .text              ro code   0x800'1ed8     0x4  startup_stm32f303xc.o [1]
  .text              ro code   0x800'1edc     0x4  startup_stm32f303xc.o [1]
  .text              ro code   0x800'1ee0     0x4  startup_stm32f303xc.o [1]
  .text              ro code   0x800'1ee4     0x4  startup_stm32f303xc.o [1]
  .text              ro code   0x800'1ee8     0x4  startup_stm32f303xc.o [1]
  .text              ro code   0x800'1eec     0x4  startup_stm32f303xc.o [1]
  .text              ro code   0x800'1ef0     0x4  startup_stm32f303xc.o [1]
  .text              ro code   0x800'1ef4     0x4  startup_stm32f303xc.o [1]
  .text              ro code   0x800'1ef8     0x4  startup_stm32f303xc.o [1]
  .text              ro code   0x800'1efc     0x4  startup_stm32f303xc.o [1]
  .text              ro code   0x800'1f00     0x4  startup_stm32f303xc.o [1]
  .text              ro code   0x800'1f04     0x4  startup_stm32f303xc.o [1]
  .text              ro code   0x800'1f08     0x4  startup_stm32f303xc.o [1]
  .text              ro code   0x800'1f0c     0x4  startup_stm32f303xc.o [1]
  .text              ro code   0x800'1f10     0x4  startup_stm32f303xc.o [1]
  .text              ro code   0x800'1f14     0x4  startup_stm32f303xc.o [1]
  .text              ro code   0x800'1f18     0x4  startup_stm32f303xc.o [1]
  .text              ro code   0x800'1f1c     0x4  startup_stm32f303xc.o [1]
  .text              ro code   0x800'1f20     0x4  startup_stm32f303xc.o [1]
  .text              ro code   0x800'1f24     0x4  startup_stm32f303xc.o [1]
  .text              ro code   0x800'1f28     0x4  startup_stm32f303xc.o [1]
  .text              ro code   0x800'1f2c     0x4  startup_stm32f303xc.o [1]
  .text              ro code   0x800'1f30     0x4  startup_stm32f303xc.o [1]
  .text              ro code   0x800'1f34     0x4  startup_stm32f303xc.o [1]
  .text              ro code   0x800'1f38     0x4  startup_stm32f303xc.o [1]
  .text              ro code   0x800'1f3c     0x4  startup_stm32f303xc.o [1]
  .text              ro code   0x800'1f40     0x4  startup_stm32f303xc.o [1]
  .text              ro code   0x800'1f44     0x4  startup_stm32f303xc.o [1]
  .text              ro code   0x800'1f48     0x4  startup_stm32f303xc.o [1]
  .text              ro code   0x800'1f4c     0x4  startup_stm32f303xc.o [1]
  .text              ro code   0x800'1f50     0x4  startup_stm32f303xc.o [1]
  .text              ro code   0x800'1f54     0x4  startup_stm32f303xc.o [1]
  .text              ro code   0x800'1f58     0x4  startup_stm32f303xc.o [1]
  .text              ro code   0x800'1f5c     0x4  startup_stm32f303xc.o [1]
  .text              ro code   0x800'1f60     0x4  startup_stm32f303xc.o [1]
  .text              ro code   0x800'1f64     0x4  startup_stm32f303xc.o [1]
  .text              ro code   0x800'1f68     0x4  startup_stm32f303xc.o [1]
  .text              ro code   0x800'1f6c     0x4  startup_stm32f303xc.o [1]
  .text              ro code   0x800'1f70     0x4  startup_stm32f303xc.o [1]
  .text              ro code   0x800'1f74     0x4  startup_stm32f303xc.o [1]
  .text              ro code   0x800'1f78     0x4  startup_stm32f303xc.o [1]
  .text              ro code   0x800'1f7c     0x4  startup_stm32f303xc.o [1]
  .text              ro code   0x800'1f80     0x4  startup_stm32f303xc.o [1]
  .text              ro code   0x800'1f84     0x4  startup_stm32f303xc.o [1]
  .text              ro code   0x800'1f88     0x4  startup_stm32f303xc.o [1]
  .text              ro code   0x800'1f8c     0x4  startup_stm32f303xc.o [1]
  .text              ro code   0x800'1f90     0x4  startup_stm32f303xc.o [1]
  .text              ro code   0x800'1f94     0x4  startup_stm32f303xc.o [1]
  .text              ro code   0x800'1f98     0x4  startup_stm32f303xc.o [1]
  .text              ro code   0x800'1f9c     0x4  startup_stm32f303xc.o [1]
  .text              ro code   0x800'1fa0     0x4  startup_stm32f303xc.o [1]
  .text              ro code   0x800'1fa4     0x4  startup_stm32f303xc.o [1]
  .rodata            const     0x800'1fa8     0x0  zero_init3.o [4]
  .rodata            const     0x800'1fa8     0x0  copy_init3.o [4]
                             - 0x800'1fa8  0x1e20

"P2", part 1 of 3:                           0x2c
  P2-1                        0x2000'0000    0x2c  <Init block>
    .data            inited   0x2000'0000    0x1c  main.o [1]
    .data            inited   0x2000'001c     0xc  stm32f3xx_hal.o [1]
    .data            inited   0x2000'0028     0x4  system_stm32f3xx.o [1]
                            - 0x2000'002c    0x2c

"P2", part 2 of 3:                          0x140
  .bss               zero     0x2000'002c    0x70  usart.o [1]
  .bss               zero     0x2000'009c    0x64  spi.o [1]
  .bss               zero     0x2000'0100    0x4c  i2c.o [1]
  .bss               zero     0x2000'014c    0x20  rtc.o [1]
                            - 0x2000'016c   0x140

"P2", part 3 of 3:                          0x400
  CSTACK                      0x2000'0170   0x400  <Block>
    CSTACK           uninit   0x2000'0170   0x400  <Block tail>
                            - 0x2000'0570   0x400

Unused ranges:

         From           To      Size
         ----           --      ----
   0x800'1fa8   0x803'ffff  0x3'e058
  0x2000'016c  0x2000'016f       0x4
  0x2000'0570  0x2000'9fff    0x9a90


*******************************************************************************
*** INIT TABLE
***

          Address      Size
          -------      ----
Zero (__iar_zero_init3)
    1 destination range, total size 0x140:
          0x2000'002c  0x140

Copy (__iar_copy_init3)
    1 source range, total size 0x2c:
           0x800'1d6c   0x2c
    1 destination range, total size 0x2c:
          0x2000'0000   0x2c



*******************************************************************************
*** MODULE SUMMARY
***

    Module                   ro code  ro data  rw data
    ------                   -------  -------  -------
command line/config:
    --------------------------------------------------
    Total:

C:\Users\fy\Documents\GitHub\Inbyggade-System-VT19\UART_jy\UART_jy\EWARM\UART_jy\Obj: [1]
    gpio.o                       248
    i2c.o                        188                76
    main.o                       292      128       28
    rtc.o                        160                32
    spi.o                        176               100
    startup_stm32f303xc.o        668
    stm32f3xx_hal.o              128       12       12
    stm32f3xx_hal_cortex.o       196
    stm32f3xx_hal_dma.o           74
    stm32f3xx_hal_gpio.o         460
    stm32f3xx_hal_i2c.o          176
    stm32f3xx_hal_i2c_ex.o       126
    stm32f3xx_hal_msp.o           52
    stm32f3xx_hal_rcc.o        1 204
    stm32f3xx_hal_rcc_ex.o       440
    stm32f3xx_hal_rtc.o          702
    stm32f3xx_hal_spi.o          184
    stm32f3xx_hal_uart.o       1 756
    stm32f3xx_hal_uart_ex.o        2
    stm32f3xx_it.o                32
    system_stm32f3xx.o           124       12        4
    usart.o                      176               112
    --------------------------------------------------
    Total:                     7 564      152      364

dl7M_tlf.a: [2]
    exit.o                         4
    low_level_init.o               4
    --------------------------------------------------
    Total:                         8

m7M_tls.a: [3]
    fpinit_M.o                    34
    --------------------------------------------------
    Total:                        34

rt7M_tl.a: [4]
    ABImemclr4.o                   6
    ABImemcpy_small.o             24
    ABImemset48.o                 50
    cexit.o                       10
    cmain.o                       30
    copy_init3.o                  44
    cstartup_M.o                  12
    data_init.o                   40
    zero_init3.o                  58
    --------------------------------------------------
    Total:                       274

shb_l.a: [5]
    exit.o                        20
    --------------------------------------------------
    Total:                        20

    Gaps                          14        2
    Linker created                         36    1 024
------------------------------------------------------
    Grand Total:               7 914      190    1 388


*******************************************************************************
*** ENTRY LIST
***

Entry                       Address   Size  Type      Object
-----                       -------   ----  ----      ------
.iar.init_table$$Base    0x800'1de4          --   Gb  - Linker created -
.iar.init_table$$Limit   0x800'1e08          --   Gb  - Linker created -
?main                    0x800'1e39         Code  Gb  cmain.o [4]
AHBPrescTable            0x800'1ccc   0x10  Data  Gb  system_stm32f3xx.o [1]
APBPrescTable            0x800'1e9c    0x8  Data  Gb  system_stm32f3xx.o [1]
Buffer                  0x2000'0004   0x18  Data  Gb  main.o [1]
BusFault_Handler         0x800'1e0f    0x2  Code  Gb  stm32f3xx_it.o [1]
CSTACK$$Base            0x2000'0170          --   Gb  - Linker created -
CSTACK$$Limit           0x2000'0570          --   Gb  - Linker created -
DebugMon_Handler         0x800'1e15    0x2  Code  Gb  stm32f3xx_it.o [1]
Error_Handler            0x800'0f5d    0xe  Code  Gb  main.o [1]
HAL_DMA_Abort_IT         0x800'094d   0x4a  Code  Gb  stm32f3xx_hal_dma.o [1]
HAL_GPIO_Init            0x800'0f89  0x194  Code  Gb  stm32f3xx_hal_gpio.o [1]
HAL_GPIO_TogglePin       0x800'1131    0x8  Code  Gb  stm32f3xx_hal_gpio.o [1]
HAL_GPIO_WritePin        0x800'1127    0xa  Code  Gb  stm32f3xx_hal_gpio.o [1]
HAL_GetTick              0x800'0e51    0xc  Code  Wk  stm32f3xx_hal.o [1]
HAL_I2CEx_ConfigAnalogFilter
                         0x800'1869   0x2a  Code  Gb  stm32f3xx_hal_i2c_ex.o [1]
HAL_I2CEx_ConfigDigitalFilter
                         0x800'1893   0x26  Code  Gb  stm32f3xx_hal_i2c_ex.o [1]
HAL_I2C_Init             0x800'17b9   0xa0  Code  Gb  stm32f3xx_hal_i2c.o [1]
HAL_I2C_MspInit          0x800'13c1   0x5c  Code  Gb  i2c.o [1]
HAL_IncTick              0x800'1e29   0x10  Code  Wk  stm32f3xx_hal.o [1]
HAL_Init                 0x800'1259   0x20  Code  Gb  stm32f3xx_hal.o [1]
HAL_InitTick             0x800'1219   0x40  Code  Wk  stm32f3xx_hal.o [1]
HAL_MspInit              0x800'1785   0x34  Code  Gb  stm32f3xx_hal_msp.o [1]
HAL_NVIC_EnableIRQ       0x800'11c3    0xa  Code  Gb  stm32f3xx_hal_cortex.o [1]
HAL_NVIC_SetPriority     0x800'1189   0x3a  Code  Gb  stm32f3xx_hal_cortex.o [1]
HAL_NVIC_SetPriorityGrouping
                         0x800'116f   0x1a  Code  Gb  stm32f3xx_hal_cortex.o [1]
HAL_RCCEx_PeriphCLKConfig
                         0x800'1599  0x1aa  Code  Gb  stm32f3xx_hal_rcc_ex.o [1]
HAL_RCC_ClockConfig      0x800'0ca7   0xde  Code  Gb  stm32f3xx_hal_rcc.o [1]
HAL_RCC_GetPCLK1Freq     0x800'0de1   0x10  Code  Gb  stm32f3xx_hal_rcc.o [1]
HAL_RCC_GetPCLK2Freq     0x800'0df1    0xe  Code  Gb  stm32f3xx_hal_rcc.o [1]
HAL_RCC_GetSysClockFreq
                         0x800'0da5   0x3c  Code  Gb  stm32f3xx_hal_rcc.o [1]
HAL_RCC_OscConfig        0x800'099d  0x2e4  Code  Gb  stm32f3xx_hal_rcc.o [1]
HAL_RTC_Init             0x800'18e9   0x8e  Code  Gb  stm32f3xx_hal_rtc.o [1]
HAL_RTC_MspInit          0x800'14af   0x10  Code  Gb  rtc.o [1]
HAL_RTC_SetDate          0x800'1a45   0x86  Code  Gb  stm32f3xx_hal_rtc.o [1]
HAL_RTC_SetTime          0x800'1983   0xa8  Code  Gb  stm32f3xx_hal_rtc.o [1]
HAL_RTC_WaitForSynchro   0x800'1b19   0x32  Code  Gb  stm32f3xx_hal_rtc.o [1]
HAL_SPI_Init             0x800'1ba9   0xaa  Code  Gb  stm32f3xx_hal_spi.o [1]
HAL_SPI_MspInit          0x800'1517   0x5e  Code  Gb  spi.o [1]
HAL_SYSTICK_Config       0x800'11d7   0x28  Code  Gb  stm32f3xx_hal_cortex.o [1]
HAL_UARTEx_WakeupCallback
                         0x800'0999    0x2  Code  Wk  stm32f3xx_hal_uart_ex.o [1]
HAL_UART_IRQHandler      0x800'02b9  0x132  Code  Gb  stm32f3xx_hal_uart.o [1]
HAL_UART_Init            0x800'0189   0x30  Code  Gb  stm32f3xx_hal_uart.o [1]
HAL_UART_MspInit         0x800'08cf   0x6e  Code  Gb  usart.o [1]
HAL_UART_Receive_IT      0x800'024b   0x6e  Code  Gb  stm32f3xx_hal_uart.o [1]
HAL_UART_RxCpltCallback
                         0x800'0e61    0x2  Code  Gb  main.o [1]
HAL_UART_Transmit_IT     0x800'0209   0x42  Code  Gb  stm32f3xx_hal_uart.o [1]
HAL_UART_TxCpltCallback
                         0x800'0e5d    0x2  Code  Gb  main.o [1]
HardFault_Handler        0x800'1e0b    0x2  Code  Gb  stm32f3xx_it.o [1]
MX_GPIO_Init             0x800'127d   0xe2  Code  Gb  gpio.o [1]
MX_I2C1_Init             0x800'1375   0x4c  Code  Gb  i2c.o [1]
MX_RTC_Init              0x800'1431   0x7e  Code  Gb  rtc.o [1]
MX_SPI1_Init             0x800'14d1   0x46  Code  Gb  spi.o [1]
MX_USART3_UART_Init      0x800'089d   0x32  Code  Gb  usart.o [1]
MemManage_Handler        0x800'1e0d    0x2  Code  Gb  stm32f3xx_it.o [1]
NMI_Handler              0x800'1e09    0x2  Code  Gb  stm32f3xx_it.o [1]
NVIC_SetPriority         0x800'1155   0x1a  Code  Lc  stm32f3xx_hal_cortex.o [1]
PendSV_Handler           0x800'1e17    0x2  Code  Gb  stm32f3xx_it.o [1]
RTC_Bcd2ToByte           0x800'1b97   0x10  Code  Gb  stm32f3xx_hal_rtc.o [1]
RTC_ByteToBcd2           0x800'1b81   0x16  Code  Gb  stm32f3xx_hal_rtc.o [1]
RTC_EnterInitMode        0x800'1b4b   0x36  Code  Gb  stm32f3xx_hal_rtc.o [1]
Region$$Table$$Base      0x800'1de4          --   Gb  - Linker created -
Region$$Table$$Limit     0x800'1e08          --   Gb  - Linker created -
SVC_Handler              0x800'1e13    0x2  Code  Gb  stm32f3xx_it.o [1]
SysTick_Handler          0x800'1e19    0x4  Code  Gb  stm32f3xx_it.o [1]
SystemClock_Config       0x800'0ec7   0x96  Code  Gb  main.o [1]
SystemCoreClock         0x2000'0028    0x4  Data  Gb  system_stm32f3xx.o [1]
SystemInit               0x800'1c61   0x54  Code  Gb  system_stm32f3xx.o [1]
UART_AdvFeatureConfig    0x800'05c9   0xc6  Code  Gb  stm32f3xx_hal_uart.o [1]
UART_CheckIdleState      0x800'068f   0x5a  Code  Gb  stm32f3xx_hal_uart.o [1]
UART_DMAAbortOnError     0x800'0769   0x10  Code  Lc  stm32f3xx_hal_uart.o [1]
UART_EndRxTransfer       0x800'074d   0x1c  Code  Lc  stm32f3xx_hal_uart.o [1]
UART_EndTransmit_IT      0x800'07db   0x1a  Code  Gb  stm32f3xx_hal_uart.o [1]
UART_Receive_IT          0x800'07f5   0x6e  Code  Gb  stm32f3xx_hal_uart.o [1]
UART_SetConfig           0x800'03f9  0x1ac  Code  Gb  stm32f3xx_hal_uart.o [1]
UART_Transmit_IT         0x800'0779   0x62  Code  Gb  stm32f3xx_hal_uart.o [1]
UART_WaitOnFlagUntilTimeout
                         0x800'06e9   0x58  Code  Gb  stm32f3xx_hal_uart.o [1]
USART3_IRQHandler        0x800'1e1d    0x6  Code  Gb  stm32f3xx_it.o [1]
UartReady               0x2000'0000    0x1  Data  Gb  main.o [1]
UsageFault_Handler       0x800'1e11    0x2  Code  Gb  stm32f3xx_it.o [1]
__aeabi_memclr4          0x800'0f81         Code  Gb  ABImemclr4.o [4]
__cmain                  0x800'1e39         Code  Gb  cmain.o [4]
__exit                   0x800'1e6d   0x14  Code  Gb  exit.o [5]
__iar_Memset4_word       0x800'1751         Code  Gb  ABImemset48.o [4]
__iar_Memset8_word       0x800'1751         Code  Gb  ABImemset48.o [4]
__iar_copy_init3         0x800'1d41   0x2c  Code  Gb  copy_init3.o [4]
__iar_data_init3         0x800'1d99   0x28  Code  Gb  data_init.o [4]
__iar_init_vfp           0x800'1dc1         Code  Gb  fpinit_M.o [3]
__iar_program_start      0x800'1e91         Code  Gb  cstartup_M.o [4]
__iar_small_Memcpy       0x800'1585         Code  Gb  ABImemcpy_small.o [4]
__iar_small_memcpy       0x800'1581         Code  Gb  ABImemcpy_small.o [4]
__iar_small_memcpy4      0x800'1581         Code  Gb  ABImemcpy_small.o [4]
__iar_small_memcpy8      0x800'1581         Code  Gb  ABImemcpy_small.o [4]
__iar_zero_init3         0x800'0863   0x3a  Code  Gb  zero_init3.o [4]
__low_level_init         0x800'1e57    0x4  Code  Gb  low_level_init.o [2]
__vector_table           0x800'0000         Data  Gb  startup_stm32f303xc.o [1]
_call_main               0x800'1e45         Code  Gb  cmain.o [4]
_exit                    0x800'1e61         Code  Gb  cexit.o [4]
_main                    0x800'1e53         Code  Gb  cmain.o [4]
aPLLMULFactorTable       0x800'0e30   0x10  Data  Gb  stm32f3xx_hal_rcc.o [1]
aPredivFactorTable       0x800'0e40   0x10  Data  Gb  stm32f3xx_hal_rcc.o [1]
exit                     0x800'1e5b    0x4  Code  Gb  exit.o [2]
hi2c1                   0x2000'0100   0x4c  Data  Gb  i2c.o [1]
hrtc                    0x2000'014c   0x20  Data  Gb  rtc.o [1]
hspi1                   0x2000'009c   0x64  Data  Gb  spi.o [1]
huart3                  0x2000'002c   0x70  Data  Gb  usart.o [1]
main                     0x800'0e6b   0x50  Code  Gb  main.o [1]
uwTick                  0x2000'0020    0x4  Data  Gb  stm32f3xx_hal.o [1]
uwTickFreq              0x2000'001c    0x1  Data  Gb  stm32f3xx_hal.o [1]
uwTickPrio              0x2000'0024    0x4  Data  Gb  stm32f3xx_hal.o [1]


[1] = C:\Users\fy\Documents\GitHub\Inbyggade-System-VT19\UART_jy\UART_jy\EWARM\UART_jy\Obj
[2] = dl7M_tlf.a
[3] = m7M_tls.a
[4] = rt7M_tl.a
[5] = shb_l.a

  7 914 bytes of readonly  code memory
    190 bytes of readonly  data memory
  1 388 bytes of readwrite data memory

Errors: none
Warnings: none
