###############################################################################
#
# IAR ELF Linker V8.32.2.178/W32 for ARM                  07/Mar/2019  19:17:17
# Copyright 2007-2018 IAR Systems AB.
#
#    Output file  =  
#        C:\Users\fy\Documents\GitHub\Inbyggade-System-VT19\LABB_TEST\Labb_test\EWARM\Labb_test\Exe\Labb_test.out
#    Map file     =  
#        C:\Users\fy\Documents\GitHub\Inbyggade-System-VT19\LABB_TEST\Labb_test\EWARM\Labb_test\List\Labb_test.map
#    Command line =  
#        -f C:\Users\fy\AppData\Local\Temp\EWFA1C.tmp
#        (C:\Users\fy\Documents\GitHub\Inbyggade-System-VT19\LABB_TEST\Labb_test\EWARM\Labb_test\Obj\main.o
#        C:\Users\fy\Documents\GitHub\Inbyggade-System-VT19\LABB_TEST\Labb_test\EWARM\Labb_test\Obj\startup_stm32f303xc.o
#        C:\Users\fy\Documents\GitHub\Inbyggade-System-VT19\LABB_TEST\Labb_test\EWARM\Labb_test\Obj\stm32f3xx_hal.o
#        C:\Users\fy\Documents\GitHub\Inbyggade-System-VT19\LABB_TEST\Labb_test\EWARM\Labb_test\Obj\stm32f3xx_hal_adc.o
#        C:\Users\fy\Documents\GitHub\Inbyggade-System-VT19\LABB_TEST\Labb_test\EWARM\Labb_test\Obj\stm32f3xx_hal_adc_ex.o
#        C:\Users\fy\Documents\GitHub\Inbyggade-System-VT19\LABB_TEST\Labb_test\EWARM\Labb_test\Obj\stm32f3xx_hal_cortex.o
#        C:\Users\fy\Documents\GitHub\Inbyggade-System-VT19\LABB_TEST\Labb_test\EWARM\Labb_test\Obj\stm32f3xx_hal_dac.o
#        C:\Users\fy\Documents\GitHub\Inbyggade-System-VT19\LABB_TEST\Labb_test\EWARM\Labb_test\Obj\stm32f3xx_hal_dac_ex.o
#        C:\Users\fy\Documents\GitHub\Inbyggade-System-VT19\LABB_TEST\Labb_test\EWARM\Labb_test\Obj\stm32f3xx_hal_dma.o
#        C:\Users\fy\Documents\GitHub\Inbyggade-System-VT19\LABB_TEST\Labb_test\EWARM\Labb_test\Obj\stm32f3xx_hal_flash.o
#        C:\Users\fy\Documents\GitHub\Inbyggade-System-VT19\LABB_TEST\Labb_test\EWARM\Labb_test\Obj\stm32f3xx_hal_flash_ex.o
#        C:\Users\fy\Documents\GitHub\Inbyggade-System-VT19\LABB_TEST\Labb_test\EWARM\Labb_test\Obj\stm32f3xx_hal_gpio.o
#        C:\Users\fy\Documents\GitHub\Inbyggade-System-VT19\LABB_TEST\Labb_test\EWARM\Labb_test\Obj\stm32f3xx_hal_i2c.o
#        C:\Users\fy\Documents\GitHub\Inbyggade-System-VT19\LABB_TEST\Labb_test\EWARM\Labb_test\Obj\stm32f3xx_hal_i2c_ex.o
#        C:\Users\fy\Documents\GitHub\Inbyggade-System-VT19\LABB_TEST\Labb_test\EWARM\Labb_test\Obj\stm32f3xx_hal_msp.o
#        C:\Users\fy\Documents\GitHub\Inbyggade-System-VT19\LABB_TEST\Labb_test\EWARM\Labb_test\Obj\stm32f3xx_hal_pwr.o
#        C:\Users\fy\Documents\GitHub\Inbyggade-System-VT19\LABB_TEST\Labb_test\EWARM\Labb_test\Obj\stm32f3xx_hal_pwr_ex.o
#        C:\Users\fy\Documents\GitHub\Inbyggade-System-VT19\LABB_TEST\Labb_test\EWARM\Labb_test\Obj\stm32f3xx_hal_rcc.o
#        C:\Users\fy\Documents\GitHub\Inbyggade-System-VT19\LABB_TEST\Labb_test\EWARM\Labb_test\Obj\stm32f3xx_hal_rcc_ex.o
#        C:\Users\fy\Documents\GitHub\Inbyggade-System-VT19\LABB_TEST\Labb_test\EWARM\Labb_test\Obj\stm32f3xx_hal_rtc.o
#        C:\Users\fy\Documents\GitHub\Inbyggade-System-VT19\LABB_TEST\Labb_test\EWARM\Labb_test\Obj\stm32f3xx_hal_rtc_ex.o
#        C:\Users\fy\Documents\GitHub\Inbyggade-System-VT19\LABB_TEST\Labb_test\EWARM\Labb_test\Obj\stm32f3xx_hal_spi.o
#        C:\Users\fy\Documents\GitHub\Inbyggade-System-VT19\LABB_TEST\Labb_test\EWARM\Labb_test\Obj\stm32f3xx_hal_spi_ex.o
#        C:\Users\fy\Documents\GitHub\Inbyggade-System-VT19\LABB_TEST\Labb_test\EWARM\Labb_test\Obj\stm32f3xx_hal_tim.o
#        C:\Users\fy\Documents\GitHub\Inbyggade-System-VT19\LABB_TEST\Labb_test\EWARM\Labb_test\Obj\stm32f3xx_hal_tim_ex.o
#        C:\Users\fy\Documents\GitHub\Inbyggade-System-VT19\LABB_TEST\Labb_test\EWARM\Labb_test\Obj\stm32f3xx_hal_uart.o
#        C:\Users\fy\Documents\GitHub\Inbyggade-System-VT19\LABB_TEST\Labb_test\EWARM\Labb_test\Obj\stm32f3xx_hal_uart_ex.o
#        C:\Users\fy\Documents\GitHub\Inbyggade-System-VT19\LABB_TEST\Labb_test\EWARM\Labb_test\Obj\stm32f3xx_it.o
#        C:\Users\fy\Documents\GitHub\Inbyggade-System-VT19\LABB_TEST\Labb_test\EWARM\Labb_test\Obj\system_stm32f3xx.o
#        --redirect _Printf=_PrintfFull --redirect _Scanf=_ScanfFull
#        --no_out_extension -o
#        C:\Users\fy\Documents\GitHub\Inbyggade-System-VT19\LABB_TEST\Labb_test\EWARM\Labb_test\Exe\Labb_test.out
#        --map
#        C:\Users\fy\Documents\GitHub\Inbyggade-System-VT19\LABB_TEST\Labb_test\EWARM\Labb_test\List\Labb_test.map
#        --config
#        C:\Users\fy\Documents\GitHub\Inbyggade-System-VT19\LABB_TEST\Labb_test\EWARM/stm32f303xc_flash.icf
#        --semihosting --entry __iar_program_start --vfe --text_out locale)
#
###############################################################################

*******************************************************************************
*** RUNTIME MODEL ATTRIBUTES
***

CppFlavor       = *
__SystemLibrary = DLib
__dlib_version  = 6


*******************************************************************************
*** HEAP SELECTION
***

The basic heap was selected because some modules are built with
size limitations (and not runtime checking), and --advanced_heap
was not specified.


*******************************************************************************
*** PLACEMENT SUMMARY
***

"A0":  place at 0x800'0000 { ro section .intvec };
"P1":  place in [from 0x800'0000 to 0x803'ffff] { ro };
define block CSTACK with size = 1K, alignment = 8 { };
define block HEAP with size = 512, alignment = 8 { };
"P2":  place in [from 0x2000'0000 to 0x2000'9fff] {
          rw, block CSTACK, block HEAP };
initialize by copy { rw };

  Section            Kind         Address    Size  Object
  -------            ----         -------    ----  ------
"A0":                                       0x188
  .intvec            ro code   0x800'0000   0x188  startup_stm32f303xc.o [1]
                             - 0x800'0188   0x188

"P1":                                      0x2e7c
  .text              ro code   0x800'0188   0x6f8  stm32f3xx_hal_adc_ex.o [1]
  .text              ro code   0x800'0880   0x3a0  stm32f3xx_hal_msp.o [1]
  .text              ro code   0x800'0c20     0xc  stm32f3xx_hal.o [1]
  .text              ro code   0x800'0c2c    0xca  stm32f3xx_hal_cortex.o [1]
  .text              ro code   0x800'0cf6    0x3a  zero_init3.o [4]
  .text              ro code   0x800'0d30   0x1c4  stm32f3xx_hal_gpio.o [1]
  .text              ro code   0x800'0ef4   0x65e  main.o [1]
  .text              ro code   0x800'1554    0x24  stm32f3xx_hal.o [1]
  .text              ro code   0x800'1578   0x3d4  stm32f3xx_hal_uart.o [1]
  .text              ro code   0x800'194c   0x3be  stm32f3xx_hal_spi.o [1]
  .text              ro code   0x800'1d0a    0x28  stm32f3xx_hal_dac.o [1]
  .text              ro code   0x800'1d34    0x4e  stm32f3xx_hal_dac_ex.o [1]
  .text              ro code   0x800'1d84   0x120  stm32f3xx_hal_rtc.o [1]
  .text              ro code   0x800'1ea4    0x4e  stm32f3xx_hal_rtc_ex.o [1]
  .text              ro code   0x800'1ef4   0x4bc  stm32f3xx_hal_rcc.o [1]
  .text              ro code   0x800'23b0   0x1b8  stm32f3xx_hal_rcc_ex.o [1]
  .text              ro code   0x800'2568    0xb0  stm32f3xx_hal_i2c.o [1]
  .text              ro code   0x800'2618    0x7e  stm32f3xx_hal_i2c_ex.o [1]
  .text              ro code   0x800'2698   0x454  stm32f3xx_hal_tim.o [1]
  .text              ro code   0x800'2aec   0x20c  stm32f3xx_hal_tim_ex.o [1]
  .text              ro code   0x800'2cf8    0x40  stm32f3xx_hal.o [1]
  .text              ro code   0x800'2d38    0x7c  system_stm32f3xx.o [1]
  .text              ro code   0x800'2db4    0x2c  copy_init3.o [4]
  .text              ro code   0x800'2de0    0x28  data_init.o [4]
  .text              ro code   0x800'2e08    0x22  fpinit_M.o [3]
  .iar.init_table    const     0x800'2e2c    0x24  - Linker created -
  .text              ro code   0x800'2e50    0x1e  stm32f3xx_it.o [1]
  .text              ro code   0x800'2e70    0x10  stm32f3xx_hal.o [1]
  .text              ro code   0x800'2e80    0x1e  cmain.o [4]
  .text              ro code   0x800'2e9e     0x4  low_level_init.o [2]
  .text              ro code   0x800'2ea2     0x4  exit.o [2]
  .text              ro code   0x800'2ea8     0xa  cexit.o [4]
  .text              ro code   0x800'2eb4    0x14  exit.o [5]
  .text              ro code   0x800'2ec8    0x10  startup_stm32f303xc.o [1]
  Initializer bytes  const     0x800'2ed8    0x10  <for P2-1>
  .text              ro code   0x800'2ee8     0xc  cstartup_M.o [4]
  .rodata            const     0x800'2ef4     0x8  system_stm32f3xx.o [1]
  .text              ro code   0x800'2efc     0x4  startup_stm32f303xc.o [1]
  .text              ro code   0x800'2f00     0x4  startup_stm32f303xc.o [1]
  .text              ro code   0x800'2f04     0x4  startup_stm32f303xc.o [1]
  .text              ro code   0x800'2f08     0x4  startup_stm32f303xc.o [1]
  .text              ro code   0x800'2f0c     0x4  startup_stm32f303xc.o [1]
  .text              ro code   0x800'2f10     0x4  startup_stm32f303xc.o [1]
  .text              ro code   0x800'2f14     0x4  startup_stm32f303xc.o [1]
  .text              ro code   0x800'2f18     0x4  startup_stm32f303xc.o [1]
  .text              ro code   0x800'2f1c     0x4  startup_stm32f303xc.o [1]
  .text              ro code   0x800'2f20     0x4  startup_stm32f303xc.o [1]
  .text              ro code   0x800'2f24     0x4  startup_stm32f303xc.o [1]
  .text              ro code   0x800'2f28     0x4  startup_stm32f303xc.o [1]
  .text              ro code   0x800'2f2c     0x4  startup_stm32f303xc.o [1]
  .text              ro code   0x800'2f30     0x4  startup_stm32f303xc.o [1]
  .text              ro code   0x800'2f34     0x4  startup_stm32f303xc.o [1]
  .text              ro code   0x800'2f38     0x4  startup_stm32f303xc.o [1]
  .text              ro code   0x800'2f3c     0x4  startup_stm32f303xc.o [1]
  .text              ro code   0x800'2f40     0x4  startup_stm32f303xc.o [1]
  .text              ro code   0x800'2f44     0x4  startup_stm32f303xc.o [1]
  .text              ro code   0x800'2f48     0x4  startup_stm32f303xc.o [1]
  .text              ro code   0x800'2f4c     0x4  startup_stm32f303xc.o [1]
  .text              ro code   0x800'2f50     0x4  startup_stm32f303xc.o [1]
  .text              ro code   0x800'2f54     0x4  startup_stm32f303xc.o [1]
  .text              ro code   0x800'2f58     0x4  startup_stm32f303xc.o [1]
  .text              ro code   0x800'2f5c     0x4  startup_stm32f303xc.o [1]
  .text              ro code   0x800'2f60     0x4  startup_stm32f303xc.o [1]
  .text              ro code   0x800'2f64     0x4  startup_stm32f303xc.o [1]
  .text              ro code   0x800'2f68     0x4  startup_stm32f303xc.o [1]
  .text              ro code   0x800'2f6c     0x4  startup_stm32f303xc.o [1]
  .text              ro code   0x800'2f70     0x4  startup_stm32f303xc.o [1]
  .text              ro code   0x800'2f74     0x4  startup_stm32f303xc.o [1]
  .text              ro code   0x800'2f78     0x4  startup_stm32f303xc.o [1]
  .text              ro code   0x800'2f7c     0x4  startup_stm32f303xc.o [1]
  .text              ro code   0x800'2f80     0x4  startup_stm32f303xc.o [1]
  .text              ro code   0x800'2f84     0x4  startup_stm32f303xc.o [1]
  .text              ro code   0x800'2f88     0x4  startup_stm32f303xc.o [1]
  .text              ro code   0x800'2f8c     0x4  startup_stm32f303xc.o [1]
  .text              ro code   0x800'2f90     0x4  startup_stm32f303xc.o [1]
  .text              ro code   0x800'2f94     0x4  startup_stm32f303xc.o [1]
  .text              ro code   0x800'2f98     0x4  startup_stm32f303xc.o [1]
  .text              ro code   0x800'2f9c     0x4  startup_stm32f303xc.o [1]
  .text              ro code   0x800'2fa0     0x4  startup_stm32f303xc.o [1]
  .text              ro code   0x800'2fa4     0x4  startup_stm32f303xc.o [1]
  .text              ro code   0x800'2fa8     0x4  startup_stm32f303xc.o [1]
  .text              ro code   0x800'2fac     0x4  startup_stm32f303xc.o [1]
  .text              ro code   0x800'2fb0     0x4  startup_stm32f303xc.o [1]
  .text              ro code   0x800'2fb4     0x4  startup_stm32f303xc.o [1]
  .text              ro code   0x800'2fb8     0x4  startup_stm32f303xc.o [1]
  .text              ro code   0x800'2fbc     0x4  startup_stm32f303xc.o [1]
  .text              ro code   0x800'2fc0     0x4  startup_stm32f303xc.o [1]
  .text              ro code   0x800'2fc4     0x4  startup_stm32f303xc.o [1]
  .text              ro code   0x800'2fc8     0x4  startup_stm32f303xc.o [1]
  .text              ro code   0x800'2fcc     0x4  startup_stm32f303xc.o [1]
  .text              ro code   0x800'2fd0     0x4  startup_stm32f303xc.o [1]
  .text              ro code   0x800'2fd4     0x4  startup_stm32f303xc.o [1]
  .text              ro code   0x800'2fd8     0x4  startup_stm32f303xc.o [1]
  .text              ro code   0x800'2fdc     0x4  startup_stm32f303xc.o [1]
  .text              ro code   0x800'2fe0     0x4  startup_stm32f303xc.o [1]
  .text              ro code   0x800'2fe4     0x4  startup_stm32f303xc.o [1]
  .text              ro code   0x800'2fe8     0x4  startup_stm32f303xc.o [1]
  .text              ro code   0x800'2fec     0x4  startup_stm32f303xc.o [1]
  .text              ro code   0x800'2ff0     0x4  startup_stm32f303xc.o [1]
  .text              ro code   0x800'2ff4     0x4  startup_stm32f303xc.o [1]
  .text              ro code   0x800'2ff8     0x4  startup_stm32f303xc.o [1]
  .text              ro code   0x800'2ffc     0x4  startup_stm32f303xc.o [1]
  .text              ro code   0x800'3000     0x4  startup_stm32f303xc.o [1]
  .rodata            const     0x800'3004     0x0  zero_init3.o [4]
  .rodata            const     0x800'3004     0x0  copy_init3.o [4]
                             - 0x800'3004  0x2e7c

"P2", part 1 of 3:                           0x10
  P2-1                        0x2000'0000    0x10  <Init block>
    .data            inited   0x2000'0000     0xc  stm32f3xx_hal.o [1]
    .data            inited   0x2000'000c     0x4  system_stm32f3xx.o [1]
                            - 0x2000'0010    0x10

"P2", part 2 of 3:                          0x3a0
  .bss               zero     0x2000'0010   0x184  main.o [1]
  .bss               zero     0x2000'0194    0x64  main.o [1]
  .bss               zero     0x2000'01f8    0x54  main.o [1]
  .bss               zero     0x2000'024c    0x54  main.o [1]
  .bss               zero     0x2000'02a0    0x4c  main.o [1]
  .bss               zero     0x2000'02ec    0x40  main.o [1]
  .bss               zero     0x2000'032c    0x40  main.o [1]
  .bss               zero     0x2000'036c    0x40  main.o [1]
  .bss               zero     0x2000'03ac     0x4  main.o [1]
                            - 0x2000'03b0   0x3a0

"P2", part 3 of 3:                          0x400
  CSTACK                      0x2000'03b0   0x400  <Block>
    CSTACK           uninit   0x2000'03b0   0x400  <Block tail>
                            - 0x2000'07b0   0x400

Unused ranges:

         From           To      Size
         ----           --      ----
   0x800'3004   0x803'ffff  0x3'cffc
  0x2000'07b0  0x2000'9fff    0x9850


*******************************************************************************
*** INIT TABLE
***

          Address      Size
          -------      ----
Zero (__iar_zero_init3)
    1 destination range, total size 0x3a0:
          0x2000'0010  0x3a0

Copy (__iar_copy_init3)
    1 source range, total size 0x10:
           0x800'2ed8   0x10
    1 destination range, total size 0x10:
          0x2000'0000   0x10



*******************************************************************************
*** MODULE SUMMARY
***

    Module                  ro code  ro data  rw data
    ------                  -------  -------  -------
command line/config:
    -------------------------------------------------
    Total:

C:\Users\fy\Documents\GitHub\Inbyggade-System-VT19\LABB_TEST\Labb_test\EWARM\Labb_test\Obj: [1]
    main.o                    1 630               928
    startup_stm32f303xc.o       672
    stm32f3xx_hal.o             128       12       12
    stm32f3xx_hal_adc_ex.o    1 784
    stm32f3xx_hal_cortex.o      202
    stm32f3xx_hal_dac.o          40
    stm32f3xx_hal_dac_ex.o       78
    stm32f3xx_hal_gpio.o        452
    stm32f3xx_hal_i2c.o         176
    stm32f3xx_hal_i2c_ex.o      126
    stm32f3xx_hal_msp.o         928
    stm32f3xx_hal_rcc.o       1 212
    stm32f3xx_hal_rcc_ex.o      440
    stm32f3xx_hal_rtc.o         288
    stm32f3xx_hal_rtc_ex.o       78
    stm32f3xx_hal_spi.o         958
    stm32f3xx_hal_tim.o       1 108
    stm32f3xx_hal_tim_ex.o      524
    stm32f3xx_hal_uart.o        980
    stm32f3xx_it.o               30
    system_stm32f3xx.o          124       12        4
    -------------------------------------------------
    Total:                   11 958       24      944

dl7M_tlf.a: [2]
    exit.o                        4
    low_level_init.o              4
    -------------------------------------------------
    Total:                        8

m7M_tls.a: [3]
    fpinit_M.o                   34
    -------------------------------------------------
    Total:                       34

rt7M_tl.a: [4]
    cexit.o                      10
    cmain.o                      30
    copy_init3.o                 44
    cstartup_M.o                 12
    data_init.o                  40
    zero_init3.o                 58
    -------------------------------------------------
    Total:                      194

shb_l.a: [5]
    exit.o                       20
    -------------------------------------------------
    Total:                       20

    Gaps                         16        2
    Linker created                        36    1 024
-----------------------------------------------------
    Grand Total:             12 230       62    1 968


*******************************************************************************
*** ENTRY LIST
***

Entry                       Address   Size  Type      Object
-----                       -------   ----  ----      ------
.iar.init_table$$Base    0x800'2e2c          --   Gb  - Linker created -
.iar.init_table$$Limit   0x800'2e50          --   Gb  - Linker created -
?main                    0x800'2e81         Code  Gb  cmain.o [4]
ADC_Disable              0x800'07f7   0x4a  Code  Lc  stm32f3xx_hal_adc_ex.o [1]
AHBPrescTable            0x800'2da4   0x10  Data  Gb  system_stm32f3xx.o [1]
APBPrescTable            0x800'2ef4    0x8  Data  Gb  system_stm32f3xx.o [1]
BusFault_Handler         0x800'2e57    0x2  Code  Gb  stm32f3xx_it.o [1]
CSTACK$$Base            0x2000'03b0          --   Gb  - Linker created -
CSTACK$$Limit           0x2000'07b0          --   Gb  - Linker created -
DebugMon_Handler         0x800'2e5d    0x2  Code  Gb  stm32f3xx_it.o [1]
HAL_ADCEx_MultiModeConfigChannel
                         0x800'0709   0xe4  Code  Gb  stm32f3xx_hal_adc_ex.o [1]
HAL_ADC_ConfigChannel    0x800'03e1  0x2ea  Code  Gb  stm32f3xx_hal_adc_ex.o [1]
HAL_ADC_Init             0x800'0189  0x218  Code  Gb  stm32f3xx_hal_adc_ex.o [1]
HAL_ADC_MspInit          0x800'0909   0x60  Code  Gb  stm32f3xx_hal_msp.o [1]
HAL_DAC_ConfigChannel    0x800'1d35   0x42  Code  Gb  stm32f3xx_hal_dac_ex.o [1]
HAL_DAC_Init             0x800'1d0b   0x28  Code  Gb  stm32f3xx_hal_dac.o [1]
HAL_DAC_MspInit          0x800'0969   0x30  Code  Gb  stm32f3xx_hal_msp.o [1]
HAL_GPIO_Init            0x800'0d31  0x194  Code  Gb  stm32f3xx_hal_gpio.o [1]
HAL_GPIO_WritePin        0x800'0ecf    0xa  Code  Gb  stm32f3xx_hal_gpio.o [1]
HAL_GetTick              0x800'0c21    0xc  Code  Wk  stm32f3xx_hal.o [1]
HAL_I2CEx_ConfigAnalogFilter
                         0x800'2619   0x2a  Code  Gb  stm32f3xx_hal_i2c_ex.o [1]
HAL_I2CEx_ConfigDigitalFilter
                         0x800'2643   0x26  Code  Gb  stm32f3xx_hal_i2c_ex.o [1]
HAL_I2C_Init             0x800'2569   0xa0  Code  Gb  stm32f3xx_hal_i2c.o [1]
HAL_I2C_MspInit          0x800'09a9   0x44  Code  Gb  stm32f3xx_hal_msp.o [1]
HAL_IncTick              0x800'2e71   0x10  Code  Wk  stm32f3xx_hal.o [1]
HAL_Init                 0x800'1555   0x20  Code  Gb  stm32f3xx_hal.o [1]
HAL_InitTick             0x800'2cf9   0x40  Code  Wk  stm32f3xx_hal.o [1]
HAL_MspInit              0x800'0881   0x88  Code  Gb  stm32f3xx_hal_msp.o [1]
HAL_NVIC_SetPriority     0x800'0c61   0x3a  Code  Gb  stm32f3xx_hal_cortex.o [1]
HAL_NVIC_SetPriorityGrouping
                         0x800'0c47   0x1a  Code  Gb  stm32f3xx_hal_cortex.o [1]
HAL_RCCEx_PeriphCLKConfig
                         0x800'23b1  0x1aa  Code  Gb  stm32f3xx_hal_rcc_ex.o [1]
HAL_RCC_ClockConfig      0x800'21ff   0xde  Code  Gb  stm32f3xx_hal_rcc.o [1]
HAL_RCC_GetHCLKFreq      0x800'2339    0x6  Code  Gb  stm32f3xx_hal_rcc.o [1]
HAL_RCC_GetPCLK1Freq     0x800'233f   0x10  Code  Gb  stm32f3xx_hal_rcc.o [1]
HAL_RCC_GetPCLK2Freq     0x800'234f    0xe  Code  Gb  stm32f3xx_hal_rcc.o [1]
HAL_RCC_GetSysClockFreq
                         0x800'22fd   0x3c  Code  Gb  stm32f3xx_hal_rcc.o [1]
HAL_RCC_OscConfig        0x800'1ef5  0x2e4  Code  Gb  stm32f3xx_hal_rcc.o [1]
HAL_RTCEx_SetCalibrationOutPut
                         0x800'1ea5   0x4e  Code  Gb  stm32f3xx_hal_rtc_ex.o [1]
HAL_RTC_Init             0x800'1d85   0x8e  Code  Gb  stm32f3xx_hal_rtc.o [1]
HAL_RTC_MspInit          0x800'09ed   0x10  Code  Gb  stm32f3xx_hal_msp.o [1]
HAL_RTC_WaitForSynchro   0x800'1e3d   0x32  Code  Gb  stm32f3xx_hal_rtc.o [1]
HAL_SPI_Init             0x800'194d   0xaa  Code  Gb  stm32f3xx_hal_spi.o [1]
HAL_SPI_MspInit          0x800'09fd   0x54  Code  Gb  stm32f3xx_hal_msp.o [1]
HAL_SPI_Transmit         0x800'19f7  0x176  Code  Gb  stm32f3xx_hal_spi.o [1]
HAL_SYSTICK_CLKSourceConfig
                         0x800'0cc3   0x1a  Code  Gb  stm32f3xx_hal_cortex.o [1]
HAL_SYSTICK_Config       0x800'0c9b   0x28  Code  Gb  stm32f3xx_hal_cortex.o [1]
HAL_SYSTICK_IRQHandler   0x800'0cf1    0x4  Code  Gb  stm32f3xx_hal_cortex.o [1]
HAL_TIMEx_ConfigBreakDeadTime
                         0x800'2ba7   0x8a  Code  Gb  stm32f3xx_hal_tim_ex.o [1]
HAL_TIMEx_MasterConfigSynchronization
                         0x800'2b5b   0x4c  Code  Gb  stm32f3xx_hal_tim_ex.o [1]
HAL_TIM_IC_ConfigChannel
                         0x800'26ef  0x10a  Code  Gb  stm32f3xx_hal_tim.o [1]
HAL_TIM_IC_Init          0x800'26c5   0x1a  Code  Gb  stm32f3xx_hal_tim.o [1]
HAL_TIM_IC_MspInit       0x800'0a89   0x60  Code  Gb  stm32f3xx_hal_msp.o [1]
HAL_TIM_MspPostInit      0x800'0af5   0x30  Code  Gb  stm32f3xx_hal_msp.o [1]
HAL_TIM_OC_ConfigChannel
                         0x800'2aed   0x62  Code  Gb  stm32f3xx_hal_tim_ex.o [1]
HAL_TIM_OC_Init          0x800'2699   0x18  Code  Gb  stm32f3xx_hal_tim.o [1]
HAL_TIM_OC_MspInit       0x800'0a67   0x22  Code  Gb  stm32f3xx_hal_msp.o [1]
HAL_UART_Init            0x800'1579   0x30  Code  Gb  stm32f3xx_hal_uart.o [1]
HAL_UART_MspInit         0x800'0b25   0x9c  Code  Gb  stm32f3xx_hal_msp.o [1]
HardFault_Handler        0x800'2e53    0x2  Code  Gb  stm32f3xx_it.o [1]
MX_ADC1_Init             0x800'1199   0x2e  Code  Lc  main.o [1]
MX_ADC3_Init             0x800'11c7   0x28  Code  Lc  main.o [1]
MX_GPIO_Init             0x800'13bd  0x10e  Code  Lc  main.o [1]
MX_I2C1_Init             0x800'1239   0x3e  Code  Lc  main.o [1]
MX_TIM1_Init             0x800'127f   0x9e  Code  Lc  main.o [1]
MX_TIM2_Init             0x800'131d   0x1e  Code  Lc  main.o [1]
MX_TIM4_Init             0x800'133b   0x30  Code  Lc  main.o [1]
MemManage_Handler        0x800'2e55    0x2  Code  Gb  stm32f3xx_it.o [1]
NMI_Handler              0x800'2e51    0x2  Code  Gb  stm32f3xx_it.o [1]
NVIC_SetPriority         0x800'0c2d   0x1a  Code  Lc  stm32f3xx_hal_cortex.o [1]
PendSV_Handler           0x800'2e5f    0x2  Code  Gb  stm32f3xx_it.o [1]
RTC_EnterInitMode        0x800'1e6f   0x36  Code  Gb  stm32f3xx_hal_rtc.o [1]
Region$$Table$$Base      0x800'2e2c          --   Gb  - Linker created -
Region$$Table$$Limit     0x800'2e50          --   Gb  - Linker created -
SPI_EndRxTxTransaction   0x800'1cc7   0x2a  Code  Lc  stm32f3xx_hal_spi.o [1]
SPI_WaitFifoStateUntilTimeout
                         0x800'1c0b   0x96  Code  Lc  stm32f3xx_hal_spi.o [1]
SPI_WaitFlagStateUntilTimeout
                         0x800'1b83   0x88  Code  Lc  stm32f3xx_hal_spi.o [1]
SVC_Handler              0x800'2e5b    0x2  Code  Gb  stm32f3xx_it.o [1]
SysTick_Handler          0x800'2e61    0xe  Code  Gb  stm32f3xx_it.o [1]
SystemClock_Config       0x800'1053   0xa6  Code  Gb  main.o [1]
SystemCoreClock         0x2000'000c    0x4  Data  Gb  system_stm32f3xx.o [1]
SystemInit               0x800'2d39   0x54  Code  Gb  system_stm32f3xx.o [1]
TIM_Base_SetConfig       0x800'27f9   0x96  Code  Gb  stm32f3xx_hal_tim.o [1]
TIM_OC1_SetConfig        0x800'2891   0x7e  Code  Gb  stm32f3xx_hal_tim.o [1]
TIM_OC2_SetConfig        0x800'2911   0x72  Code  Gb  stm32f3xx_hal_tim.o [1]
TIM_OC3_SetConfig        0x800'2983   0x70  Code  Gb  stm32f3xx_hal_tim.o [1]
TIM_OC4_SetConfig        0x800'29f3   0x56  Code  Gb  stm32f3xx_hal_tim.o [1]
TIM_OC5_SetConfig        0x800'2c31   0x54  Code  Lc  stm32f3xx_hal_tim_ex.o [1]
TIM_OC6_SetConfig        0x800'2c85   0x56  Code  Lc  stm32f3xx_hal_tim_ex.o [1]
TIM_TI1_SetConfig        0x800'2a49   0x52  Code  Gb  stm32f3xx_hal_tim.o [1]
TIM_TI2_SetConfig        0x800'2ac1   0x2c  Code  Lc  stm32f3xx_hal_tim.o [1]
UART_AdvFeatureConfig    0x800'17c9   0xc6  Code  Gb  stm32f3xx_hal_uart.o [1]
UART_CheckIdleState      0x800'188f   0x5a  Code  Gb  stm32f3xx_hal_uart.o [1]
UART_SetConfig           0x800'15f9  0x1ac  Code  Gb  stm32f3xx_hal_uart.o [1]
UART_WaitOnFlagUntilTimeout
                         0x800'18e9   0x58  Code  Gb  stm32f3xx_hal_uart.o [1]
UsageFault_Handler       0x800'2e59    0x2  Code  Gb  stm32f3xx_it.o [1]
__cmain                  0x800'2e81         Code  Gb  cmain.o [4]
__exit                   0x800'2eb5   0x14  Code  Gb  exit.o [5]
__iar_copy_init3         0x800'2db5   0x2c  Code  Gb  copy_init3.o [4]
__iar_data_init3         0x800'2de1   0x28  Code  Gb  data_init.o [4]
__iar_init_vfp           0x800'2e09         Code  Gb  fpinit_M.o [3]
__iar_program_start      0x800'2ee9         Code  Gb  cstartup_M.o [4]
__iar_zero_init3         0x800'0cf7   0x3a  Code  Gb  zero_init3.o [4]
__low_level_init         0x800'2e9f    0x4  Code  Gb  low_level_init.o [2]
__vector_table           0x800'0000         Data  Gb  startup_stm32f303xc.o [1]
_call_main               0x800'2e8d         Code  Gb  cmain.o [4]
_exit                    0x800'2ea9         Code  Gb  cexit.o [4]
_main                    0x800'2e9b         Code  Gb  cmain.o [4]
aPLLMULFactorTable       0x800'2390   0x10  Data  Gb  stm32f3xx_hal_rcc.o [1]
aPredivFactorTable       0x800'23a0   0x10  Data  Gb  stm32f3xx_hal_rcc.o [1]
data                    0x2000'03ac    0x4  Data  Gb  main.o [1]
exit                     0x800'2ea3    0x4  Code  Gb  exit.o [2]
hadc1                   0x2000'01f8   0x54  Data  Gb  main.o [1]
hadc3                   0x2000'024c   0x54  Data  Gb  main.o [1]
hdac                    0x2000'0180   0x14  Data  Gb  main.o [1]
hi2c1                   0x2000'02a0   0x4c  Data  Gb  main.o [1]
hrtc                    0x2000'0160   0x20  Data  Gb  main.o [1]
hspi2                   0x2000'0194   0x64  Data  Gb  main.o [1]
htim1                   0x2000'02ec   0x40  Data  Gb  main.o [1]
htim2                   0x2000'032c   0x40  Data  Gb  main.o [1]
htim4                   0x2000'036c   0x40  Data  Gb  main.o [1]
huart2                  0x2000'0080   0x70  Data  Gb  main.o [1]
huart3                  0x2000'00f0   0x70  Data  Gb  main.o [1]
huart5                  0x2000'0010   0x70  Data  Gb  main.o [1]
initDisplay              0x800'10f9   0x64  Code  Gb  main.o [1]
main                     0x800'0ef5  0x15e  Code  Gb  main.o [1]
sendDisplay              0x800'115d   0x2e  Code  Gb  main.o [1]
uwTick                  0x2000'0004    0x4  Data  Gb  stm32f3xx_hal.o [1]
uwTickFreq              0x2000'0000    0x1  Data  Gb  stm32f3xx_hal.o [1]
uwTickPrio              0x2000'0008    0x4  Data  Gb  stm32f3xx_hal.o [1]


[1] = C:\Users\fy\Documents\GitHub\Inbyggade-System-VT19\LABB_TEST\Labb_test\EWARM\Labb_test\Obj
[2] = dl7M_tlf.a
[3] = m7M_tls.a
[4] = rt7M_tl.a
[5] = shb_l.a

  12 230 bytes of readonly  code memory
      62 bytes of readonly  data memory
   1 968 bytes of readwrite data memory

Errors: none
Warnings: none
