###############################################################################
#
# IAR ELF Linker V8.32.2.178/W32 for ARM                  31/Mar/2019  22:06:18
# Copyright 2007-2018 IAR Systems AB.
#
#    Output file  =  
#        C:\Users\fy\Documents\GitHub\Inbyggade-System-VT19\uart18\EWARM\uart18\Exe\uart18.out
#    Map file     =  
#        C:\Users\fy\Documents\GitHub\Inbyggade-System-VT19\uart18\EWARM\uart18\List\uart18.map
#    Command line =  
#        -f C:\Users\fy\AppData\Local\Temp\EW25E2.tmp
#        (C:\Users\fy\Documents\GitHub\Inbyggade-System-VT19\uart18\EWARM\uart18\Obj\crc.o
#        C:\Users\fy\Documents\GitHub\Inbyggade-System-VT19\uart18\EWARM\uart18\Obj\gpio.o
#        C:\Users\fy\Documents\GitHub\Inbyggade-System-VT19\uart18\EWARM\uart18\Obj\main.o
#        C:\Users\fy\Documents\GitHub\Inbyggade-System-VT19\uart18\EWARM\uart18\Obj\rtc.o
#        C:\Users\fy\Documents\GitHub\Inbyggade-System-VT19\uart18\EWARM\uart18\Obj\spi.o
#        C:\Users\fy\Documents\GitHub\Inbyggade-System-VT19\uart18\EWARM\uart18\Obj\startup_stm32f303xc.o
#        C:\Users\fy\Documents\GitHub\Inbyggade-System-VT19\uart18\EWARM\uart18\Obj\stm32f3xx_hal.o
#        C:\Users\fy\Documents\GitHub\Inbyggade-System-VT19\uart18\EWARM\uart18\Obj\stm32f3xx_hal_cortex.o
#        C:\Users\fy\Documents\GitHub\Inbyggade-System-VT19\uart18\EWARM\uart18\Obj\stm32f3xx_hal_crc.o
#        C:\Users\fy\Documents\GitHub\Inbyggade-System-VT19\uart18\EWARM\uart18\Obj\stm32f3xx_hal_crc_ex.o
#        C:\Users\fy\Documents\GitHub\Inbyggade-System-VT19\uart18\EWARM\uart18\Obj\stm32f3xx_hal_dma.o
#        C:\Users\fy\Documents\GitHub\Inbyggade-System-VT19\uart18\EWARM\uart18\Obj\stm32f3xx_hal_flash.o
#        C:\Users\fy\Documents\GitHub\Inbyggade-System-VT19\uart18\EWARM\uart18\Obj\stm32f3xx_hal_flash_ex.o
#        C:\Users\fy\Documents\GitHub\Inbyggade-System-VT19\uart18\EWARM\uart18\Obj\stm32f3xx_hal_gpio.o
#        C:\Users\fy\Documents\GitHub\Inbyggade-System-VT19\uart18\EWARM\uart18\Obj\stm32f3xx_hal_i2c.o
#        C:\Users\fy\Documents\GitHub\Inbyggade-System-VT19\uart18\EWARM\uart18\Obj\stm32f3xx_hal_i2c_ex.o
#        C:\Users\fy\Documents\GitHub\Inbyggade-System-VT19\uart18\EWARM\uart18\Obj\stm32f3xx_hal_msp.o
#        C:\Users\fy\Documents\GitHub\Inbyggade-System-VT19\uart18\EWARM\uart18\Obj\stm32f3xx_hal_pwr.o
#        C:\Users\fy\Documents\GitHub\Inbyggade-System-VT19\uart18\EWARM\uart18\Obj\stm32f3xx_hal_pwr_ex.o
#        C:\Users\fy\Documents\GitHub\Inbyggade-System-VT19\uart18\EWARM\uart18\Obj\stm32f3xx_hal_rcc.o
#        C:\Users\fy\Documents\GitHub\Inbyggade-System-VT19\uart18\EWARM\uart18\Obj\stm32f3xx_hal_rcc_ex.o
#        C:\Users\fy\Documents\GitHub\Inbyggade-System-VT19\uart18\EWARM\uart18\Obj\stm32f3xx_hal_rtc.o
#        C:\Users\fy\Documents\GitHub\Inbyggade-System-VT19\uart18\EWARM\uart18\Obj\stm32f3xx_hal_rtc_ex.o
#        C:\Users\fy\Documents\GitHub\Inbyggade-System-VT19\uart18\EWARM\uart18\Obj\stm32f3xx_hal_spi.o
#        C:\Users\fy\Documents\GitHub\Inbyggade-System-VT19\uart18\EWARM\uart18\Obj\stm32f3xx_hal_spi_ex.o
#        C:\Users\fy\Documents\GitHub\Inbyggade-System-VT19\uart18\EWARM\uart18\Obj\stm32f3xx_hal_tim.o
#        C:\Users\fy\Documents\GitHub\Inbyggade-System-VT19\uart18\EWARM\uart18\Obj\stm32f3xx_hal_tim_ex.o
#        C:\Users\fy\Documents\GitHub\Inbyggade-System-VT19\uart18\EWARM\uart18\Obj\stm32f3xx_hal_uart.o
#        C:\Users\fy\Documents\GitHub\Inbyggade-System-VT19\uart18\EWARM\uart18\Obj\stm32f3xx_hal_uart_ex.o
#        C:\Users\fy\Documents\GitHub\Inbyggade-System-VT19\uart18\EWARM\uart18\Obj\stm32f3xx_it.o
#        C:\Users\fy\Documents\GitHub\Inbyggade-System-VT19\uart18\EWARM\uart18\Obj\system_stm32f3xx.o
#        C:\Users\fy\Documents\GitHub\Inbyggade-System-VT19\uart18\EWARM\uart18\Obj\tim.o
#        C:\Users\fy\Documents\GitHub\Inbyggade-System-VT19\uart18\EWARM\uart18\Obj\usart.o
#        --redirect _Printf=_PrintfFull --redirect _Scanf=_ScanfFull
#        --no_out_extension -o
#        C:\Users\fy\Documents\GitHub\Inbyggade-System-VT19\uart18\EWARM\uart18\Exe\uart18.out
#        --map
#        C:\Users\fy\Documents\GitHub\Inbyggade-System-VT19\uart18\EWARM\uart18\List\uart18.map
#        --config
#        C:\Users\fy\Documents\GitHub\Inbyggade-System-VT19\uart18\EWARM/stm32f303xc_flash.icf
#        --semihosting --entry __iar_program_start --vfe --text_out locale)
#
###############################################################################

*******************************************************************************
*** RUNTIME MODEL ATTRIBUTES
***

CppFlavor       = *
__SystemLibrary = DLib
__dlib_version  = 6


*******************************************************************************
*** HEAP SELECTION
***

The basic heap was selected because some modules are built with
size limitations (and not runtime checking), and --advanced_heap
was not specified.


*******************************************************************************
*** PLACEMENT SUMMARY
***

"A0":  place at 0x800'0000 { ro section .intvec };
"P1":  place in [from 0x800'0000 to 0x803'ffff] { ro };
define block CSTACK with size = 1K, alignment = 8 { };
define block HEAP with size = 512, alignment = 8 { };
"P2":  place in [from 0x2000'0000 to 0x2000'9fff] {
          rw, block CSTACK, block HEAP };
initialize by copy { rw };

  Section            Kind         Address    Size  Object
  -------            ----         -------    ----  ------
"A0":                                       0x188
  .intvec            ro code   0x800'0000   0x188  startup_stm32f303xc.o [1]
                             - 0x800'0188   0x188

"P1":                                      0x2738
  .text              ro code   0x800'0188   0x68e  stm32f3xx_hal_uart.o [1]
  .text              ro code   0x800'0816    0x3a  zero_init3.o [4]
  .text              ro code   0x800'0850    0xb4  usart.o [1]
  .text              ro code   0x800'0904    0x4e  stm32f3xx_hal_dma.o [1]
  .text              ro code   0x800'0952     0x2  stm32f3xx_hal_uart.o [1]
  .text              ro code   0x800'0954     0x2  stm32f3xx_hal_uart_ex.o [1]
  .text              ro code   0x800'0958   0x528  stm32f3xx_hal_rcc.o [1]
  .text              ro code   0x800'0e80     0xc  stm32f3xx_hal.o [1]
  .text              ro code   0x800'0e8c     0x2  stm32f3xx_hal_uart.o [1]
  .text              ro code   0x800'0e8e     0x2  stm32f3xx_hal_uart.o [1]
  .text              ro code   0x800'0e90    0xc6  main.o [1]
  .text              ro code   0x800'0f58     0x6  ABImemclr4.o [4]
  .text              ro code   0x800'0f60   0x188  stm32f3xx_hal_gpio.o [1]
  .text              ro code   0x800'10e8    0xec  stm32f3xx_hal_cortex.o [1]
  .text              ro code   0x800'11d4    0x48  stm32f3xx_hal.o [1]
  .text              ro code   0x800'121c    0x24  stm32f3xx_hal.o [1]
  .text              ro code   0x800'1240   0x1f0  gpio.o [1]
  .text              ro code   0x800'1430   0x15c  tim.o [1]
  .text              ro code   0x800'158c    0x64  crc.o [1]
  .text              ro code   0x800'15f0    0xf4  spi.o [1]
  .text              ro code   0x800'16e4    0xa4  rtc.o [1]
  .text              ro code   0x800'1788    0x86  ABImemcpy.o [4]
  .text              ro code   0x800'1810   0x1b8  stm32f3xx_hal_rcc_ex.o [1]
  .text              ro code   0x800'19c8    0x32  ABImemset48.o [4]
  .text              ro code   0x800'19fc    0x34  stm32f3xx_hal_msp.o [1]
  .text              ro code   0x800'1a30   0x660  stm32f3xx_hal_tim.o [1]
  .text              ro code   0x800'2090    0x5c  stm32f3xx_hal_tim_ex.o [1]
  .text              ro code   0x800'20ec    0x80  stm32f3xx_hal_crc.o [1]
  .text              ro code   0x800'216c    0xbe  stm32f3xx_hal_spi.o [1]
  .text              ro code   0x800'222c   0x2fc  stm32f3xx_hal_rtc.o [1]
  .text              ro code   0x800'2528     0x2  stm32f3xx_hal_tim.o [1]
  .text              ro code   0x800'252a     0x2  stm32f3xx_hal_tim.o [1]
  .text              ro code   0x800'252c     0x2  stm32f3xx_hal_tim.o [1]
  .text              ro code   0x800'252e     0x2  stm32f3xx_hal_tim.o [1]
  .text              ro code   0x800'2530     0x2  stm32f3xx_hal_tim.o [1]
  .text              ro code   0x800'2532     0x2  stm32f3xx_hal_tim_ex.o [1]
  .text              ro code   0x800'2534     0x2  stm32f3xx_hal_tim_ex.o [1]
  .text              ro code   0x800'2536     0x2  stm32f3xx_hal_tim.o [1]
  .text              ro code   0x800'2538     0x2  stm32f3xx_hal_tim_ex.o [1]
  .text              ro code   0x800'253a    0x4a  stm32f3xx_hal_crc_ex.o [1]
  .text              ro code   0x800'2584    0x7c  system_stm32f3xx.o [1]
  .rodata            const     0x800'2600    0x64  main.o [1]
  .text              ro code   0x800'2664    0x2c  copy_init3.o [4]
  .text              ro code   0x800'2690    0x28  data_init.o [4]
  .text              ro code   0x800'26b8    0x22  fpinit_M.o [3]
  .iar.init_table    const     0x800'26dc    0x24  - Linker created -
  .text              ro code   0x800'2700    0x1e  cmain.o [4]
  .text              ro code   0x800'271e     0x4  low_level_init.o [2]
  .text              ro code   0x800'2722     0x4  exit.o [2]
  .text              ro code   0x800'2728     0xa  cexit.o [4]
  .text              ro code   0x800'2734    0x14  exit.o [5]
  .text              ro code   0x800'2748    0x1c  stm32f3xx_it.o [1]
  .text              ro code   0x800'2764    0x10  stm32f3xx_hal.o [1]
  .text              ro code   0x800'2774    0x10  startup_stm32f303xc.o [1]
  Initializer bytes  const     0x800'2784    0x10  <for P2-1>
  .text              ro code   0x800'2794     0xc  cstartup_M.o [4]
  .rodata            const     0x800'27a0     0x8  system_stm32f3xx.o [1]
  .text              ro code   0x800'27a8     0x4  startup_stm32f303xc.o [1]
  .text              ro code   0x800'27ac     0x4  startup_stm32f303xc.o [1]
  .text              ro code   0x800'27b0     0x4  startup_stm32f303xc.o [1]
  .text              ro code   0x800'27b4     0x4  startup_stm32f303xc.o [1]
  .text              ro code   0x800'27b8     0x4  startup_stm32f303xc.o [1]
  .text              ro code   0x800'27bc     0x4  startup_stm32f303xc.o [1]
  .text              ro code   0x800'27c0     0x4  startup_stm32f303xc.o [1]
  .text              ro code   0x800'27c4     0x4  startup_stm32f303xc.o [1]
  .text              ro code   0x800'27c8     0x4  startup_stm32f303xc.o [1]
  .text              ro code   0x800'27cc     0x4  startup_stm32f303xc.o [1]
  .text              ro code   0x800'27d0     0x4  startup_stm32f303xc.o [1]
  .text              ro code   0x800'27d4     0x4  startup_stm32f303xc.o [1]
  .text              ro code   0x800'27d8     0x4  startup_stm32f303xc.o [1]
  .text              ro code   0x800'27dc     0x4  startup_stm32f303xc.o [1]
  .text              ro code   0x800'27e0     0x4  startup_stm32f303xc.o [1]
  .text              ro code   0x800'27e4     0x4  startup_stm32f303xc.o [1]
  .text              ro code   0x800'27e8     0x4  startup_stm32f303xc.o [1]
  .text              ro code   0x800'27ec     0x4  startup_stm32f303xc.o [1]
  .text              ro code   0x800'27f0     0x4  startup_stm32f303xc.o [1]
  .text              ro code   0x800'27f4     0x4  startup_stm32f303xc.o [1]
  .text              ro code   0x800'27f8     0x4  startup_stm32f303xc.o [1]
  .text              ro code   0x800'27fc     0x4  startup_stm32f303xc.o [1]
  .text              ro code   0x800'2800     0x4  startup_stm32f303xc.o [1]
  .text              ro code   0x800'2804     0x4  startup_stm32f303xc.o [1]
  .text              ro code   0x800'2808     0x4  startup_stm32f303xc.o [1]
  .text              ro code   0x800'280c     0x4  startup_stm32f303xc.o [1]
  .text              ro code   0x800'2810     0x4  startup_stm32f303xc.o [1]
  .text              ro code   0x800'2814     0x4  startup_stm32f303xc.o [1]
  .text              ro code   0x800'2818     0x4  startup_stm32f303xc.o [1]
  .text              ro code   0x800'281c     0x4  startup_stm32f303xc.o [1]
  .text              ro code   0x800'2820     0x4  startup_stm32f303xc.o [1]
  .text              ro code   0x800'2824     0x4  startup_stm32f303xc.o [1]
  .text              ro code   0x800'2828     0x4  startup_stm32f303xc.o [1]
  .text              ro code   0x800'282c     0x4  startup_stm32f303xc.o [1]
  .text              ro code   0x800'2830     0x4  startup_stm32f303xc.o [1]
  .text              ro code   0x800'2834     0x4  startup_stm32f303xc.o [1]
  .text              ro code   0x800'2838     0x4  startup_stm32f303xc.o [1]
  .text              ro code   0x800'283c     0x4  startup_stm32f303xc.o [1]
  .text              ro code   0x800'2840     0x4  startup_stm32f303xc.o [1]
  .text              ro code   0x800'2844     0x4  startup_stm32f303xc.o [1]
  .text              ro code   0x800'2848     0x4  startup_stm32f303xc.o [1]
  .text              ro code   0x800'284c     0x4  startup_stm32f303xc.o [1]
  .text              ro code   0x800'2850     0x4  startup_stm32f303xc.o [1]
  .text              ro code   0x800'2854     0x4  startup_stm32f303xc.o [1]
  .text              ro code   0x800'2858     0x4  startup_stm32f303xc.o [1]
  .text              ro code   0x800'285c     0x4  startup_stm32f303xc.o [1]
  .text              ro code   0x800'2860     0x4  startup_stm32f303xc.o [1]
  .text              ro code   0x800'2864     0x4  startup_stm32f303xc.o [1]
  .text              ro code   0x800'2868     0x4  startup_stm32f303xc.o [1]
  .text              ro code   0x800'286c     0x4  startup_stm32f303xc.o [1]
  .text              ro code   0x800'2870     0x4  startup_stm32f303xc.o [1]
  .text              ro code   0x800'2874     0x4  startup_stm32f303xc.o [1]
  .text              ro code   0x800'2878     0x4  startup_stm32f303xc.o [1]
  .text              ro code   0x800'287c     0x4  startup_stm32f303xc.o [1]
  .text              ro code   0x800'2880     0x4  startup_stm32f303xc.o [1]
  .text              ro code   0x800'2884     0x4  startup_stm32f303xc.o [1]
  .text              ro code   0x800'2888     0x4  startup_stm32f303xc.o [1]
  .text              ro code   0x800'288c     0x4  startup_stm32f303xc.o [1]
  .text              ro code   0x800'2890     0x4  startup_stm32f303xc.o [1]
  .text              ro code   0x800'2894     0x4  startup_stm32f303xc.o [1]
  .text              ro code   0x800'2898     0x4  startup_stm32f303xc.o [1]
  .text              ro code   0x800'289c     0x4  startup_stm32f303xc.o [1]
  .text              ro code   0x800'28a0     0x4  startup_stm32f303xc.o [1]
  .text              ro code   0x800'28a4     0x4  startup_stm32f303xc.o [1]
  .text              ro code   0x800'28a8     0x4  startup_stm32f303xc.o [1]
  .text              ro code   0x800'28ac     0x4  startup_stm32f303xc.o [1]
  .text              ro code   0x800'28b0     0x4  startup_stm32f303xc.o [1]
  .text              ro code   0x800'28b4     0x4  startup_stm32f303xc.o [1]
  .text              ro code   0x800'28b8     0x4  startup_stm32f303xc.o [1]
  .text              ro code   0x800'28bc     0x4  startup_stm32f303xc.o [1]
  .rodata            const     0x800'28c0     0x0  zero_init3.o [4]
  .rodata            const     0x800'28c0     0x0  copy_init3.o [4]
                             - 0x800'28c0  0x2738

"P2", part 1 of 3:                           0x10
  P2-1                        0x2000'0000    0x10  <Init block>
    .data            inited   0x2000'0000     0xc  stm32f3xx_hal.o [1]
    .data            inited   0x2000'000c     0x4  system_stm32f3xx.o [1]
                            - 0x2000'0010    0x10

"P2", part 2 of 3:                          0x158
  .bss               zero     0x2000'0010    0x70  usart.o [1]
  .bss               zero     0x2000'0080    0x64  spi.o [1]
  .bss               zero     0x2000'00e4    0x40  tim.o [1]
  .bss               zero     0x2000'0124    0x24  crc.o [1]
  .bss               zero     0x2000'0148    0x20  rtc.o [1]
                            - 0x2000'0168   0x158

"P2", part 3 of 3:                          0x400
  CSTACK                      0x2000'0168   0x400  <Block>
    CSTACK           uninit   0x2000'0168   0x400  <Block tail>
                            - 0x2000'0568   0x400

Unused ranges:

         From           To      Size
         ----           --      ----
   0x800'28c0   0x803'ffff  0x3'd740
  0x2000'0568  0x2000'9fff    0x9a98


*******************************************************************************
*** INIT TABLE
***

          Address      Size
          -------      ----
Zero (__iar_zero_init3)
    1 destination range, total size 0x158:
          0x2000'0010  0x158

Copy (__iar_copy_init3)
    1 source range, total size 0x10:
           0x800'2784   0x10
    1 destination range, total size 0x10:
          0x2000'0000   0x10



*******************************************************************************
*** MODULE SUMMARY
***

    Module                   ro code  ro data  rw data
    ------                   -------  -------  -------
command line/config:
    --------------------------------------------------
    Total:

C:\Users\fy\Documents\GitHub\Inbyggade-System-VT19\uart18\EWARM\uart18\Obj: [1]
    crc.o                        100                36
    gpio.o                       496
    main.o                       198      100
    rtc.o                        164                32
    spi.o                        244               100
    startup_stm32f303xc.o        688
    stm32f3xx_hal.o              136       12       12
    stm32f3xx_hal_cortex.o       236
    stm32f3xx_hal_crc.o          128
    stm32f3xx_hal_crc_ex.o        74
    stm32f3xx_hal_dma.o           78
    stm32f3xx_hal_gpio.o         392
    stm32f3xx_hal_msp.o           52
    stm32f3xx_hal_rcc.o        1 320
    stm32f3xx_hal_rcc_ex.o       440
    stm32f3xx_hal_rtc.o          764
    stm32f3xx_hal_spi.o          190
    stm32f3xx_hal_tim.o        1 644
    stm32f3xx_hal_tim_ex.o        98
    stm32f3xx_hal_uart.o       1 684
    stm32f3xx_hal_uart_ex.o        2
    stm32f3xx_it.o                28
    system_stm32f3xx.o           124       12        4
    tim.o                        348                64
    usart.o                      180               112
    --------------------------------------------------
    Total:                     9 808      124      360

dl7M_tlf.a: [2]
    exit.o                         4
    low_level_init.o               4
    --------------------------------------------------
    Total:                         8

m7M_tls.a: [3]
    fpinit_M.o                    34
    --------------------------------------------------
    Total:                        34

rt7M_tl.a: [4]
    ABImemclr4.o                   6
    ABImemcpy.o                  134
    ABImemset48.o                 50
    cexit.o                       10
    cmain.o                       30
    copy_init3.o                  44
    cstartup_M.o                  12
    data_init.o                   40
    zero_init3.o                  58
    --------------------------------------------------
    Total:                       384

shb_l.a: [5]
    exit.o                        20
    --------------------------------------------------
    Total:                        20

    Gaps                          16        2
    Linker created                         36    1 024
------------------------------------------------------
    Grand Total:              10 270      162    1 384


*******************************************************************************
*** ENTRY LIST
***

Entry                       Address   Size  Type      Object
-----                       -------   ----  ----      ------
.iar.init_table$$Base    0x800'26dc          --   Gb  - Linker created -
.iar.init_table$$Limit   0x800'2700          --   Gb  - Linker created -
?main                    0x800'2701         Code  Gb  cmain.o [4]
AHBPrescTable            0x800'25f0   0x10  Data  Gb  system_stm32f3xx.o [1]
APBPrescTable            0x800'27a0    0x8  Data  Gb  system_stm32f3xx.o [1]
CSTACK$$Base            0x2000'0168          --   Gb  - Linker created -
CSTACK$$Limit           0x2000'0568          --   Gb  - Linker created -
Error_Handler            0x800'0f55    0x2  Code  Gb  main.o [1]
HAL_CRCEx_Polynomial_Set
                         0x800'253b   0x4a  Code  Gb  stm32f3xx_hal_crc_ex.o [1]
HAL_CRC_Init             0x800'20ed   0x7a  Code  Gb  stm32f3xx_hal_crc.o [1]
HAL_CRC_MspInit          0x800'15c1   0x22  Code  Gb  crc.o [1]
HAL_DMA_Abort_IT         0x800'0905   0x4e  Code  Gb  stm32f3xx_hal_dma.o [1]
HAL_GPIO_Init            0x800'0f61  0x15e  Code  Gb  stm32f3xx_hal_gpio.o [1]
HAL_GPIO_WritePin        0x800'10bf    0xc  Code  Gb  stm32f3xx_hal_gpio.o [1]
HAL_GetTick              0x800'0e81    0xc  Code  Wk  stm32f3xx_hal.o [1]
HAL_IncTick              0x800'2765   0x10  Code  Wk  stm32f3xx_hal.o [1]
HAL_Init                 0x800'121d   0x20  Code  Gb  stm32f3xx_hal.o [1]
HAL_InitTick             0x800'11d5   0x48  Code  Wk  stm32f3xx_hal.o [1]
HAL_MspInit              0x800'19fd   0x34  Code  Gb  stm32f3xx_hal_msp.o [1]
HAL_NVIC_EnableIRQ       0x800'11b7    0x2  Code  Gb  stm32f3xx_hal_cortex.o [1]
HAL_NVIC_SetPriority     0x800'1199   0x1e  Code  Gb  stm32f3xx_hal_cortex.o [1]
HAL_NVIC_SetPriorityGrouping
                         0x800'1197    0x2  Code  Gb  stm32f3xx_hal_cortex.o [1]
HAL_RCCEx_PeriphCLKConfig
                         0x800'1811  0x1ac  Code  Gb  stm32f3xx_hal_rcc_ex.o [1]
HAL_RCC_ClockConfig      0x800'0cbf  0x10a  Code  Gb  stm32f3xx_hal_rcc.o [1]
HAL_RCC_GetHCLKFreq      0x800'0e01    0x6  Code  Gb  stm32f3xx_hal_rcc.o [1]
HAL_RCC_GetPCLK1Freq     0x800'0e07   0x16  Code  Gb  stm32f3xx_hal_rcc.o [1]
HAL_RCC_GetPCLK2Freq     0x800'0e1d   0x16  Code  Gb  stm32f3xx_hal_rcc.o [1]
HAL_RCC_GetSysClockFreq
                         0x800'0dc9   0x38  Code  Gb  stm32f3xx_hal_rcc.o [1]
HAL_RCC_OscConfig        0x800'0959  0x366  Code  Gb  stm32f3xx_hal_rcc.o [1]
HAL_RTC_Init             0x800'222d   0xb0  Code  Gb  stm32f3xx_hal_rtc.o [1]
HAL_RTC_MspInit          0x800'1769   0x10  Code  Gb  rtc.o [1]
HAL_RTC_SetDate          0x800'23c5   0xc4  Code  Gb  stm32f3xx_hal_rtc.o [1]
HAL_RTC_SetTime          0x800'22dd   0xe8  Code  Gb  stm32f3xx_hal_rtc.o [1]
HAL_RTC_WaitForSynchro   0x800'2495   0x32  Code  Gb  stm32f3xx_hal_rtc.o [1]
HAL_SPI_Init             0x800'216d   0xbe  Code  Gb  stm32f3xx_hal_spi.o [1]
HAL_SPI_MspInit          0x800'1641   0x8e  Code  Gb  spi.o [1]
HAL_SYSTICK_Config       0x800'11b9    0x2  Code  Gb  stm32f3xx_hal_cortex.o [1]
HAL_TIMEx_Break2Callback
                         0x800'2535    0x2  Code  Wk  stm32f3xx_hal_tim_ex.o [1]
HAL_TIMEx_BreakCallback
                         0x800'2533    0x2  Code  Wk  stm32f3xx_hal_tim_ex.o [1]
HAL_TIMEx_CommutationCallback
                         0x800'2539    0x2  Code  Wk  stm32f3xx_hal_tim_ex.o [1]
HAL_TIMEx_MasterConfigSynchronization
                         0x800'2091   0x54  Code  Gb  stm32f3xx_hal_tim_ex.o [1]
HAL_TIM_Base_Init        0x800'1a31   0x32  Code  Gb  stm32f3xx_hal_tim.o [1]
HAL_TIM_Base_MspInit     0x800'1517   0x6e  Code  Gb  tim.o [1]
HAL_TIM_ConfigClockSource
                         0x800'1ca7  0x104  Code  Gb  stm32f3xx_hal_tim.o [1]
HAL_TIM_IC_ConfigChannel
                         0x800'1c01   0xa6  Code  Gb  stm32f3xx_hal_tim.o [1]
HAL_TIM_IC_Init          0x800'1a63   0x32  Code  Gb  stm32f3xx_hal_tim.o [1]
HAL_TIM_IRQHandler       0x800'1a95  0x16c  Code  Gb  stm32f3xx_hal_tim.o [1]
HAL_TIM_SlaveConfigSynchronization
                         0x800'1db1   0x3e  Code  Gb  stm32f3xx_hal_tim.o [1]
HAL_UARTEx_WakeupCallback
                         0x800'0955    0x2  Code  Wk  stm32f3xx_hal_uart_ex.o [1]
HAL_UART_IRQHandler      0x800'01f3  0x144  Code  Gb  stm32f3xx_hal_uart.o [1]
HAL_UART_Init            0x800'0189   0x6a  Code  Gb  stm32f3xx_hal_uart.o [1]
HAL_UART_MspInit         0x800'0887   0x6e  Code  Gb  usart.o [1]
MX_CRC_Init              0x800'158d   0x34  Code  Gb  crc.o [1]
MX_GPIO_Init             0x800'1241  0x1d6  Code  Gb  gpio.o [1]
MX_RTC_Init              0x800'16e5   0x84  Code  Gb  rtc.o [1]
MX_SPI2_Init             0x800'15f1   0x50  Code  Gb  spi.o [1]
MX_TIM2_Init             0x800'1431   0xe6  Code  Gb  tim.o [1]
MX_USART3_UART_Init      0x800'0851   0x36  Code  Gb  usart.o [1]
NVIC_EnableIRQ           0x800'110d   0x12  Code  Lc  stm32f3xx_hal_cortex.o [1]
NVIC_EncodePriority      0x800'1139   0x36  Code  Lc  stm32f3xx_hal_cortex.o [1]
NVIC_GetPriorityGrouping
                         0x800'1103    0xa  Code  Lc  stm32f3xx_hal_cortex.o [1]
NVIC_SetPriority         0x800'111f   0x1a  Code  Lc  stm32f3xx_hal_cortex.o [1]
NVIC_SetPriorityGrouping
                         0x800'10e9   0x1a  Code  Lc  stm32f3xx_hal_cortex.o [1]
PendSV_Handler           0x800'274b    0x2  Code  Gb  stm32f3xx_it.o [1]
RTC_Bcd2ToByte           0x800'2515   0x14  Code  Gb  stm32f3xx_hal_rtc.o [1]
RTC_ByteToBcd2           0x800'24fd   0x18  Code  Gb  stm32f3xx_hal_rtc.o [1]
RTC_EnterInitMode        0x800'24c7   0x36  Code  Gb  stm32f3xx_hal_rtc.o [1]
Region$$Table$$Base      0x800'26dc          --   Gb  - Linker created -
Region$$Table$$Limit     0x800'2700          --   Gb  - Linker created -
SVC_Handler              0x800'2749    0x2  Code  Gb  stm32f3xx_it.o [1]
SysTick_Config           0x800'116f   0x28  Code  Lc  stm32f3xx_hal_cortex.o [1]
SysTick_Handler          0x800'274d    0x4  Code  Gb  stm32f3xx_it.o [1]
SystemClock_Config       0x800'0eb5   0x98  Code  Gb  main.o [1]
SystemCoreClock         0x2000'000c    0x4  Data  Gb  system_stm32f3xx.o [1]
SystemInit               0x800'2585   0x52  Code  Gb  system_stm32f3xx.o [1]
TIM2_IRQHandler          0x800'2751    0x6  Code  Gb  stm32f3xx_it.o [1]
TIM_Base_SetConfig       0x800'1def   0xae  Code  Gb  stm32f3xx_hal_tim.o [1]
TIM_ETR_SetConfig        0x800'207b   0x16  Code  Gb  stm32f3xx_hal_tim.o [1]
TIM_ITRx_SetConfig       0x800'206b   0x10  Code  Lc  stm32f3xx_hal_tim.o [1]
TIM_SlaveTimer_SetConfig
                         0x800'1e9d   0x72  Code  Lc  stm32f3xx_hal_tim.o [1]
TIM_TI1_ConfigInputStage
                         0x800'1f99   0x24  Code  Lc  stm32f3xx_hal_tim.o [1]
TIM_TI1_SetConfig        0x800'1f0f   0x60  Code  Gb  stm32f3xx_hal_tim.o [1]
TIM_TI2_ConfigInputStage
                         0x800'1feb   0x26  Code  Lc  stm32f3xx_hal_tim.o [1]
TIM_TI2_SetConfig        0x800'1fbd   0x2e  Code  Lc  stm32f3xx_hal_tim.o [1]
TIM_TI3_SetConfig        0x800'2011   0x2c  Code  Lc  stm32f3xx_hal_tim.o [1]
TIM_TI4_SetConfig        0x800'203d   0x2e  Code  Lc  stm32f3xx_hal_tim.o [1]
UART_AdvFeatureConfig    0x800'0565   0xc8  Code  Gb  stm32f3xx_hal_uart.o [1]
UART_CheckIdleState      0x800'062d   0x62  Code  Gb  stm32f3xx_hal_uart.o [1]
UART_DMAAbortOnError     0x800'0715   0x10  Code  Lc  stm32f3xx_hal_uart.o [1]
UART_EndRxTransfer       0x800'06f5   0x1c  Code  Lc  stm32f3xx_hal_uart.o [1]
UART_EndTransmit_IT      0x800'0789   0x1a  Code  Gb  stm32f3xx_hal_uart.o [1]
UART_Receive_IT          0x800'07a3   0x74  Code  Gb  stm32f3xx_hal_uart.o [1]
UART_SetConfig           0x800'0339  0x208  Code  Gb  stm32f3xx_hal_uart.o [1]
UART_Transmit_IT         0x800'0725   0x64  Code  Gb  stm32f3xx_hal_uart.o [1]
UART_WaitOnFlagUntilTimeout
                         0x800'068f   0x66  Code  Gb  stm32f3xx_hal_uart.o [1]
USART3_IRQHandler        0x800'2757    0x6  Code  Gb  stm32f3xx_it.o [1]
__aeabi_memclr4          0x800'0f59         Code  Gb  ABImemclr4.o [4]
__aeabi_memcpy4          0x800'1789         Code  Gb  ABImemcpy.o [4]
__aeabi_memcpy8          0x800'1789         Code  Gb  ABImemcpy.o [4]
__cmain                  0x800'2701         Code  Gb  cmain.o [4]
__exit                   0x800'2735   0x14  Code  Gb  exit.o [5]
__iar_Memset4_word       0x800'19c9         Code  Gb  ABImemset48.o [4]
__iar_Memset8_word       0x800'19c9         Code  Gb  ABImemset48.o [4]
__iar_copy_init3         0x800'2665   0x2c  Code  Gb  copy_init3.o [4]
__iar_data_init3         0x800'2691   0x28  Code  Gb  data_init.o [4]
__iar_init_vfp           0x800'26b9         Code  Gb  fpinit_M.o [3]
__iar_program_start      0x800'2795         Code  Gb  cstartup_M.o [4]
__iar_zero_init3         0x800'0817   0x3a  Code  Gb  zero_init3.o [4]
__low_level_init         0x800'271f    0x4  Code  Gb  low_level_init.o [2]
__vector_table           0x800'0000         Data  Gb  startup_stm32f303xc.o [1]
_call_main               0x800'270d         Code  Gb  cmain.o [4]
_exit                    0x800'2729         Code  Gb  cexit.o [4]
_main                    0x800'271b         Code  Gb  cmain.o [4]
aPLLMULFactorTable       0x800'0e60   0x10  Data  Gb  stm32f3xx_hal_rcc.o [1]
aPredivFactorTable       0x800'0e70   0x10  Data  Gb  stm32f3xx_hal_rcc.o [1]
exit                     0x800'2723    0x4  Code  Gb  exit.o [2]
hcrc                    0x2000'0124   0x24  Data  Gb  crc.o [1]
hrtc                    0x2000'0148   0x20  Data  Gb  rtc.o [1]
hspi2                   0x2000'0080   0x64  Data  Gb  spi.o [1]
htim2                   0x2000'00e4   0x40  Data  Gb  tim.o [1]
huart3                  0x2000'0010   0x70  Data  Gb  usart.o [1]
main                     0x800'0e91   0x24  Code  Gb  main.o [1]
uwTick                  0x2000'0004    0x4  Data  Gb  stm32f3xx_hal.o [1]
uwTickFreq              0x2000'0000    0x1  Data  Gb  stm32f3xx_hal.o [1]
uwTickPrio              0x2000'0008    0x4  Data  Gb  stm32f3xx_hal.o [1]


[1] = C:\Users\fy\Documents\GitHub\Inbyggade-System-VT19\uart18\EWARM\uart18\Obj
[2] = dl7M_tlf.a
[3] = m7M_tls.a
[4] = rt7M_tl.a
[5] = shb_l.a

  10 270 bytes of readonly  code memory
     162 bytes of readonly  data memory
   1 384 bytes of readwrite data memory

Errors: none
Warnings: none
