###############################################################################
#
# IAR ELF Linker V8.32.2.178/W32 for ARM                  26/Jan/2019  21:43:08
# Copyright 2007-2018 IAR Systems AB.
#
#    Output file  =  
#        C:\Users\fy\Documents\GitHub\Inbyggade-System-VT19\Test\Debug\Exe\Test.out
#    Map file     =  
#        C:\Users\fy\Documents\GitHub\Inbyggade-System-VT19\Test\Debug\List\Test.map
#    Command line =  
#        -f C:\Users\fy\AppData\Local\Temp\EW12B7.tmp
#        (C:\Users\fy\Documents\GitHub\Inbyggade-System-VT19\Test\Debug\Obj\clockinit.o
#        C:\Users\fy\Documents\GitHub\Inbyggade-System-VT19\Test\Debug\Obj\gpio.o
#        C:\Users\fy\Documents\GitHub\Inbyggade-System-VT19\Test\Debug\Obj\i2c.o
#        C:\Users\fy\Documents\GitHub\Inbyggade-System-VT19\Test\Debug\Obj\main.o
#        C:\Users\fy\Documents\GitHub\Inbyggade-System-VT19\Test\Debug\Obj\Pingpong_function.o
#        C:\Users\fy\Documents\GitHub\Inbyggade-System-VT19\Test\Debug\Obj\spi.o
#        C:\Users\fy\Documents\GitHub\Inbyggade-System-VT19\Test\Debug\Obj\startup_stm32f303xc.o
#        C:\Users\fy\Documents\GitHub\Inbyggade-System-VT19\Test\Debug\Obj\stm32f3xx_hal.o
#        C:\Users\fy\Documents\GitHub\Inbyggade-System-VT19\Test\Debug\Obj\stm32f3xx_hal_cortex.o
#        C:\Users\fy\Documents\GitHub\Inbyggade-System-VT19\Test\Debug\Obj\stm32f3xx_hal_dma.o
#        C:\Users\fy\Documents\GitHub\Inbyggade-System-VT19\Test\Debug\Obj\stm32f3xx_hal_flash.o
#        C:\Users\fy\Documents\GitHub\Inbyggade-System-VT19\Test\Debug\Obj\stm32f3xx_hal_flash_ex.o
#        C:\Users\fy\Documents\GitHub\Inbyggade-System-VT19\Test\Debug\Obj\stm32f3xx_hal_gpio.o
#        C:\Users\fy\Documents\GitHub\Inbyggade-System-VT19\Test\Debug\Obj\stm32f3xx_hal_i2c.o
#        C:\Users\fy\Documents\GitHub\Inbyggade-System-VT19\Test\Debug\Obj\stm32f3xx_hal_i2c_ex.o
#        C:\Users\fy\Documents\GitHub\Inbyggade-System-VT19\Test\Debug\Obj\stm32f3xx_hal_msp.o
#        C:\Users\fy\Documents\GitHub\Inbyggade-System-VT19\Test\Debug\Obj\stm32f3xx_hal_pcd.o
#        C:\Users\fy\Documents\GitHub\Inbyggade-System-VT19\Test\Debug\Obj\stm32f3xx_hal_pcd_ex.o
#        C:\Users\fy\Documents\GitHub\Inbyggade-System-VT19\Test\Debug\Obj\stm32f3xx_hal_pwr.o
#        C:\Users\fy\Documents\GitHub\Inbyggade-System-VT19\Test\Debug\Obj\stm32f3xx_hal_pwr_ex.o
#        C:\Users\fy\Documents\GitHub\Inbyggade-System-VT19\Test\Debug\Obj\stm32f3xx_hal_rcc.o
#        C:\Users\fy\Documents\GitHub\Inbyggade-System-VT19\Test\Debug\Obj\stm32f3xx_hal_rcc_ex.o
#        C:\Users\fy\Documents\GitHub\Inbyggade-System-VT19\Test\Debug\Obj\stm32f3xx_hal_spi.o
#        C:\Users\fy\Documents\GitHub\Inbyggade-System-VT19\Test\Debug\Obj\stm32f3xx_hal_spi_ex.o
#        C:\Users\fy\Documents\GitHub\Inbyggade-System-VT19\Test\Debug\Obj\stm32f3xx_hal_tim.o
#        C:\Users\fy\Documents\GitHub\Inbyggade-System-VT19\Test\Debug\Obj\stm32f3xx_hal_tim_ex.o
#        C:\Users\fy\Documents\GitHub\Inbyggade-System-VT19\Test\Debug\Obj\stm32f3xx_it.o
#        C:\Users\fy\Documents\GitHub\Inbyggade-System-VT19\Test\Debug\Obj\system_stm32f3xx.o
#        C:\Users\fy\Documents\GitHub\Inbyggade-System-VT19\Test\Debug\Obj\usb.o
#        --no_out_extension -o
#        C:\Users\fy\Documents\GitHub\Inbyggade-System-VT19\Test\Debug\Exe\Test.out
#        --map
#        C:\Users\fy\Documents\GitHub\Inbyggade-System-VT19\Test\Debug\List\Test.map
#        --config
#        C:\Users\fy\Documents\Inbyggda_VT19\Egna_projekt\Pingpong\EWARM\stm32f303xc_flash.icf
#        --semihosting --entry __iar_program_start --vfe --text_out locale)
#
###############################################################################

*******************************************************************************
*** RUNTIME MODEL ATTRIBUTES
***

CppFlavor       = *
__Heap_Handler  = Basic
__SystemLibrary = DLib
__dlib_version  = 6


*******************************************************************************
*** HEAP SELECTION
***

The basic heap was selected because some modules are built with
size limitations (and not runtime checking), and --advanced_heap
was not specified.


*******************************************************************************
*** PLACEMENT SUMMARY
***

"A0":  place at 0x800'0000 { ro section .intvec };
"P1":  place in [from 0x800'0000 to 0x803'ffff] { ro };
define block CSTACK with size = 1K, alignment = 8 { };
define block HEAP with size = 512, alignment = 8 { };
"P2":  place in [from 0x2000'0000 to 0x2000'9fff] {
          rw, block CSTACK, block HEAP };
initialize by copy { rw };

  Section            Kind         Address    Size  Object
  -------            ----         -------    ----  ------
"A0":                                       0x188
  .intvec            ro code   0x800'0000   0x188  startup_stm32f303xc.o [1]
                             - 0x800'0188   0x188

"P1":                                      0x2b5d
  .text              ro code   0x800'0188   0x93c  stm32f3xx_hal_rcc.o [1]
  .text              ro code   0x800'0ac4     0xc  stm32f3xx_hal.o [1]
  .text              ro code   0x800'0ad0    0x4c  stm32f3xx_hal.o [1]
  .text              ro code   0x800'0b1c   0x100  stm32f3xx_hal_cortex.o [1]
  .text              ro code   0x800'0c1c   0x2d8  Pingpong_function.o [1]
  .text              ro code   0x800'0ef4   0x204  stm32f3xx_hal_gpio.o [1]
  .text              ro code   0x800'10f8   0x264  stm32f3xx_hal_rcc_ex.o [1]
  .text              ro code   0x800'135c   0x1d6  main.o [1]
  .text              ro code   0x800'1532    0x3a  zero_init3.o [4]
  .text              ro code   0x800'156c    0x24  stm32f3xx_hal.o [1]
  .text              ro code   0x800'1590    0x98  clockinit.o [1]
  .text              ro code   0x800'1628   0x1b0  gpio.o [1]
  .text              ro code   0x800'17d8    0xd0  i2c.o [1]
  .text              ro code   0x800'18a8    0xc0  spi.o [1]
  .text              ro code   0x800'1968    0xa0  usb.o [1]
  .text              ro code   0x800'1a08    0x28  printf.o [2]
  .text              ro code   0x800'1a30    0x28  stm32f3xx_hal.o [1]
  .text              ro code   0x800'1a58    0x3c  stm32f3xx_hal_msp.o [1]
  .text              ro code   0x800'1a94     0x6  ABImemclr4.o [4]
  .text              ro code   0x800'1a9c    0xcc  stm32f3xx_hal_i2c.o [1]
  .text              ro code   0x800'1b68    0xc0  stm32f3xx_hal_i2c_ex.o [1]
  .text              ro code   0x800'1c28    0xd0  stm32f3xx_hal_spi.o [1]
  .text              ro code   0x800'1cf8   0x106  stm32f3xx_hal_pcd.o [1]
  .text              ro code   0x800'1dfe   0x13e  xprintftiny.o [2]
  .text              ro code   0x800'1f3c    0x32  ABImemset48.o [4]
  .text              ro code   0x800'1f70    0x36  strlen.o [4]
  .text              ro code   0x800'1fa8   0x140  heap0.o [2]
  .text              ro code   0x800'20e8    0x2c  xgetmemchunk.o [2]
  .text              ro code   0x800'2114    0xd8  xfspos.o [2]
  .text              ro code   0x800'21ec    0xac  fflush.o [2]
  .text              ro code   0x800'2298     0xc  xfgpos.o [2]
  .text              ro code   0x800'22a4    0x4a  lseek.o [5]
  .text              ro code   0x800'22ee    0x10  write.o [5]
  .text              ro code   0x800'2300    0xcc  XShHandles.o [2]
  .text              ro code   0x800'23cc    0x1e  dwrite.o [5]
  .text              ro code   0x800'23ea    0x20  iarwstd.o [5]
  .text              ro code   0x800'240a    0x22  iarwrite.o [5]
  .text              ro code   0x800'242c    0x80  iarttio.o [5]
  .text              ro code   0x800'24ac    0x3c  XShttio.o [2]
  .text              ro code   0x800'24e8    0xb4  xfwprep.o [2]
  .text              ro code   0x800'259c    0x24  fseek.o [2]
  .text              ro code   0x800'25c0    0x8c  xfofind.o [2]
  .text              ro code   0x800'264c     0x4  heaptramp0.o [2]
  .text              ro code   0x800'2650    0x84  system_stm32f3xx.o [1]
  .text              ro code   0x800'26d4    0x7e  fclose.o [2]
  .text              ro code   0x800'2752    0x18  close.o [5]
  .text              ro code   0x800'276a    0x14  remove.o [5]
  .text              ro code   0x800'277e    0x54  fputc.o [2]
  .rodata            const     0x800'27d4    0x40  main.o [1]
  .text              ro code   0x800'2814    0x3c  xcloseall.o [2]
  .rodata            const     0x800'2850    0x38  main.o [1]
  .text              ro code   0x800'2888    0x38  packbits_init_single.o [4]
  .rodata            const     0x800'28c0    0x34  main.o [1]
  .rodata            const     0x800'28f4    0x34  main.o [1]
  .rodata            const     0x800'2928    0x30  main.o [1]
  .rodata            const     0x800'2958    0x28  main.o [1]
  .text              ro code   0x800'2980    0x28  data_init.o [4]
  .text              ro code   0x800'29a8    0x22  fpinit_M.o [3]
  .iar.init_table    const     0x800'29cc    0x20  - Linker created -
  .text              ro code   0x800'29ec    0x1e  cmain.o [4]
  .text              ro code   0x800'2a0a     0x4  low_level_init.o [2]
  .text              ro code   0x800'2a0e     0x4  exit.o [2]
  .text              ro code   0x800'2a14     0xe  cexit.o [4]
  .text              ro code   0x800'2a24    0x14  exit.o [5]
  .rodata            const     0x800'2a38    0x18  main.o [1]
  .text              ro code   0x800'2a50    0x18  stm32f3xx_hal.o [1]
  .text              ro code   0x800'2a68    0x18  stm32f3xx_it.o [1]
  .text              ro code   0x800'2a80    0x16  xprout.o [2]
  .text              ro code   0x800'2a98     0xc  putchar.o [2]
  .rodata            const     0x800'2aa4    0x10  main.o [1]
  .rodata            const     0x800'2ab4    0x10  main.o [1]
  .rodata            const     0x800'2ac4    0x10  main.o [1]
  .rodata            const     0x800'2ad4    0x10  main.o [1]
  .rodata            const     0x800'2ae4    0x10  stm32f3xx_hal_rcc.o [1]
  .rodata            const     0x800'2af4    0x10  stm32f3xx_hal_rcc.o [1]
  .rodata            const     0x800'2b04    0x10  system_stm32f3xx.o [1]
  .text              ro code   0x800'2b14    0x10  startup_stm32f303xc.o [1]
  .rodata            const     0x800'2b24     0xc  main.o [1]
  .rodata            const     0x800'2b30     0xc  main.o [1]
  .text              ro code   0x800'2b3c     0xc  cstartup_M.o [4]
  .text              ro code   0x800'2b48     0x4  startup_stm32f303xc.o [1]
  .text              ro code   0x800'2b4c     0x4  startup_stm32f303xc.o [1]
  .text              ro code   0x800'2b50     0x4  startup_stm32f303xc.o [1]
  .text              ro code   0x800'2b54     0x4  startup_stm32f303xc.o [1]
  .text              ro code   0x800'2b58     0x4  startup_stm32f303xc.o [1]
  .text              ro code   0x800'2b5c     0x4  startup_stm32f303xc.o [1]
  .text              ro code   0x800'2b60     0x4  startup_stm32f303xc.o [1]
  .text              ro code   0x800'2b64     0x4  startup_stm32f303xc.o [1]
  .text              ro code   0x800'2b68     0x4  startup_stm32f303xc.o [1]
  .text              ro code   0x800'2b6c     0x4  startup_stm32f303xc.o [1]
  .text              ro code   0x800'2b70     0x4  startup_stm32f303xc.o [1]
  .text              ro code   0x800'2b74     0x4  startup_stm32f303xc.o [1]
  .text              ro code   0x800'2b78     0x4  startup_stm32f303xc.o [1]
  .text              ro code   0x800'2b7c     0x4  startup_stm32f303xc.o [1]
  .text              ro code   0x800'2b80     0x4  startup_stm32f303xc.o [1]
  .text              ro code   0x800'2b84     0x4  startup_stm32f303xc.o [1]
  .text              ro code   0x800'2b88     0x4  startup_stm32f303xc.o [1]
  .text              ro code   0x800'2b8c     0x4  startup_stm32f303xc.o [1]
  .text              ro code   0x800'2b90     0x4  startup_stm32f303xc.o [1]
  .text              ro code   0x800'2b94     0x4  startup_stm32f303xc.o [1]
  .text              ro code   0x800'2b98     0x4  startup_stm32f303xc.o [1]
  .text              ro code   0x800'2b9c     0x4  startup_stm32f303xc.o [1]
  .text              ro code   0x800'2ba0     0x4  startup_stm32f303xc.o [1]
  .text              ro code   0x800'2ba4     0x4  startup_stm32f303xc.o [1]
  .text              ro code   0x800'2ba8     0x4  startup_stm32f303xc.o [1]
  .text              ro code   0x800'2bac     0x4  startup_stm32f303xc.o [1]
  .text              ro code   0x800'2bb0     0x4  startup_stm32f303xc.o [1]
  .text              ro code   0x800'2bb4     0x4  startup_stm32f303xc.o [1]
  .text              ro code   0x800'2bb8     0x4  startup_stm32f303xc.o [1]
  .text              ro code   0x800'2bbc     0x4  startup_stm32f303xc.o [1]
  .text              ro code   0x800'2bc0     0x4  startup_stm32f303xc.o [1]
  .text              ro code   0x800'2bc4     0x4  startup_stm32f303xc.o [1]
  .text              ro code   0x800'2bc8     0x4  startup_stm32f303xc.o [1]
  .text              ro code   0x800'2bcc     0x4  startup_stm32f303xc.o [1]
  .text              ro code   0x800'2bd0     0x4  startup_stm32f303xc.o [1]
  .text              ro code   0x800'2bd4     0x4  startup_stm32f303xc.o [1]
  .text              ro code   0x800'2bd8     0x4  startup_stm32f303xc.o [1]
  .text              ro code   0x800'2bdc     0x4  startup_stm32f303xc.o [1]
  .text              ro code   0x800'2be0     0x4  startup_stm32f303xc.o [1]
  .text              ro code   0x800'2be4     0x4  startup_stm32f303xc.o [1]
  .text              ro code   0x800'2be8     0x4  startup_stm32f303xc.o [1]
  .text              ro code   0x800'2bec     0x4  startup_stm32f303xc.o [1]
  .text              ro code   0x800'2bf0     0x4  startup_stm32f303xc.o [1]
  .text              ro code   0x800'2bf4     0x4  startup_stm32f303xc.o [1]
  .text              ro code   0x800'2bf8     0x4  startup_stm32f303xc.o [1]
  .text              ro code   0x800'2bfc     0x4  startup_stm32f303xc.o [1]
  .text              ro code   0x800'2c00     0x4  startup_stm32f303xc.o [1]
  .text              ro code   0x800'2c04     0x4  startup_stm32f303xc.o [1]
  .text              ro code   0x800'2c08     0x4  startup_stm32f303xc.o [1]
  .text              ro code   0x800'2c0c     0x4  startup_stm32f303xc.o [1]
  .text              ro code   0x800'2c10     0x4  startup_stm32f303xc.o [1]
  .text              ro code   0x800'2c14     0x4  startup_stm32f303xc.o [1]
  .text              ro code   0x800'2c18     0x4  startup_stm32f303xc.o [1]
  .text              ro code   0x800'2c1c     0x4  startup_stm32f303xc.o [1]
  .text              ro code   0x800'2c20     0x4  startup_stm32f303xc.o [1]
  .text              ro code   0x800'2c24     0x4  startup_stm32f303xc.o [1]
  .text              ro code   0x800'2c28     0x4  startup_stm32f303xc.o [1]
  .text              ro code   0x800'2c2c     0x4  startup_stm32f303xc.o [1]
  .text              ro code   0x800'2c30     0x4  startup_stm32f303xc.o [1]
  .text              ro code   0x800'2c34     0x4  startup_stm32f303xc.o [1]
  .text              ro code   0x800'2c38     0x4  startup_stm32f303xc.o [1]
  .text              ro code   0x800'2c3c     0x4  startup_stm32f303xc.o [1]
  .text              ro code   0x800'2c40     0x4  startup_stm32f303xc.o [1]
  .text              ro code   0x800'2c44     0x4  startup_stm32f303xc.o [1]
  .text              ro code   0x800'2c48     0x4  startup_stm32f303xc.o [1]
  .text              ro code   0x800'2c4c     0x4  startup_stm32f303xc.o [1]
  .text              ro code   0x800'2c50     0x0  cstart_closeall.o [4]
  .rodata            const     0x800'2c50     0x0  zero_init3.o [4]
  .rodata            const     0x800'2c50     0x0  packbits_init_single.o [4]
  Initializer bytes  const     0x800'2c50    0x95  <for P2-1>
                             - 0x800'2ce5  0x2b5d

"P2", part 1 of 3:                          0x109
  P2-1                        0x2000'0000   0x109  <Init block>
    .data            inited   0x2000'0000     0x4  stm32f3xx_hal.o [1]
    .data            inited   0x2000'0004     0x4  system_stm32f3xx.o [1]
    .data            inited   0x2000'0008    0x48  xfiles.o [2]
    .data            inited   0x2000'0050    0x48  xfiles.o [2]
    .data            inited   0x2000'0098    0x48  xfiles.o [2]
    .data            inited   0x2000'00e0    0x20  xfiles.o [2]
    .data            inited   0x2000'0100     0x8  XShttio.o [2]
    .data            inited   0x2000'0108     0x1  stm32f3xx_hal.o [1]
                            - 0x2000'0109   0x109

"P2", part 2 of 3:                          0x58c
  .bss               zero     0x2000'010c   0x3a8  usb.o [1]
  .bss               zero     0x2000'04b4    0x80  XShHandles.o [2]
  .bss               zero     0x2000'0534    0x64  spi.o [1]
  .bss               zero     0x2000'0598    0x50  xfiles.o [2]
  .bss               zero     0x2000'05e8    0x50  xfiles.o [2]
  .bss               zero     0x2000'0638    0x4c  i2c.o [1]
  .bss               zero     0x2000'0684     0x8  heap0.o [2]
  .bss               zero     0x2000'068c     0x4  stm32f3xx_hal.o [1]
  .bss               zero     0x2000'0690     0x4  xgetmemchunk.o [2]
  .bss               zero     0x2000'0694     0x1  XShttio.o [2]
                            - 0x2000'0695   0x589

"P2", part 3 of 3:                          0x600
  CSTACK                      0x2000'0698   0x400  <Block>
    CSTACK           uninit   0x2000'0698   0x400  <Block tail>
  HEAP                        0x2000'0a98   0x200  <Block>
    HEAP             uninit   0x2000'0a98   0x200  <Block tail>
                            - 0x2000'0c98   0x600

Unused ranges:

         From           To      Size
         ----           --      ----
   0x800'2ce5   0x803'ffff  0x3'd31b
  0x2000'0109  0x2000'010b       0x3
  0x2000'0c98  0x2000'9fff    0x9368


*******************************************************************************
*** INIT TABLE
***

          Address      Size
          -------      ----
Zero (__iar_zero_init3)
    1 destination range, total size 0x589:
          0x2000'010c  0x589

Copy/packbits (__iar_packbits_init_single3)
    1 source range, total size 0x95 (56% of destination):
           0x800'2c50   0x95
    1 destination range, total size 0x109:
          0x2000'0000  0x109



*******************************************************************************
*** MODULE SUMMARY
***

    Module                  ro code  ro data  rw data
    ------                  -------  -------  -------
command line/config:
    -------------------------------------------------
    Total:

C:\Users\fy\Documents\GitHub\Inbyggade-System-VT19\Test\Debug\Obj: [1]
    Pingpong_function.o         728
    clockinit.o                 152
    gpio.o                      432
    i2c.o                       208                76
    main.o                      470      424
    spi.o                       192               100
    startup_stm32f303xc.o       672
    stm32f3xx_hal.o             188        3        9
    stm32f3xx_hal_cortex.o      256
    stm32f3xx_hal_gpio.o        516
    stm32f3xx_hal_i2c.o         204
    stm32f3xx_hal_i2c_ex.o      192
    stm32f3xx_hal_msp.o          60
    stm32f3xx_hal_pcd.o         262
    stm32f3xx_hal_rcc.o       2 364       32
    stm32f3xx_hal_rcc_ex.o      612
    stm32f3xx_hal_spi.o         208
    stm32f3xx_it.o               24
    system_stm32f3xx.o          132       18        4
    usb.o                       160               936
    -------------------------------------------------
    Total:                    8 032      477    1 125

dl7M_tlf.a: [2]
    XShHandles.o                204               128
    XShttio.o                    60        5        9
    exit.o                        4
    fclose.o                    126
    fflush.o                    172
    fputc.o                      84
    fseek.o                      36
    heap0.o                     320                 8
    heaptramp0.o                  4
    low_level_init.o              4
    printf.o                     40
    putchar.o                    12
    xcloseall.o                  60
    xfgpos.o                     12
    xfiles.o                             139      408
    xfofind.o                   140
    xfspos.o                    216
    xfwprep.o                   180
    xgetmemchunk.o               44                 4
    xprintftiny.o               318
    xprout.o                     22
    -------------------------------------------------
    Total:                    2 058      144      557

m7M_tls.a: [3]
    fpinit_M.o                   34
    -------------------------------------------------
    Total:                       34

rt7M_tl.a: [4]
    ABImemclr4.o                  6
    ABImemset48.o                50
    cexit.o                      14
    cmain.o                      30
    cstart_closeall.o
    cstartup_M.o                 12
    data_init.o                  40
    packbits_init_single.o       56
    strlen.o                     54
    zero_init3.o                 58
    -------------------------------------------------
    Total:                      320

shb_l.a: [5]
    close.o                      24
    dwrite.o                     30
    exit.o                       20
    iarttio.o                   128
    iarwrite.o                   34
    iarwstd.o                    32
    lseek.o                      74
    remove.o                     20
    write.o                      16
    -------------------------------------------------
    Total:                      378

    Gaps                         14        4
    Linker created                        32    1 536
-----------------------------------------------------
    Grand Total:             10 836      657    3 218


*******************************************************************************
*** ENTRY LIST
***

Entry                       Address   Size  Type      Object
-----                       -------   ----  ----      ------
.iar.init_table$$Base    0x800'29cc          --   Gb  - Linker created -
.iar.init_table$$Limit   0x800'29ec          --   Gb  - Linker created -
?main                    0x800'29ed         Code  Gb  cmain.o [4]
AHBPrescTable            0x800'2b04   0x10  Data  Gb  system_stm32f3xx.o [1]
Aldata                  0x2000'0684    0x8  Data  Lc  heap0.o [2]
BusFault_Handler         0x800'2a6f    0x2  Code  Gb  stm32f3xx_it.o [1]
CSTACK$$Base            0x2000'0698          --   Gb  - Linker created -
CSTACK$$Limit           0x2000'0a98          --   Gb  - Linker created -
DebugMon_Handler         0x800'2a75    0x2  Code  Gb  stm32f3xx_it.o [1]
Error_Handler            0x800'1531    0x2  Code  Gb  main.o [1]
HAL_Delay                0x800'1a31   0x28  Code  Wk  stm32f3xx_hal.o [1]
HAL_GPIO_Init            0x800'0ef5  0x1b6  Code  Gb  stm32f3xx_hal_gpio.o [1]
HAL_GPIO_ReadPin         0x800'10ab   0x12  Code  Gb  stm32f3xx_hal_gpio.o [1]
HAL_GPIO_WritePin        0x800'10bd   0x12  Code  Gb  stm32f3xx_hal_gpio.o [1]
HAL_GetTick              0x800'0ac5    0xc  Code  Wk  stm32f3xx_hal.o [1]
HAL_I2CEx_ConfigAnalogFilter
                         0x800'1b69   0x62  Code  Gb  stm32f3xx_hal_i2c_ex.o [1]
HAL_I2CEx_ConfigDigitalFilter
                         0x800'1bcb   0x5e  Code  Gb  stm32f3xx_hal_i2c_ex.o [1]
HAL_I2C_Init             0x800'1a9d   0xcc  Code  Gb  stm32f3xx_hal_i2c.o [1]
HAL_I2C_MspInit          0x800'1831   0x5e  Code  Gb  i2c.o [1]
HAL_IncTick              0x800'2a51   0x18  Code  Wk  stm32f3xx_hal.o [1]
HAL_Init                 0x800'156d   0x20  Code  Gb  stm32f3xx_hal.o [1]
HAL_InitTick             0x800'0ad1   0x4c  Code  Wk  stm32f3xx_hal.o [1]
HAL_MspInit              0x800'1a59   0x3c  Code  Gb  stm32f3xx_hal_msp.o [1]
HAL_NVIC_SetPriority     0x800'0bd7   0x22  Code  Gb  stm32f3xx_hal_cortex.o [1]
HAL_NVIC_SetPriorityGrouping
                         0x800'0bcf    0x8  Code  Gb  stm32f3xx_hal_cortex.o [1]
HAL_PCD_Init             0x800'1cf9  0x106  Code  Gb  stm32f3xx_hal_pcd.o [1]
HAL_PCD_MspInit          0x800'1997   0x62  Code  Gb  usb.o [1]
HAL_RCCEx_PeriphCLKConfig
                         0x800'10f9  0x242  Code  Gb  stm32f3xx_hal_rcc_ex.o [1]
HAL_RCC_ClockConfig      0x800'0849  0x1d4  Code  Gb  stm32f3xx_hal_rcc.o [1]
HAL_RCC_GetSysClockFreq
                         0x800'0a1d   0x68  Code  Gb  stm32f3xx_hal_rcc.o [1]
HAL_RCC_OscConfig        0x800'0189  0x6c0  Code  Gb  stm32f3xx_hal_rcc.o [1]
HAL_SPI_Init             0x800'1c29   0xd0  Code  Gb  stm32f3xx_hal_spi.o [1]
HAL_SPI_MspInit          0x800'18f9   0x60  Code  Gb  spi.o [1]
HAL_SYSTICK_Config       0x800'0bf9    0x8  Code  Gb  stm32f3xx_hal_cortex.o [1]
HEAP$$Base              0x2000'0a98          --   Gb  - Linker created -
HEAP$$Limit             0x2000'0c98          --   Gb  - Linker created -
HardFault_Handler        0x800'2a6b    0x2  Code  Gb  stm32f3xx_it.o [1]
L_hit                    0x800'0eb7   0x18  Code  Gb  Pingpong_function.o [1]
Led_on                   0x800'0c1d  0x16a  Code  Gb  Pingpong_function.o [1]
MX_GPIO_Init             0x800'1629  0x1b0  Code  Gb  gpio.o [1]
MX_I2C1_Init             0x800'17d9   0x58  Code  Gb  i2c.o [1]
MX_SPI1_Init             0x800'18a9   0x50  Code  Gb  spi.o [1]
MX_USB_PCD_Init          0x800'1969   0x2e  Code  Gb  usb.o [1]
MemManage_Handler        0x800'2a6d    0x2  Code  Gb  stm32f3xx_it.o [1]
NMI_Handler              0x800'2a69    0x2  Code  Gb  stm32f3xx_it.o [1]
NVIC_EncodePriority      0x800'0b65   0x3c  Code  Lc  stm32f3xx_hal_cortex.o [1]
NVIC_GetPriorityGrouping
                         0x800'0b37    0xa  Code  Lc  stm32f3xx_hal_cortex.o [1]
NVIC_SetPriority         0x800'0b41   0x24  Code  Lc  stm32f3xx_hal_cortex.o [1]
NVIC_SetPriorityGrouping
                         0x800'0b1d   0x1a  Code  Lc  stm32f3xx_hal_cortex.o [1]
PendSV_Handler           0x800'2a77    0x2  Code  Gb  stm32f3xx_it.o [1]
R_hit                    0x800'0ecf   0x18  Code  Gb  Pingpong_function.o [1]
Region$$Table$$Base      0x800'29cc          --   Gb  - Linker created -
Region$$Table$$Limit     0x800'29ec          --   Gb  - Linker created -
SVC_Handler              0x800'2a73    0x2  Code  Gb  stm32f3xx_it.o [1]
Show_points              0x800'0d87  0x130  Code  Gb  Pingpong_function.o [1]
SysTick_Config           0x800'0ba1   0x2e  Code  Lc  stm32f3xx_hal_cortex.o [1]
SysTick_Handler          0x800'2a79    0x8  Code  Gb  stm32f3xx_it.o [1]
SystemClock_Config       0x800'1591   0x98  Code  Gb  clockinit.o [1]
SystemCoreClock         0x2000'0004    0x4  Data  Gb  system_stm32f3xx.o [1]
SystemInit               0x800'2651   0x5a  Code  Gb  system_stm32f3xx.o [1]
UsageFault_Handler       0x800'2a71    0x2  Code  Gb  stm32f3xx_it.o [1]
_Close_all               0x800'2815   0x3c  Code  Gb  xcloseall.o [2]
_Files                  0x2000'00e0   0x20  Data  Gb  xfiles.o [2]
_Fofree                  0x800'25c1   0x86  Code  Gb  xfofind.o [2]
_Fspos                   0x800'2115   0xd8  Code  Gb  xfspos.o [2]
_Fwprep                  0x800'24e9   0xb4  Code  Gb  xfwprep.o [2]
_Nnl                     0x800'2299    0xc  Code  Gb  xfgpos.o [2]
_PrintfTiny              0x800'1e17  0x126  Code  Gb  xprintftiny.o [2]
_Prout                   0x800'2a81   0x16  Code  Gb  xprout.o [2]
__aeabi_memclr4          0x800'1a95         Code  Gb  ABImemclr4.o [4]
__basic_free             0x800'2055   0x16  Code  Gb  heap0.o [2]
__basic_free_intern      0x800'206b   0x7a  Code  Lc  heap0.o [2]
__basic_malloc           0x800'1fa9   0x18  Code  Gb  heap0.o [2]
__basic_malloc_intern    0x800'1fc1   0x94  Code  Lc  heap0.o [2]
__cexit_closeall         0x800'2a17         Code  Gb  cexit.o [4]
__close                  0x800'2753   0x18  Code  Gb  close.o [5]
__cmain                  0x800'29ed         Code  Gb  cmain.o [4]
__cstart_closeall        0x800'2c50         Data  Gb  cstart_closeall.o [4]
__data_GetMemChunk       0x800'20e9   0x2c  Code  Gb  xgetmemchunk.o [2]
__data_GetMemChunk::start
                        0x2000'0690    0x4  Data  Lc  xgetmemchunk.o [2]
__dwrite                 0x800'23cd   0x1e  Code  Gb  dwrite.o [5]
__exit                   0x800'2a25   0x14  Code  Gb  exit.o [5]
__iar_Memset4_word       0x800'1f3d         Code  Gb  ABImemset48.o [4]
__iar_Memset8_word       0x800'1f3d         Code  Gb  ABImemset48.o [4]
__iar_Stderr            0x2000'0098   0x48  Data  Gb  xfiles.o [2]
__iar_Stdin             0x2000'0008   0x48  Data  Gb  xfiles.o [2]
__iar_Stdout            0x2000'0050   0x48  Data  Gb  xfiles.o [2]
__iar_close_ttio         0x800'242d   0x2e  Code  Gb  iarttio.o [5]
__iar_data_init3         0x800'2981   0x28  Code  Gb  data_init.o [4]
__iar_get_ttio           0x800'245d   0x4c  Code  Gb  iarttio.o [5]
__iar_init_vfp           0x800'29a9         Code  Gb  fpinit_M.o [3]
__iar_lookup_ttioh       0x800'24db    0x4  Code  Gb  XShttio.o [2]
__iar_packbits_init_single3
                         0x800'2889   0x38  Code  Gb  packbits_init_single.o [4]
__iar_program_start      0x800'2b3d         Code  Gb  cstartup_M.o [4]
__iar_sh_Discard         0x800'2301   0x42  Code  Gb  XShHandles.o [2]
__iar_sh_Move            0x800'2343   0x46  Code  Gb  XShHandles.o [2]
__iar_sh_Pos             0x800'2389   0x3e  Code  Gb  XShHandles.o [2]
__iar_sh_stdout          0x800'23eb   0x20  Code  Gb  iarwstd.o [5]
__iar_sh_write           0x800'240b   0x22  Code  Gb  iarwrite.o [5]
__iar_ttio_guard_lock    0x800'24ad   0x1e  Code  Gb  XShttio.o [2]
__iar_ttio_guard_unlock
                         0x800'24cb   0x10  Code  Gb  XShttio.o [2]
__iar_ttio_handles      0x2000'0100    0x8  Data  Lc  XShttio.o [2]
__iar_zero_init3         0x800'1533   0x3a  Code  Gb  zero_init3.o [4]
__low_level_init         0x800'2a0b    0x4  Code  Gb  low_level_init.o [2]
__lseek                  0x800'22a5   0x4a  Code  Gb  lseek.o [5]
__vector_table           0x800'0000         Data  Gb  startup_stm32f303xc.o [1]
__write                  0x800'22ef   0x10  Code  Gb  write.o [5]
_call_main               0x800'29f9         Code  Gb  cmain.o [4]
_exit                    0x800'2a15         Code  Gb  cexit.o [4]
_main                    0x800'2a07         Code  Gb  cmain.o [4]
aPLLMULFactorTable       0x800'2ae4   0x10  Data  Gb  stm32f3xx_hal_rcc.o [1]
aPredivFactorTable       0x800'2af4   0x10  Data  Gb  stm32f3xx_hal_rcc.o [1]
ebuf                    0x2000'0598   0x50  Data  Lc  xfiles.o [2]
exit                     0x800'2a0f    0x4  Code  Gb  exit.o [2]
fclose                   0x800'26d5   0x7e  Code  Gb  fclose.o [2]
fflush                   0x800'2261   0x34  Code  Gb  fflush.o [2]
fflushOne                0x800'21ed   0x74  Code  Lc  fflush.o [2]
fputc                    0x800'277f   0x54  Code  Gb  fputc.o [2]
free                     0x800'264d    0x4  Code  Gb  heaptramp0.o [2]
fseek                    0x800'259d   0x24  Code  Gb  fseek.o [2]
hi2c1                   0x2000'0638   0x4c  Data  Gb  i2c.o [1]
hpcd_USB_FS             0x2000'010c  0x3a8  Data  Gb  usb.o [1]
hspi1                   0x2000'0534   0x64  Data  Gb  spi.o [1]
main                     0x800'135d  0x1a0  Code  Gb  main.o [1]
obuf                    0x2000'05e8   0x50  Data  Lc  xfiles.o [2]
out                      0x800'1dff   0x18  Code  Lc  xprintftiny.o [2]
printf                   0x800'1a09   0x28  Code  Gb  printf.o [2]
putchar                  0x800'2a99    0xc  Code  Gb  putchar.o [2]
remove                   0x800'276b   0x14  Code  Gb  remove.o [5]
sFileInfo               0x2000'04b4   0x80  Data  Lc  XShHandles.o [2]
strlen                   0x800'1f71         Code  Gb  strlen.o [4]
ttio_guard              0x2000'0694    0x1  Data  Lc  XShttio.o [2]
uwTick                  0x2000'068c    0x4  Data  Gb  stm32f3xx_hal.o [1]
uwTickFreq              0x2000'0108    0x1  Data  Gb  stm32f3xx_hal.o [1]
uwTickPrio              0x2000'0000    0x4  Data  Gb  stm32f3xx_hal.o [1]


[1] = C:\Users\fy\Documents\GitHub\Inbyggade-System-VT19\Test\Debug\Obj
[2] = dl7M_tlf.a
[3] = m7M_tls.a
[4] = rt7M_tl.a
[5] = shb_l.a

  10 836 bytes of readonly  code memory
     657 bytes of readonly  data memory
   3 218 bytes of readwrite data memory

Errors: none
Warnings: none
