###############################################################################
#
# IAR ELF Linker V8.32.2.178/W32 for ARM                  27/Jan/2019  19:48:15
# Copyright 2007-2018 IAR Systems AB.
#
#    Output file  =  
#        C:\Users\fy\Documents\GitHub\Inbyggade-System-VT19\EWARM\Pingpong\Exe\Pingpong.out
#    Map file     =  
#        C:\Users\fy\Documents\GitHub\Inbyggade-System-VT19\EWARM\Pingpong\List\Pingpong.map
#    Command line =  
#        -f C:\Users\fy\AppData\Local\Temp\EW3FF8.tmp
#        (C:\Users\fy\Documents\GitHub\Inbyggade-System-VT19\EWARM\Pingpong\Obj\clockinit.o
#        C:\Users\fy\Documents\GitHub\Inbyggade-System-VT19\EWARM\Pingpong\Obj\gpio.o
#        C:\Users\fy\Documents\GitHub\Inbyggade-System-VT19\EWARM\Pingpong\Obj\i2c.o
#        C:\Users\fy\Documents\GitHub\Inbyggade-System-VT19\EWARM\Pingpong\Obj\main.o
#        C:\Users\fy\Documents\GitHub\Inbyggade-System-VT19\EWARM\Pingpong\Obj\Pingpong_function.o
#        C:\Users\fy\Documents\GitHub\Inbyggade-System-VT19\EWARM\Pingpong\Obj\spi.o
#        C:\Users\fy\Documents\GitHub\Inbyggade-System-VT19\EWARM\Pingpong\Obj\startup_stm32f303xc.o
#        C:\Users\fy\Documents\GitHub\Inbyggade-System-VT19\EWARM\Pingpong\Obj\stm32f3xx_hal.o
#        C:\Users\fy\Documents\GitHub\Inbyggade-System-VT19\EWARM\Pingpong\Obj\stm32f3xx_hal_cortex.o
#        C:\Users\fy\Documents\GitHub\Inbyggade-System-VT19\EWARM\Pingpong\Obj\stm32f3xx_hal_dma.o
#        C:\Users\fy\Documents\GitHub\Inbyggade-System-VT19\EWARM\Pingpong\Obj\stm32f3xx_hal_flash.o
#        C:\Users\fy\Documents\GitHub\Inbyggade-System-VT19\EWARM\Pingpong\Obj\stm32f3xx_hal_flash_ex.o
#        C:\Users\fy\Documents\GitHub\Inbyggade-System-VT19\EWARM\Pingpong\Obj\stm32f3xx_hal_gpio.o
#        C:\Users\fy\Documents\GitHub\Inbyggade-System-VT19\EWARM\Pingpong\Obj\stm32f3xx_hal_i2c.o
#        C:\Users\fy\Documents\GitHub\Inbyggade-System-VT19\EWARM\Pingpong\Obj\stm32f3xx_hal_i2c_ex.o
#        C:\Users\fy\Documents\GitHub\Inbyggade-System-VT19\EWARM\Pingpong\Obj\stm32f3xx_hal_msp.o
#        C:\Users\fy\Documents\GitHub\Inbyggade-System-VT19\EWARM\Pingpong\Obj\stm32f3xx_hal_pcd.o
#        C:\Users\fy\Documents\GitHub\Inbyggade-System-VT19\EWARM\Pingpong\Obj\stm32f3xx_hal_pcd_ex.o
#        C:\Users\fy\Documents\GitHub\Inbyggade-System-VT19\EWARM\Pingpong\Obj\stm32f3xx_hal_pwr.o
#        C:\Users\fy\Documents\GitHub\Inbyggade-System-VT19\EWARM\Pingpong\Obj\stm32f3xx_hal_pwr_ex.o
#        C:\Users\fy\Documents\GitHub\Inbyggade-System-VT19\EWARM\Pingpong\Obj\stm32f3xx_hal_rcc.o
#        C:\Users\fy\Documents\GitHub\Inbyggade-System-VT19\EWARM\Pingpong\Obj\stm32f3xx_hal_rcc_ex.o
#        C:\Users\fy\Documents\GitHub\Inbyggade-System-VT19\EWARM\Pingpong\Obj\stm32f3xx_hal_spi.o
#        C:\Users\fy\Documents\GitHub\Inbyggade-System-VT19\EWARM\Pingpong\Obj\stm32f3xx_hal_spi_ex.o
#        C:\Users\fy\Documents\GitHub\Inbyggade-System-VT19\EWARM\Pingpong\Obj\stm32f3xx_hal_tim.o
#        C:\Users\fy\Documents\GitHub\Inbyggade-System-VT19\EWARM\Pingpong\Obj\stm32f3xx_hal_tim_ex.o
#        C:\Users\fy\Documents\GitHub\Inbyggade-System-VT19\EWARM\Pingpong\Obj\stm32f3xx_it.o
#        C:\Users\fy\Documents\GitHub\Inbyggade-System-VT19\EWARM\Pingpong\Obj\system_stm32f3xx.o
#        C:\Users\fy\Documents\GitHub\Inbyggade-System-VT19\EWARM\Pingpong\Obj\usb.o
#        --redirect _Printf=_PrintfFull --redirect _Scanf=_ScanfFull
#        --no_out_extension -o
#        C:\Users\fy\Documents\GitHub\Inbyggade-System-VT19\EWARM\Pingpong\Exe\Pingpong.out
#        --map
#        C:\Users\fy\Documents\GitHub\Inbyggade-System-VT19\EWARM\Pingpong\List\Pingpong.map
#        --config
#        C:\Users\fy\Documents\GitHub\Inbyggade-System-VT19\EWARM/stm32f303xc_flash.icf
#        --semihosting --entry __iar_program_start --vfe --text_out locale)
#
###############################################################################

*******************************************************************************
*** RUNTIME MODEL ATTRIBUTES
***

CppFlavor       = *
__SystemLibrary = DLib
__dlib_version  = 6


*******************************************************************************
*** HEAP SELECTION
***

The basic heap was selected because some modules are built with
size limitations (and not runtime checking), and --advanced_heap
was not specified.


*******************************************************************************
*** PLACEMENT SUMMARY
***

"A0":  place at 0x800'0000 { ro section .intvec };
"P1":  place in [from 0x800'0000 to 0x803'ffff] { ro };
define block CSTACK with size = 1K, alignment = 8 { };
define block HEAP with size = 512, alignment = 8 { };
"P2":  place in [from 0x2000'0000 to 0x2000'9fff] {
          rw, block CSTACK, block HEAP };
initialize by copy { rw };

  Section            Kind         Address    Size  Object
  -------            ----         -------    ----  ------
"A0":                                       0x188
  .intvec            ro code   0x800'0000   0x188  startup_stm32f303xc.o [1]
                             - 0x800'0188   0x188

"P1":                                      0x17b4
  .text              ro code   0x800'0188   0x48c  stm32f3xx_hal_rcc.o [1]
  .text              ro code   0x800'0614     0xc  stm32f3xx_hal.o [1]
  .text              ro code   0x800'0620    0x40  stm32f3xx_hal.o [1]
  .text              ro code   0x800'0660    0xac  stm32f3xx_hal_cortex.o [1]
  .text              ro code   0x800'070c   0x204  main.o [1]
  .text              ro code   0x800'0910    0x24  stm32f3xx_hal.o [1]
  .text              ro code   0x800'0934    0x9c  clockinit.o [1]
  .text              ro code   0x800'09d0   0x188  gpio.o [1]
  .text              ro code   0x800'0b58    0xbc  i2c.o [1]
  .text              ro code   0x800'0c14    0xb0  spi.o [1]
  .text              ro code   0x800'0cc4    0x98  usb.o [1]
  .text              ro code   0x800'0d5c   0x1d4  Pingpong_function.o [1]
  .text              ro code   0x800'0f30    0x28  stm32f3xx_hal.o [1]
  .text              ro code   0x800'0f58   0x1d0  stm32f3xx_hal_gpio.o [1]
  .text              ro code   0x800'1128    0x34  stm32f3xx_hal_msp.o [1]
  .text              ro code   0x800'115c    0x18  ABImemcpy_small.o [4]
  .text              ro code   0x800'1174     0x6  ABImemclr4.o [4]
  .text              ro code   0x800'117a    0x3a  zero_init3.o [4]
  .text              ro code   0x800'11b4   0x1b8  stm32f3xx_hal_rcc_ex.o [1]
  .text              ro code   0x800'136c    0xb0  stm32f3xx_hal_i2c.o [1]
  .text              ro code   0x800'141c    0x7e  stm32f3xx_hal_i2c_ex.o [1]
  .text              ro code   0x800'149c    0xb8  stm32f3xx_hal_spi.o [1]
  .text              ro code   0x800'1554    0x98  stm32f3xx_hal_pcd.o [1]
  .text              ro code   0x800'15ec    0x32  ABImemset48.o [4]
  .text              ro code   0x800'1620    0x7c  system_stm32f3xx.o [1]
  .rodata            const     0x800'169c    0x64  clockinit.o [1]
  .text              ro code   0x800'1700    0x2c  copy_init3.o [4]
  .text              ro code   0x800'172c    0x28  data_init.o [4]
  .text              ro code   0x800'1754    0x22  fpinit_M.o [3]
  .iar.init_table    const     0x800'1778    0x24  - Linker created -
  .text              ro code   0x800'179c    0x1e  cmain.o [4]
  .text              ro code   0x800'17ba     0x4  low_level_init.o [2]
  .text              ro code   0x800'17be     0x4  exit.o [2]
  .text              ro code   0x800'17c4     0xa  cexit.o [4]
  .text              ro code   0x800'17d0    0x14  exit.o [5]
  .text              ro code   0x800'17e4    0x14  stm32f3xx_it.o [1]
  .text              ro code   0x800'17f8    0x10  stm32f3xx_hal.o [1]
  .text              ro code   0x800'1808    0x10  startup_stm32f303xc.o [1]
  Initializer bytes  const     0x800'1818    0x10  <for P2-1>
  .text              ro code   0x800'1828     0xc  cstartup_M.o [4]
  .text              ro code   0x800'1834     0x4  startup_stm32f303xc.o [1]
  .text              ro code   0x800'1838     0x4  startup_stm32f303xc.o [1]
  .text              ro code   0x800'183c     0x4  startup_stm32f303xc.o [1]
  .text              ro code   0x800'1840     0x4  startup_stm32f303xc.o [1]
  .text              ro code   0x800'1844     0x4  startup_stm32f303xc.o [1]
  .text              ro code   0x800'1848     0x4  startup_stm32f303xc.o [1]
  .text              ro code   0x800'184c     0x4  startup_stm32f303xc.o [1]
  .text              ro code   0x800'1850     0x4  startup_stm32f303xc.o [1]
  .text              ro code   0x800'1854     0x4  startup_stm32f303xc.o [1]
  .text              ro code   0x800'1858     0x4  startup_stm32f303xc.o [1]
  .text              ro code   0x800'185c     0x4  startup_stm32f303xc.o [1]
  .text              ro code   0x800'1860     0x4  startup_stm32f303xc.o [1]
  .text              ro code   0x800'1864     0x4  startup_stm32f303xc.o [1]
  .text              ro code   0x800'1868     0x4  startup_stm32f303xc.o [1]
  .text              ro code   0x800'186c     0x4  startup_stm32f303xc.o [1]
  .text              ro code   0x800'1870     0x4  startup_stm32f303xc.o [1]
  .text              ro code   0x800'1874     0x4  startup_stm32f303xc.o [1]
  .text              ro code   0x800'1878     0x4  startup_stm32f303xc.o [1]
  .text              ro code   0x800'187c     0x4  startup_stm32f303xc.o [1]
  .text              ro code   0x800'1880     0x4  startup_stm32f303xc.o [1]
  .text              ro code   0x800'1884     0x4  startup_stm32f303xc.o [1]
  .text              ro code   0x800'1888     0x4  startup_stm32f303xc.o [1]
  .text              ro code   0x800'188c     0x4  startup_stm32f303xc.o [1]
  .text              ro code   0x800'1890     0x4  startup_stm32f303xc.o [1]
  .text              ro code   0x800'1894     0x4  startup_stm32f303xc.o [1]
  .text              ro code   0x800'1898     0x4  startup_stm32f303xc.o [1]
  .text              ro code   0x800'189c     0x4  startup_stm32f303xc.o [1]
  .text              ro code   0x800'18a0     0x4  startup_stm32f303xc.o [1]
  .text              ro code   0x800'18a4     0x4  startup_stm32f303xc.o [1]
  .text              ro code   0x800'18a8     0x4  startup_stm32f303xc.o [1]
  .text              ro code   0x800'18ac     0x4  startup_stm32f303xc.o [1]
  .text              ro code   0x800'18b0     0x4  startup_stm32f303xc.o [1]
  .text              ro code   0x800'18b4     0x4  startup_stm32f303xc.o [1]
  .text              ro code   0x800'18b8     0x4  startup_stm32f303xc.o [1]
  .text              ro code   0x800'18bc     0x4  startup_stm32f303xc.o [1]
  .text              ro code   0x800'18c0     0x4  startup_stm32f303xc.o [1]
  .text              ro code   0x800'18c4     0x4  startup_stm32f303xc.o [1]
  .text              ro code   0x800'18c8     0x4  startup_stm32f303xc.o [1]
  .text              ro code   0x800'18cc     0x4  startup_stm32f303xc.o [1]
  .text              ro code   0x800'18d0     0x4  startup_stm32f303xc.o [1]
  .text              ro code   0x800'18d4     0x4  startup_stm32f303xc.o [1]
  .text              ro code   0x800'18d8     0x4  startup_stm32f303xc.o [1]
  .text              ro code   0x800'18dc     0x4  startup_stm32f303xc.o [1]
  .text              ro code   0x800'18e0     0x4  startup_stm32f303xc.o [1]
  .text              ro code   0x800'18e4     0x4  startup_stm32f303xc.o [1]
  .text              ro code   0x800'18e8     0x4  startup_stm32f303xc.o [1]
  .text              ro code   0x800'18ec     0x4  startup_stm32f303xc.o [1]
  .text              ro code   0x800'18f0     0x4  startup_stm32f303xc.o [1]
  .text              ro code   0x800'18f4     0x4  startup_stm32f303xc.o [1]
  .text              ro code   0x800'18f8     0x4  startup_stm32f303xc.o [1]
  .text              ro code   0x800'18fc     0x4  startup_stm32f303xc.o [1]
  .text              ro code   0x800'1900     0x4  startup_stm32f303xc.o [1]
  .text              ro code   0x800'1904     0x4  startup_stm32f303xc.o [1]
  .text              ro code   0x800'1908     0x4  startup_stm32f303xc.o [1]
  .text              ro code   0x800'190c     0x4  startup_stm32f303xc.o [1]
  .text              ro code   0x800'1910     0x4  startup_stm32f303xc.o [1]
  .text              ro code   0x800'1914     0x4  startup_stm32f303xc.o [1]
  .text              ro code   0x800'1918     0x4  startup_stm32f303xc.o [1]
  .text              ro code   0x800'191c     0x4  startup_stm32f303xc.o [1]
  .text              ro code   0x800'1920     0x4  startup_stm32f303xc.o [1]
  .text              ro code   0x800'1924     0x4  startup_stm32f303xc.o [1]
  .text              ro code   0x800'1928     0x4  startup_stm32f303xc.o [1]
  .text              ro code   0x800'192c     0x4  startup_stm32f303xc.o [1]
  .text              ro code   0x800'1930     0x4  startup_stm32f303xc.o [1]
  .text              ro code   0x800'1934     0x4  startup_stm32f303xc.o [1]
  .text              ro code   0x800'1938     0x4  startup_stm32f303xc.o [1]
  .rodata            const     0x800'193c     0x0  zero_init3.o [4]
  .rodata            const     0x800'193c     0x0  copy_init3.o [4]
                             - 0x800'193c  0x17b4

"P2", part 1 of 3:                           0x10
  P2-1                        0x2000'0000    0x10  <Init block>
    .data            inited   0x2000'0000     0xc  stm32f3xx_hal.o [1]
    .data            inited   0x2000'000c     0x4  system_stm32f3xx.o [1]
                            - 0x2000'0010    0x10

"P2", part 2 of 3:                          0x45c
  .bss               zero     0x2000'0010   0x3a8  usb.o [1]
  .bss               zero     0x2000'03b8    0x64  spi.o [1]
  .bss               zero     0x2000'041c    0x4c  i2c.o [1]
  .bss               zero     0x2000'0468     0x2  main.o [1]
                            - 0x2000'046a   0x45a

"P2", part 3 of 3:                          0x400
  CSTACK                      0x2000'0470   0x400  <Block>
    CSTACK           uninit   0x2000'0470   0x400  <Block tail>
                            - 0x2000'0870   0x400

Unused ranges:

         From           To      Size
         ----           --      ----
   0x800'193c   0x803'ffff  0x3'e6c4
  0x2000'046c  0x2000'046f       0x4
  0x2000'0870  0x2000'9fff    0x9790


*******************************************************************************
*** INIT TABLE
***

          Address      Size
          -------      ----
Zero (__iar_zero_init3)
    1 destination range, total size 0x45a:
          0x2000'0010  0x45a

Copy (__iar_copy_init3)
    1 source range, total size 0x10:
           0x800'1818   0x10
    1 destination range, total size 0x10:
          0x2000'0000   0x10



*******************************************************************************
*** MODULE SUMMARY
***

    Module                  ro code  ro data  rw data
    ------                  -------  -------  -------
command line/config:
    -------------------------------------------------
    Total:

C:\Users\fy\Documents\GitHub\Inbyggade-System-VT19\EWARM\Pingpong\Obj: [1]
    Pingpong_function.o         468
    clockinit.o                 156      100
    gpio.o                      392
    i2c.o                       188                76
    main.o                      516                 2
    spi.o                       176               100
    startup_stm32f303xc.o       672
    stm32f3xx_hal.o             168       12       12
    stm32f3xx_hal_cortex.o      172
    stm32f3xx_hal_gpio.o        464
    stm32f3xx_hal_i2c.o         176
    stm32f3xx_hal_i2c_ex.o      126
    stm32f3xx_hal_msp.o          52
    stm32f3xx_hal_pcd.o         152
    stm32f3xx_hal_rcc.o       1 164
    stm32f3xx_hal_rcc_ex.o      440
    stm32f3xx_hal_spi.o         184
    stm32f3xx_it.o               20
    system_stm32f3xx.o          124        4        4
    usb.o                       152               936
    -------------------------------------------------
    Total:                    5 962      116    1 130

dl7M_tlf.a: [2]
    exit.o                        4
    low_level_init.o              4
    -------------------------------------------------
    Total:                        8

m7M_tls.a: [3]
    fpinit_M.o                   34
    -------------------------------------------------
    Total:                       34

rt7M_tl.a: [4]
    ABImemclr4.o                  6
    ABImemcpy_small.o            24
    ABImemset48.o                50
    cexit.o                      10
    cmain.o                      30
    copy_init3.o                 44
    cstartup_M.o                 12
    data_init.o                  40
    zero_init3.o                 58
    -------------------------------------------------
    Total:                      274

shb_l.a: [5]
    exit.o                       20
    -------------------------------------------------
    Total:                       20

    Gaps                          8        2
    Linker created                        36    1 024
-----------------------------------------------------
    Grand Total:              6 306      154    2 154


*******************************************************************************
*** ENTRY LIST
***

Entry                       Address   Size  Type      Object
-----                       -------   ----  ----      ------
.iar.init_table$$Base    0x800'1778          --   Gb  - Linker created -
.iar.init_table$$Limit   0x800'179c          --   Gb  - Linker created -
?main                    0x800'179d         Code  Gb  cmain.o [4]
AHBPrescTable            0x800'168c   0x10  Data  Gb  system_stm32f3xx.o [1]
BusFault_Handler         0x800'17eb    0x2  Code  Gb  stm32f3xx_it.o [1]
CSTACK$$Base            0x2000'0470          --   Gb  - Linker created -
CSTACK$$Limit           0x2000'0870          --   Gb  - Linker created -
DebugMon_Handler         0x800'17f1    0x2  Code  Gb  stm32f3xx_it.o [1]
Error_Handler            0x800'090f    0x2  Code  Gb  main.o [1]
HAL_Delay                0x800'0f31   0x28  Code  Wk  stm32f3xx_hal.o [1]
HAL_GPIO_Init            0x800'0f59  0x194  Code  Gb  stm32f3xx_hal_gpio.o [1]
HAL_GPIO_ReadPin         0x800'10f7    0xc  Code  Gb  stm32f3xx_hal_gpio.o [1]
HAL_GPIO_WritePin        0x800'1103    0xa  Code  Gb  stm32f3xx_hal_gpio.o [1]
HAL_GetTick              0x800'0615    0xc  Code  Wk  stm32f3xx_hal.o [1]
HAL_I2CEx_ConfigAnalogFilter
                         0x800'141d   0x2a  Code  Gb  stm32f3xx_hal_i2c_ex.o [1]
HAL_I2CEx_ConfigDigitalFilter
                         0x800'1447   0x26  Code  Gb  stm32f3xx_hal_i2c_ex.o [1]
HAL_I2C_Init             0x800'136d   0xa0  Code  Gb  stm32f3xx_hal_i2c.o [1]
HAL_I2C_MspInit          0x800'0ba5   0x5c  Code  Gb  i2c.o [1]
HAL_IncTick              0x800'17f9   0x10  Code  Wk  stm32f3xx_hal.o [1]
HAL_Init                 0x800'0911   0x20  Code  Gb  stm32f3xx_hal.o [1]
HAL_InitTick             0x800'0621   0x40  Code  Wk  stm32f3xx_hal.o [1]
HAL_MspInit              0x800'1129   0x34  Code  Gb  stm32f3xx_hal_msp.o [1]
HAL_NVIC_SetPriority     0x800'0695   0x3a  Code  Gb  stm32f3xx_hal_cortex.o [1]
HAL_NVIC_SetPriorityGrouping
                         0x800'067b   0x1a  Code  Gb  stm32f3xx_hal_cortex.o [1]
HAL_PCD_Init             0x800'1555   0x98  Code  Gb  stm32f3xx_hal_pcd.o [1]
HAL_PCD_MspInit          0x800'0cef   0x60  Code  Gb  usb.o [1]
HAL_RCCEx_PeriphCLKConfig
                         0x800'11b5  0x1aa  Code  Gb  stm32f3xx_hal_rcc_ex.o [1]
HAL_RCC_ClockConfig      0x800'0493   0xde  Code  Gb  stm32f3xx_hal_rcc.o [1]
HAL_RCC_GetSysClockFreq
                         0x800'0591   0x3c  Code  Gb  stm32f3xx_hal_rcc.o [1]
HAL_RCC_OscConfig        0x800'0189  0x2e4  Code  Gb  stm32f3xx_hal_rcc.o [1]
HAL_SPI_Init             0x800'149d   0xaa  Code  Gb  stm32f3xx_hal_spi.o [1]
HAL_SPI_MspInit          0x800'0c5b   0x5e  Code  Gb  spi.o [1]
HAL_SYSTICK_Config       0x800'06cf   0x28  Code  Gb  stm32f3xx_hal_cortex.o [1]
HardFault_Handler        0x800'17e7    0x2  Code  Gb  stm32f3xx_it.o [1]
L_hit                    0x800'0f05    0xa  Code  Gb  Pingpong_function.o [1]
Led_on                   0x800'0d5d   0xc8  Code  Gb  Pingpong_function.o [1]
MX_GPIO_Init             0x800'09d1  0x156  Code  Gb  gpio.o [1]
MX_I2C1_Init             0x800'0b59   0x4c  Code  Gb  i2c.o [1]
MX_SPI1_Init             0x800'0c15   0x46  Code  Gb  spi.o [1]
MX_USB_PCD_Init          0x800'0cc5   0x2a  Code  Gb  usb.o [1]
MemManage_Handler        0x800'17e9    0x2  Code  Gb  stm32f3xx_it.o [1]
NMI_Handler              0x800'17e5    0x2  Code  Gb  stm32f3xx_it.o [1]
NVIC_SetPriority         0x800'0661   0x1a  Code  Lc  stm32f3xx_hal_cortex.o [1]
NextState               0x2000'0469    0x1  Data  Gb  main.o [1]
PendSV_Handler           0x800'17f3    0x2  Code  Gb  stm32f3xx_it.o [1]
R_hit                    0x800'0f0f    0x8  Code  Gb  Pingpong_function.o [1]
Region$$Table$$Base      0x800'1778          --   Gb  - Linker created -
Region$$Table$$Limit     0x800'179c          --   Gb  - Linker created -
SVC_Handler              0x800'17ef    0x2  Code  Gb  stm32f3xx_it.o [1]
Show_points              0x800'0e25   0xb2  Code  Gb  Pingpong_function.o [1]
State                   0x2000'0468    0x1  Data  Gb  main.o [1]
SysTick_Handler          0x800'17f5    0x4  Code  Gb  stm32f3xx_it.o [1]
SystemClock_Config       0x800'0935   0x92  Code  Gb  clockinit.o [1]
SystemCoreClock         0x2000'000c    0x4  Data  Gb  system_stm32f3xx.o [1]
SystemInit               0x800'1621   0x54  Code  Gb  system_stm32f3xx.o [1]
UsageFault_Handler       0x800'17ed    0x2  Code  Gb  stm32f3xx_it.o [1]
__aeabi_memclr4          0x800'1175         Code  Gb  ABImemclr4.o [4]
__cmain                  0x800'179d         Code  Gb  cmain.o [4]
__exit                   0x800'17d1   0x14  Code  Gb  exit.o [5]
__iar_Memset4_word       0x800'15ed         Code  Gb  ABImemset48.o [4]
__iar_Memset8_word       0x800'15ed         Code  Gb  ABImemset48.o [4]
__iar_copy_init3         0x800'1701   0x2c  Code  Gb  copy_init3.o [4]
__iar_data_init3         0x800'172d   0x28  Code  Gb  data_init.o [4]
__iar_init_vfp           0x800'1755         Code  Gb  fpinit_M.o [3]
__iar_program_start      0x800'1829         Code  Gb  cstartup_M.o [4]
__iar_small_Memcpy       0x800'1161         Code  Gb  ABImemcpy_small.o [4]
__iar_small_memcpy       0x800'115d         Code  Gb  ABImemcpy_small.o [4]
__iar_small_memcpy4      0x800'115d         Code  Gb  ABImemcpy_small.o [4]
__iar_small_memcpy8      0x800'115d         Code  Gb  ABImemcpy_small.o [4]
__iar_zero_init3         0x800'117b   0x3a  Code  Gb  zero_init3.o [4]
__low_level_init         0x800'17bb    0x4  Code  Gb  low_level_init.o [2]
__vector_table           0x800'0000         Data  Gb  startup_stm32f303xc.o [1]
_call_main               0x800'17a9         Code  Gb  cmain.o [4]
_exit                    0x800'17c5         Code  Gb  cexit.o [4]
_main                    0x800'17b7         Code  Gb  cmain.o [4]
aPLLMULFactorTable       0x800'05f4   0x10  Data  Gb  stm32f3xx_hal_rcc.o [1]
aPredivFactorTable       0x800'0604   0x10  Data  Gb  stm32f3xx_hal_rcc.o [1]
exit                     0x800'17bf    0x4  Code  Gb  exit.o [2]
hi2c1                   0x2000'041c   0x4c  Data  Gb  i2c.o [1]
hpcd_USB_FS             0x2000'0010  0x3a8  Data  Gb  usb.o [1]
hspi1                   0x2000'03b8   0x64  Data  Gb  spi.o [1]
main                     0x800'070d  0x1ba  Code  Gb  main.o [1]
uwTick                  0x2000'0004    0x4  Data  Gb  stm32f3xx_hal.o [1]
uwTickFreq              0x2000'0000    0x1  Data  Gb  stm32f3xx_hal.o [1]
uwTickPrio              0x2000'0008    0x4  Data  Gb  stm32f3xx_hal.o [1]


[1] = C:\Users\fy\Documents\GitHub\Inbyggade-System-VT19\EWARM\Pingpong\Obj
[2] = dl7M_tlf.a
[3] = m7M_tls.a
[4] = rt7M_tl.a
[5] = shb_l.a

  6 306 bytes of readonly  code memory
    154 bytes of readonly  data memory
  2 154 bytes of readwrite data memory

Errors: none
Warnings: none
