###############################################################################
#
# IAR ELF Linker V8.32.2.178/W32 for ARM                  26/Jan/2019  13:36:24
# Copyright 2007-2018 IAR Systems AB.
#
#    Output file  =  
#        C:\Users\fy\Documents\GitHub\Inbyggade-System-VT19\Test\Debug\Exe\Test.out
#    Map file     =  
#        C:\Users\fy\Documents\GitHub\Inbyggade-System-VT19\Test\Debug\List\Test.map
#    Command line =  
#        -f C:\Users\fy\AppData\Local\Temp\EW7427.tmp
#        (C:\Users\fy\Documents\GitHub\Inbyggade-System-VT19\Test\Debug\Obj\clockinit.o
#        C:\Users\fy\Documents\GitHub\Inbyggade-System-VT19\Test\Debug\Obj\gpio.o
#        C:\Users\fy\Documents\GitHub\Inbyggade-System-VT19\Test\Debug\Obj\i2c.o
#        C:\Users\fy\Documents\GitHub\Inbyggade-System-VT19\Test\Debug\Obj\main.o
#        C:\Users\fy\Documents\GitHub\Inbyggade-System-VT19\Test\Debug\Obj\Pingpong_function.o
#        C:\Users\fy\Documents\GitHub\Inbyggade-System-VT19\Test\Debug\Obj\spi.o
#        C:\Users\fy\Documents\GitHub\Inbyggade-System-VT19\Test\Debug\Obj\startup_stm32f303xc.o
#        C:\Users\fy\Documents\GitHub\Inbyggade-System-VT19\Test\Debug\Obj\stm32f3xx_hal.o
#        C:\Users\fy\Documents\GitHub\Inbyggade-System-VT19\Test\Debug\Obj\stm32f3xx_hal_cortex.o
#        C:\Users\fy\Documents\GitHub\Inbyggade-System-VT19\Test\Debug\Obj\stm32f3xx_hal_dma.o
#        C:\Users\fy\Documents\GitHub\Inbyggade-System-VT19\Test\Debug\Obj\stm32f3xx_hal_flash.o
#        C:\Users\fy\Documents\GitHub\Inbyggade-System-VT19\Test\Debug\Obj\stm32f3xx_hal_flash_ex.o
#        C:\Users\fy\Documents\GitHub\Inbyggade-System-VT19\Test\Debug\Obj\stm32f3xx_hal_gpio.o
#        C:\Users\fy\Documents\GitHub\Inbyggade-System-VT19\Test\Debug\Obj\stm32f3xx_hal_i2c.o
#        C:\Users\fy\Documents\GitHub\Inbyggade-System-VT19\Test\Debug\Obj\stm32f3xx_hal_i2c_ex.o
#        C:\Users\fy\Documents\GitHub\Inbyggade-System-VT19\Test\Debug\Obj\stm32f3xx_hal_msp.o
#        C:\Users\fy\Documents\GitHub\Inbyggade-System-VT19\Test\Debug\Obj\stm32f3xx_hal_pcd.o
#        C:\Users\fy\Documents\GitHub\Inbyggade-System-VT19\Test\Debug\Obj\stm32f3xx_hal_pcd_ex.o
#        C:\Users\fy\Documents\GitHub\Inbyggade-System-VT19\Test\Debug\Obj\stm32f3xx_hal_pwr.o
#        C:\Users\fy\Documents\GitHub\Inbyggade-System-VT19\Test\Debug\Obj\stm32f3xx_hal_pwr_ex.o
#        C:\Users\fy\Documents\GitHub\Inbyggade-System-VT19\Test\Debug\Obj\stm32f3xx_hal_rcc.o
#        C:\Users\fy\Documents\GitHub\Inbyggade-System-VT19\Test\Debug\Obj\stm32f3xx_hal_rcc_ex.o
#        C:\Users\fy\Documents\GitHub\Inbyggade-System-VT19\Test\Debug\Obj\stm32f3xx_hal_spi.o
#        C:\Users\fy\Documents\GitHub\Inbyggade-System-VT19\Test\Debug\Obj\stm32f3xx_hal_spi_ex.o
#        C:\Users\fy\Documents\GitHub\Inbyggade-System-VT19\Test\Debug\Obj\stm32f3xx_hal_tim.o
#        C:\Users\fy\Documents\GitHub\Inbyggade-System-VT19\Test\Debug\Obj\stm32f3xx_hal_tim_ex.o
#        C:\Users\fy\Documents\GitHub\Inbyggade-System-VT19\Test\Debug\Obj\stm32f3xx_it.o
#        C:\Users\fy\Documents\GitHub\Inbyggade-System-VT19\Test\Debug\Obj\system_stm32f3xx.o
#        C:\Users\fy\Documents\GitHub\Inbyggade-System-VT19\Test\Debug\Obj\usb.o
#        --no_out_extension -o
#        C:\Users\fy\Documents\GitHub\Inbyggade-System-VT19\Test\Debug\Exe\Test.out
#        --map
#        C:\Users\fy\Documents\GitHub\Inbyggade-System-VT19\Test\Debug\List\Test.map
#        --config
#        C:\Users\fy\Documents\Inbyggda_VT19\Egna_projekt\Pingpong\EWARM\stm32f303xc_flash.icf
#        --semihosting --entry __iar_program_start --vfe --text_out locale)
#
###############################################################################

*******************************************************************************
*** RUNTIME MODEL ATTRIBUTES
***

CppFlavor       = *
__Heap_Handler  = Basic
__SystemLibrary = DLib
__dlib_version  = 6


*******************************************************************************
*** HEAP SELECTION
***

The basic heap was selected because some modules are built with
size limitations (and not runtime checking), and --advanced_heap
was not specified.


*******************************************************************************
*** PLACEMENT SUMMARY
***

"A0":  place at 0x800'0000 { ro section .intvec };
"P1":  place in [from 0x800'0000 to 0x803'ffff] { ro };
define block CSTACK with size = 1K, alignment = 8 { };
define block HEAP with size = 512, alignment = 8 { };
"P2":  place in [from 0x2000'0000 to 0x2000'9fff] {
          rw, block CSTACK, block HEAP };
initialize by copy { rw };

  Section            Kind         Address    Size  Object
  -------            ----         -------    ----  ------
"A0":                                       0x188
  .intvec            ro code   0x800'0000   0x188  startup_stm32f303xc.o [1]
                             - 0x800'0188   0x188

"P1":                                      0x2765
  .text              ro code   0x800'0188   0x93c  stm32f3xx_hal_rcc.o [1]
  .text              ro code   0x800'0ac4     0xc  stm32f3xx_hal.o [1]
  .text              ro code   0x800'0ad0    0x4c  stm32f3xx_hal.o [1]
  .text              ro code   0x800'0b1c   0x100  stm32f3xx_hal_cortex.o [1]
  .text              ro code   0x800'0c1c   0x264  stm32f3xx_hal_rcc_ex.o [1]
  .text              ro code   0x800'0e80   0x204  stm32f3xx_hal_gpio.o [1]
  .text              ro code   0x800'1084   0x1b0  gpio.o [1]
  .text              ro code   0x800'1234     0x6  ABImemclr4.o [4]
  .text              ro code   0x800'123a    0x3a  zero_init3.o [4]
  .text              ro code   0x800'1274    0x32  ABImemset48.o [4]
  .text              ro code   0x800'12a8   0x178  Pingpong_function.o [1]
  .text              ro code   0x800'1420   0x140  heap0.o [2]
  .text              ro code   0x800'1560    0x2c  xgetmemchunk.o [2]
  .text              ro code   0x800'158c   0x13e  xprintftiny.o [2]
  .text              ro code   0x800'16cc    0x36  strlen.o [4]
  .text              ro code   0x800'1702   0x106  stm32f3xx_hal_pcd.o [1]
  .text              ro code   0x800'1808    0xa0  usb.o [1]
  .text              ro code   0x800'18a8    0xbe  main.o [1]
  .text              ro code   0x800'1968    0x28  printf.o [2]
  .text              ro code   0x800'1990    0x24  stm32f3xx_hal.o [1]
  .text              ro code   0x800'19b4    0x98  clockinit.o [1]
  .text              ro code   0x800'1a4c    0xd0  i2c.o [1]
  .text              ro code   0x800'1b1c    0xc0  spi.o [1]
  .text              ro code   0x800'1bdc    0x28  stm32f3xx_hal.o [1]
  .text              ro code   0x800'1c04    0x3c  stm32f3xx_hal_msp.o [1]
  .text              ro code   0x800'1c40    0xcc  stm32f3xx_hal_i2c.o [1]
  .text              ro code   0x800'1d0c    0xc0  stm32f3xx_hal_i2c_ex.o [1]
  .text              ro code   0x800'1dcc    0xd0  stm32f3xx_hal_spi.o [1]
  .text              ro code   0x800'1e9c    0xd8  xfspos.o [2]
  .text              ro code   0x800'1f74    0xac  fflush.o [2]
  .text              ro code   0x800'2020     0xc  xfgpos.o [2]
  .text              ro code   0x800'202c    0x4a  lseek.o [5]
  .text              ro code   0x800'2076    0x10  write.o [5]
  .text              ro code   0x800'2088    0xcc  XShHandles.o [2]
  .text              ro code   0x800'2154    0x1e  dwrite.o [5]
  .text              ro code   0x800'2172    0x20  iarwstd.o [5]
  .text              ro code   0x800'2192    0x22  iarwrite.o [5]
  .text              ro code   0x800'21b4    0x80  iarttio.o [5]
  .text              ro code   0x800'2234    0x3c  XShttio.o [2]
  .text              ro code   0x800'2270    0xb4  xfwprep.o [2]
  .text              ro code   0x800'2324    0x24  fseek.o [2]
  .text              ro code   0x800'2348    0x8c  xfofind.o [2]
  .text              ro code   0x800'23d4     0x4  heaptramp0.o [2]
  .text              ro code   0x800'23d8    0x84  system_stm32f3xx.o [1]
  .text              ro code   0x800'245c    0x7e  fclose.o [2]
  .text              ro code   0x800'24da    0x18  close.o [5]
  .text              ro code   0x800'24f2    0x14  remove.o [5]
  .text              ro code   0x800'2506    0x54  fputc.o [2]
  .text              ro code   0x800'255c    0x3c  xcloseall.o [2]
  .text              ro code   0x800'2598    0x38  packbits_init_single.o [4]
  .text              ro code   0x800'25d0    0x28  data_init.o [4]
  .text              ro code   0x800'25f8    0x22  fpinit_M.o [3]
  .iar.init_table    const     0x800'261c    0x20  - Linker created -
  .text              ro code   0x800'263c    0x1e  cmain.o [4]
  .text              ro code   0x800'265a     0x4  low_level_init.o [2]
  .text              ro code   0x800'265e     0x4  exit.o [2]
  .text              ro code   0x800'2664     0xe  cexit.o [4]
  .text              ro code   0x800'2674    0x14  exit.o [5]
  .rodata            const     0x800'2688    0x18  main.o [1]
  .text              ro code   0x800'26a0    0x18  stm32f3xx_hal.o [1]
  .text              ro code   0x800'26b8    0x18  stm32f3xx_it.o [1]
  .text              ro code   0x800'26d0    0x16  xprout.o [2]
  .text              ro code   0x800'26e8     0xc  putchar.o [2]
  .rodata            const     0x800'26f4    0x10  main.o [1]
  .rodata            const     0x800'2704    0x10  stm32f3xx_hal_rcc.o [1]
  .rodata            const     0x800'2714    0x10  stm32f3xx_hal_rcc.o [1]
  .rodata            const     0x800'2724    0x10  system_stm32f3xx.o [1]
  .text              ro code   0x800'2734    0x10  startup_stm32f303xc.o [1]
  .text              ro code   0x800'2744     0xc  cstartup_M.o [4]
  .text              ro code   0x800'2750     0x4  startup_stm32f303xc.o [1]
  .text              ro code   0x800'2754     0x4  startup_stm32f303xc.o [1]
  .text              ro code   0x800'2758     0x4  startup_stm32f303xc.o [1]
  .text              ro code   0x800'275c     0x4  startup_stm32f303xc.o [1]
  .text              ro code   0x800'2760     0x4  startup_stm32f303xc.o [1]
  .text              ro code   0x800'2764     0x4  startup_stm32f303xc.o [1]
  .text              ro code   0x800'2768     0x4  startup_stm32f303xc.o [1]
  .text              ro code   0x800'276c     0x4  startup_stm32f303xc.o [1]
  .text              ro code   0x800'2770     0x4  startup_stm32f303xc.o [1]
  .text              ro code   0x800'2774     0x4  startup_stm32f303xc.o [1]
  .text              ro code   0x800'2778     0x4  startup_stm32f303xc.o [1]
  .text              ro code   0x800'277c     0x4  startup_stm32f303xc.o [1]
  .text              ro code   0x800'2780     0x4  startup_stm32f303xc.o [1]
  .text              ro code   0x800'2784     0x4  startup_stm32f303xc.o [1]
  .text              ro code   0x800'2788     0x4  startup_stm32f303xc.o [1]
  .text              ro code   0x800'278c     0x4  startup_stm32f303xc.o [1]
  .text              ro code   0x800'2790     0x4  startup_stm32f303xc.o [1]
  .text              ro code   0x800'2794     0x4  startup_stm32f303xc.o [1]
  .text              ro code   0x800'2798     0x4  startup_stm32f303xc.o [1]
  .text              ro code   0x800'279c     0x4  startup_stm32f303xc.o [1]
  .text              ro code   0x800'27a0     0x4  startup_stm32f303xc.o [1]
  .text              ro code   0x800'27a4     0x4  startup_stm32f303xc.o [1]
  .text              ro code   0x800'27a8     0x4  startup_stm32f303xc.o [1]
  .text              ro code   0x800'27ac     0x4  startup_stm32f303xc.o [1]
  .text              ro code   0x800'27b0     0x4  startup_stm32f303xc.o [1]
  .text              ro code   0x800'27b4     0x4  startup_stm32f303xc.o [1]
  .text              ro code   0x800'27b8     0x4  startup_stm32f303xc.o [1]
  .text              ro code   0x800'27bc     0x4  startup_stm32f303xc.o [1]
  .text              ro code   0x800'27c0     0x4  startup_stm32f303xc.o [1]
  .text              ro code   0x800'27c4     0x4  startup_stm32f303xc.o [1]
  .text              ro code   0x800'27c8     0x4  startup_stm32f303xc.o [1]
  .text              ro code   0x800'27cc     0x4  startup_stm32f303xc.o [1]
  .text              ro code   0x800'27d0     0x4  startup_stm32f303xc.o [1]
  .text              ro code   0x800'27d4     0x4  startup_stm32f303xc.o [1]
  .text              ro code   0x800'27d8     0x4  startup_stm32f303xc.o [1]
  .text              ro code   0x800'27dc     0x4  startup_stm32f303xc.o [1]
  .text              ro code   0x800'27e0     0x4  startup_stm32f303xc.o [1]
  .text              ro code   0x800'27e4     0x4  startup_stm32f303xc.o [1]
  .text              ro code   0x800'27e8     0x4  startup_stm32f303xc.o [1]
  .text              ro code   0x800'27ec     0x4  startup_stm32f303xc.o [1]
  .text              ro code   0x800'27f0     0x4  startup_stm32f303xc.o [1]
  .text              ro code   0x800'27f4     0x4  startup_stm32f303xc.o [1]
  .text              ro code   0x800'27f8     0x4  startup_stm32f303xc.o [1]
  .text              ro code   0x800'27fc     0x4  startup_stm32f303xc.o [1]
  .text              ro code   0x800'2800     0x4  startup_stm32f303xc.o [1]
  .text              ro code   0x800'2804     0x4  startup_stm32f303xc.o [1]
  .text              ro code   0x800'2808     0x4  startup_stm32f303xc.o [1]
  .text              ro code   0x800'280c     0x4  startup_stm32f303xc.o [1]
  .text              ro code   0x800'2810     0x4  startup_stm32f303xc.o [1]
  .text              ro code   0x800'2814     0x4  startup_stm32f303xc.o [1]
  .text              ro code   0x800'2818     0x4  startup_stm32f303xc.o [1]
  .text              ro code   0x800'281c     0x4  startup_stm32f303xc.o [1]
  .text              ro code   0x800'2820     0x4  startup_stm32f303xc.o [1]
  .text              ro code   0x800'2824     0x4  startup_stm32f303xc.o [1]
  .text              ro code   0x800'2828     0x4  startup_stm32f303xc.o [1]
  .text              ro code   0x800'282c     0x4  startup_stm32f303xc.o [1]
  .text              ro code   0x800'2830     0x4  startup_stm32f303xc.o [1]
  .text              ro code   0x800'2834     0x4  startup_stm32f303xc.o [1]
  .text              ro code   0x800'2838     0x4  startup_stm32f303xc.o [1]
  .text              ro code   0x800'283c     0x4  startup_stm32f303xc.o [1]
  .text              ro code   0x800'2840     0x4  startup_stm32f303xc.o [1]
  .text              ro code   0x800'2844     0x4  startup_stm32f303xc.o [1]
  .text              ro code   0x800'2848     0x4  startup_stm32f303xc.o [1]
  .text              ro code   0x800'284c     0x4  startup_stm32f303xc.o [1]
  .text              ro code   0x800'2850     0x4  startup_stm32f303xc.o [1]
  .text              ro code   0x800'2854     0x4  startup_stm32f303xc.o [1]
  .text              ro code   0x800'2858     0x0  cstart_closeall.o [4]
  .rodata            const     0x800'2858     0x0  zero_init3.o [4]
  .rodata            const     0x800'2858     0x0  packbits_init_single.o [4]
  Initializer bytes  const     0x800'2858    0x95  <for P2-1>
                             - 0x800'28ed  0x2765

"P2", part 1 of 3:                          0x109
  P2-1                        0x2000'0000   0x109  <Init block>
    .data            inited   0x2000'0000     0x4  stm32f3xx_hal.o [1]
    .data            inited   0x2000'0004     0x4  system_stm32f3xx.o [1]
    .data            inited   0x2000'0008    0x48  xfiles.o [2]
    .data            inited   0x2000'0050    0x48  xfiles.o [2]
    .data            inited   0x2000'0098    0x48  xfiles.o [2]
    .data            inited   0x2000'00e0    0x20  xfiles.o [2]
    .data            inited   0x2000'0100     0x8  XShttio.o [2]
    .data            inited   0x2000'0108     0x1  stm32f3xx_hal.o [1]
                            - 0x2000'0109   0x109

"P2", part 2 of 3:                          0x58c
  .bss               zero     0x2000'010c   0x3a8  usb.o [1]
  .bss               zero     0x2000'04b4    0x80  XShHandles.o [2]
  .bss               zero     0x2000'0534    0x64  spi.o [1]
  .bss               zero     0x2000'0598    0x50  xfiles.o [2]
  .bss               zero     0x2000'05e8    0x50  xfiles.o [2]
  .bss               zero     0x2000'0638    0x4c  i2c.o [1]
  .bss               zero     0x2000'0684     0x8  heap0.o [2]
  .bss               zero     0x2000'068c     0x4  stm32f3xx_hal.o [1]
  .bss               zero     0x2000'0690     0x4  xgetmemchunk.o [2]
  .bss               zero     0x2000'0694     0x1  XShttio.o [2]
                            - 0x2000'0695   0x589

"P2", part 3 of 3:                          0x600
  CSTACK                      0x2000'0698   0x400  <Block>
    CSTACK           uninit   0x2000'0698   0x400  <Block tail>
  HEAP                        0x2000'0a98   0x200  <Block>
    HEAP             uninit   0x2000'0a98   0x200  <Block tail>
                            - 0x2000'0c98   0x600

Unused ranges:

         From           To      Size
         ----           --      ----
   0x800'28ed   0x803'ffff  0x3'd713
  0x2000'0109  0x2000'010b       0x3
  0x2000'0c98  0x2000'9fff    0x9368


*******************************************************************************
*** INIT TABLE
***

          Address      Size
          -------      ----
Zero (__iar_zero_init3)
    1 destination range, total size 0x589:
          0x2000'010c  0x589

Copy/packbits (__iar_packbits_init_single3)
    1 source range, total size 0x95 (56% of destination):
           0x800'2858   0x95
    1 destination range, total size 0x109:
          0x2000'0000  0x109



*******************************************************************************
*** MODULE SUMMARY
***

    Module                  ro code  ro data  rw data
    ------                  -------  -------  -------
command line/config:
    -------------------------------------------------
    Total:

C:\Users\fy\Documents\GitHub\Inbyggade-System-VT19\Test\Debug\Obj: [1]
    Pingpong_function.o         376
    clockinit.o                 152
    gpio.o                      432
    i2c.o                       208                76
    main.o                      190       40
    spi.o                       192               100
    startup_stm32f303xc.o       672
    stm32f3xx_hal.o             188        3        9
    stm32f3xx_hal_cortex.o      256
    stm32f3xx_hal_gpio.o        516
    stm32f3xx_hal_i2c.o         204
    stm32f3xx_hal_i2c_ex.o      192
    stm32f3xx_hal_msp.o          60
    stm32f3xx_hal_pcd.o         262
    stm32f3xx_hal_rcc.o       2 364       32
    stm32f3xx_hal_rcc_ex.o      612
    stm32f3xx_hal_spi.o         208
    stm32f3xx_it.o               24
    system_stm32f3xx.o          132       18        4
    usb.o                       160               936
    -------------------------------------------------
    Total:                    7 400       93    1 125

dl7M_tlf.a: [2]
    XShHandles.o                204               128
    XShttio.o                    60        5        9
    exit.o                        4
    fclose.o                    126
    fflush.o                    172
    fputc.o                      84
    fseek.o                      36
    heap0.o                     320                 8
    heaptramp0.o                  4
    low_level_init.o              4
    printf.o                     40
    putchar.o                    12
    xcloseall.o                  60
    xfgpos.o                     12
    xfiles.o                             139      408
    xfofind.o                   140
    xfspos.o                    216
    xfwprep.o                   180
    xgetmemchunk.o               44                 4
    xprintftiny.o               318
    xprout.o                     22
    -------------------------------------------------
    Total:                    2 058      144      557

m7M_tls.a: [3]
    fpinit_M.o                   34
    -------------------------------------------------
    Total:                       34

rt7M_tl.a: [4]
    ABImemclr4.o                  6
    ABImemset48.o                50
    cexit.o                      14
    cmain.o                      30
    cstart_closeall.o
    cstartup_M.o                 12
    data_init.o                  40
    packbits_init_single.o       56
    strlen.o                     54
    zero_init3.o                 58
    -------------------------------------------------
    Total:                      320

shb_l.a: [5]
    close.o                      24
    dwrite.o                     30
    exit.o                       20
    iarttio.o                   128
    iarwrite.o                   34
    iarwstd.o                    32
    lseek.o                      74
    remove.o                     20
    write.o                      16
    -------------------------------------------------
    Total:                      378

    Gaps                         16        2
    Linker created                        32    1 536
-----------------------------------------------------
    Grand Total:             10 206      271    3 218


*******************************************************************************
*** ENTRY LIST
***

Entry                       Address   Size  Type      Object
-----                       -------   ----  ----      ------
.iar.init_table$$Base    0x800'261c          --   Gb  - Linker created -
.iar.init_table$$Limit   0x800'263c          --   Gb  - Linker created -
?main                    0x800'263d         Code  Gb  cmain.o [4]
AHBPrescTable            0x800'2724   0x10  Data  Gb  system_stm32f3xx.o [1]
Aldata                  0x2000'0684    0x8  Data  Lc  heap0.o [2]
BusFault_Handler         0x800'26bf    0x2  Code  Gb  stm32f3xx_it.o [1]
CSTACK$$Base            0x2000'0698          --   Gb  - Linker created -
CSTACK$$Limit           0x2000'0a98          --   Gb  - Linker created -
DebugMon_Handler         0x800'26c5    0x2  Code  Gb  stm32f3xx_it.o [1]
Error_Handler            0x800'1965    0x2  Code  Gb  main.o [1]
HAL_Delay                0x800'1bdd   0x28  Code  Wk  stm32f3xx_hal.o [1]
HAL_GPIO_Init            0x800'0e81  0x1b6  Code  Gb  stm32f3xx_hal_gpio.o [1]
HAL_GPIO_ReadPin         0x800'1037   0x12  Code  Gb  stm32f3xx_hal_gpio.o [1]
HAL_GPIO_WritePin        0x800'1049   0x12  Code  Gb  stm32f3xx_hal_gpio.o [1]
HAL_GetTick              0x800'0ac5    0xc  Code  Wk  stm32f3xx_hal.o [1]
HAL_I2CEx_ConfigAnalogFilter
                         0x800'1d0d   0x62  Code  Gb  stm32f3xx_hal_i2c_ex.o [1]
HAL_I2CEx_ConfigDigitalFilter
                         0x800'1d6f   0x5e  Code  Gb  stm32f3xx_hal_i2c_ex.o [1]
HAL_I2C_Init             0x800'1c41   0xcc  Code  Gb  stm32f3xx_hal_i2c.o [1]
HAL_I2C_MspInit          0x800'1aa5   0x5e  Code  Gb  i2c.o [1]
HAL_IncTick              0x800'26a1   0x18  Code  Wk  stm32f3xx_hal.o [1]
HAL_Init                 0x800'1991   0x20  Code  Gb  stm32f3xx_hal.o [1]
HAL_InitTick             0x800'0ad1   0x4c  Code  Wk  stm32f3xx_hal.o [1]
HAL_MspInit              0x800'1c05   0x3c  Code  Gb  stm32f3xx_hal_msp.o [1]
HAL_NVIC_SetPriority     0x800'0bd7   0x22  Code  Gb  stm32f3xx_hal_cortex.o [1]
HAL_NVIC_SetPriorityGrouping
                         0x800'0bcf    0x8  Code  Gb  stm32f3xx_hal_cortex.o [1]
HAL_PCD_Init             0x800'1703  0x106  Code  Gb  stm32f3xx_hal_pcd.o [1]
HAL_PCD_MspInit          0x800'1837   0x62  Code  Gb  usb.o [1]
HAL_RCCEx_PeriphCLKConfig
                         0x800'0c1d  0x242  Code  Gb  stm32f3xx_hal_rcc_ex.o [1]
HAL_RCC_ClockConfig      0x800'0849  0x1d4  Code  Gb  stm32f3xx_hal_rcc.o [1]
HAL_RCC_GetSysClockFreq
                         0x800'0a1d   0x68  Code  Gb  stm32f3xx_hal_rcc.o [1]
HAL_RCC_OscConfig        0x800'0189  0x6c0  Code  Gb  stm32f3xx_hal_rcc.o [1]
HAL_SPI_Init             0x800'1dcd   0xd0  Code  Gb  stm32f3xx_hal_spi.o [1]
HAL_SPI_MspInit          0x800'1b6d   0x60  Code  Gb  spi.o [1]
HAL_SYSTICK_Config       0x800'0bf9    0x8  Code  Gb  stm32f3xx_hal_cortex.o [1]
HEAP$$Base              0x2000'0a98          --   Gb  - Linker created -
HEAP$$Limit             0x2000'0c98          --   Gb  - Linker created -
HardFault_Handler        0x800'26bb    0x2  Code  Gb  stm32f3xx_it.o [1]
Led_on                   0x800'12a9  0x178  Code  Gb  Pingpong_function.o [1]
MX_GPIO_Init             0x800'1085  0x1b0  Code  Gb  gpio.o [1]
MX_I2C1_Init             0x800'1a4d   0x58  Code  Gb  i2c.o [1]
MX_SPI1_Init             0x800'1b1d   0x50  Code  Gb  spi.o [1]
MX_USB_PCD_Init          0x800'1809   0x2e  Code  Gb  usb.o [1]
MemManage_Handler        0x800'26bd    0x2  Code  Gb  stm32f3xx_it.o [1]
NMI_Handler              0x800'26b9    0x2  Code  Gb  stm32f3xx_it.o [1]
NVIC_EncodePriority      0x800'0b65   0x3c  Code  Lc  stm32f3xx_hal_cortex.o [1]
NVIC_GetPriorityGrouping
                         0x800'0b37    0xa  Code  Lc  stm32f3xx_hal_cortex.o [1]
NVIC_SetPriority         0x800'0b41   0x24  Code  Lc  stm32f3xx_hal_cortex.o [1]
NVIC_SetPriorityGrouping
                         0x800'0b1d   0x1a  Code  Lc  stm32f3xx_hal_cortex.o [1]
PendSV_Handler           0x800'26c7    0x2  Code  Gb  stm32f3xx_it.o [1]
Region$$Table$$Base      0x800'261c          --   Gb  - Linker created -
Region$$Table$$Limit     0x800'263c          --   Gb  - Linker created -
SVC_Handler              0x800'26c3    0x2  Code  Gb  stm32f3xx_it.o [1]
Show_points              0x800'18a9   0x3c  Code  Gb  main.o [1]
SysTick_Config           0x800'0ba1   0x2e  Code  Lc  stm32f3xx_hal_cortex.o [1]
SysTick_Handler          0x800'26c9    0x8  Code  Gb  stm32f3xx_it.o [1]
SystemClock_Config       0x800'19b5   0x98  Code  Gb  clockinit.o [1]
SystemCoreClock         0x2000'0004    0x4  Data  Gb  system_stm32f3xx.o [1]
SystemInit               0x800'23d9   0x5a  Code  Gb  system_stm32f3xx.o [1]
UsageFault_Handler       0x800'26c1    0x2  Code  Gb  stm32f3xx_it.o [1]
_Close_all               0x800'255d   0x3c  Code  Gb  xcloseall.o [2]
_Files                  0x2000'00e0   0x20  Data  Gb  xfiles.o [2]
_Fofree                  0x800'2349   0x86  Code  Gb  xfofind.o [2]
_Fspos                   0x800'1e9d   0xd8  Code  Gb  xfspos.o [2]
_Fwprep                  0x800'2271   0xb4  Code  Gb  xfwprep.o [2]
_Nnl                     0x800'2021    0xc  Code  Gb  xfgpos.o [2]
_PrintfTiny              0x800'15a5  0x126  Code  Gb  xprintftiny.o [2]
_Prout                   0x800'26d1   0x16  Code  Gb  xprout.o [2]
__aeabi_memclr4          0x800'1235         Code  Gb  ABImemclr4.o [4]
__basic_free             0x800'14cd   0x16  Code  Gb  heap0.o [2]
__basic_free_intern      0x800'14e3   0x7a  Code  Lc  heap0.o [2]
__basic_malloc           0x800'1421   0x18  Code  Gb  heap0.o [2]
__basic_malloc_intern    0x800'1439   0x94  Code  Lc  heap0.o [2]
__cexit_closeall         0x800'2667         Code  Gb  cexit.o [4]
__close                  0x800'24db   0x18  Code  Gb  close.o [5]
__cmain                  0x800'263d         Code  Gb  cmain.o [4]
__cstart_closeall        0x800'2858         Data  Gb  cstart_closeall.o [4]
__data_GetMemChunk       0x800'1561   0x2c  Code  Gb  xgetmemchunk.o [2]
__data_GetMemChunk::start
                        0x2000'0690    0x4  Data  Lc  xgetmemchunk.o [2]
__dwrite                 0x800'2155   0x1e  Code  Gb  dwrite.o [5]
__exit                   0x800'2675   0x14  Code  Gb  exit.o [5]
__iar_Memset4_word       0x800'1275         Code  Gb  ABImemset48.o [4]
__iar_Memset8_word       0x800'1275         Code  Gb  ABImemset48.o [4]
__iar_Stderr            0x2000'0098   0x48  Data  Gb  xfiles.o [2]
__iar_Stdin             0x2000'0008   0x48  Data  Gb  xfiles.o [2]
__iar_Stdout            0x2000'0050   0x48  Data  Gb  xfiles.o [2]
__iar_close_ttio         0x800'21b5   0x2e  Code  Gb  iarttio.o [5]
__iar_data_init3         0x800'25d1   0x28  Code  Gb  data_init.o [4]
__iar_get_ttio           0x800'21e5   0x4c  Code  Gb  iarttio.o [5]
__iar_init_vfp           0x800'25f9         Code  Gb  fpinit_M.o [3]
__iar_lookup_ttioh       0x800'2263    0x4  Code  Gb  XShttio.o [2]
__iar_packbits_init_single3
                         0x800'2599   0x38  Code  Gb  packbits_init_single.o [4]
__iar_program_start      0x800'2745         Code  Gb  cstartup_M.o [4]
__iar_sh_Discard         0x800'2089   0x42  Code  Gb  XShHandles.o [2]
__iar_sh_Move            0x800'20cb   0x46  Code  Gb  XShHandles.o [2]
__iar_sh_Pos             0x800'2111   0x3e  Code  Gb  XShHandles.o [2]
__iar_sh_stdout          0x800'2173   0x20  Code  Gb  iarwstd.o [5]
__iar_sh_write           0x800'2193   0x22  Code  Gb  iarwrite.o [5]
__iar_ttio_guard_lock    0x800'2235   0x1e  Code  Gb  XShttio.o [2]
__iar_ttio_guard_unlock
                         0x800'2253   0x10  Code  Gb  XShttio.o [2]
__iar_ttio_handles      0x2000'0100    0x8  Data  Lc  XShttio.o [2]
__iar_zero_init3         0x800'123b   0x3a  Code  Gb  zero_init3.o [4]
__low_level_init         0x800'265b    0x4  Code  Gb  low_level_init.o [2]
__lseek                  0x800'202d   0x4a  Code  Gb  lseek.o [5]
__vector_table           0x800'0000         Data  Gb  startup_stm32f303xc.o [1]
__write                  0x800'2077   0x10  Code  Gb  write.o [5]
_call_main               0x800'2649         Code  Gb  cmain.o [4]
_exit                    0x800'2665         Code  Gb  cexit.o [4]
_main                    0x800'2657         Code  Gb  cmain.o [4]
aPLLMULFactorTable       0x800'2704   0x10  Data  Gb  stm32f3xx_hal_rcc.o [1]
aPredivFactorTable       0x800'2714   0x10  Data  Gb  stm32f3xx_hal_rcc.o [1]
ebuf                    0x2000'0598   0x50  Data  Lc  xfiles.o [2]
exit                     0x800'265f    0x4  Code  Gb  exit.o [2]
fclose                   0x800'245d   0x7e  Code  Gb  fclose.o [2]
fflush                   0x800'1fe9   0x34  Code  Gb  fflush.o [2]
fflushOne                0x800'1f75   0x74  Code  Lc  fflush.o [2]
fputc                    0x800'2507   0x54  Code  Gb  fputc.o [2]
free                     0x800'23d5    0x4  Code  Gb  heaptramp0.o [2]
fseek                    0x800'2325   0x24  Code  Gb  fseek.o [2]
hi2c1                   0x2000'0638   0x4c  Data  Gb  i2c.o [1]
hpcd_USB_FS             0x2000'010c  0x3a8  Data  Gb  usb.o [1]
hspi1                   0x2000'0534   0x64  Data  Gb  spi.o [1]
main                     0x800'18e5   0x74  Code  Gb  main.o [1]
obuf                    0x2000'05e8   0x50  Data  Lc  xfiles.o [2]
out                      0x800'158d   0x18  Code  Lc  xprintftiny.o [2]
printf                   0x800'1969   0x28  Code  Gb  printf.o [2]
putchar                  0x800'26e9    0xc  Code  Gb  putchar.o [2]
remove                   0x800'24f3   0x14  Code  Gb  remove.o [5]
sFileInfo               0x2000'04b4   0x80  Data  Lc  XShHandles.o [2]
strlen                   0x800'16cd         Code  Gb  strlen.o [4]
ttio_guard              0x2000'0694    0x1  Data  Lc  XShttio.o [2]
uwTick                  0x2000'068c    0x4  Data  Gb  stm32f3xx_hal.o [1]
uwTickFreq              0x2000'0108    0x1  Data  Gb  stm32f3xx_hal.o [1]
uwTickPrio              0x2000'0000    0x4  Data  Gb  stm32f3xx_hal.o [1]


[1] = C:\Users\fy\Documents\GitHub\Inbyggade-System-VT19\Test\Debug\Obj
[2] = dl7M_tlf.a
[3] = m7M_tls.a
[4] = rt7M_tl.a
[5] = shb_l.a

  10 206 bytes of readonly  code memory
     271 bytes of readonly  data memory
   3 218 bytes of readwrite data memory

Errors: none
Warnings: none
