###############################################################################
#
# IAR ELF Linker V8.32.2.178/W32 for ARM                  31/Mar/2019  20:33:59
# Copyright 2007-2018 IAR Systems AB.
#
#    Output file  =  
#        C:\Users\fy\Downloads\Thermometer-on-STM32F3-Discovery-a3f2d27759ef4ef7eaaf0cb08282776b5967ac10\Thermometer-on-STM32F3-Discovery-a3f2d27759ef4ef7eaaf0cb08282776b5967ac10\EWARM\lab2-cube32mx\Exe\lab2-cube32mx.out
#    Map file     =  
#        C:\Users\fy\Downloads\Thermometer-on-STM32F3-Discovery-a3f2d27759ef4ef7eaaf0cb08282776b5967ac10\Thermometer-on-STM32F3-Discovery-a3f2d27759ef4ef7eaaf0cb08282776b5967ac10\EWARM\lab2-cube32mx\List\lab2-cube32mx.map
#    Command line =  
#        -f C:\Users\fy\AppData\Local\Temp\EWCA34.tmp
#        (C:\Users\fy\Downloads\Thermometer-on-STM32F3-Discovery-a3f2d27759ef4ef7eaaf0cb08282776b5967ac10\Thermometer-on-STM32F3-Discovery-a3f2d27759ef4ef7eaaf0cb08282776b5967ac10\EWARM\lab2-cube32mx\Obj\crc.o
#        C:\Users\fy\Downloads\Thermometer-on-STM32F3-Discovery-a3f2d27759ef4ef7eaaf0cb08282776b5967ac10\Thermometer-on-STM32F3-Discovery-a3f2d27759ef4ef7eaaf0cb08282776b5967ac10\EWARM\lab2-cube32mx\Obj\display.o
#        C:\Users\fy\Downloads\Thermometer-on-STM32F3-Discovery-a3f2d27759ef4ef7eaaf0cb08282776b5967ac10\Thermometer-on-STM32F3-Discovery-a3f2d27759ef4ef7eaaf0cb08282776b5967ac10\EWARM\lab2-cube32mx\Obj\gpio.o
#        C:\Users\fy\Downloads\Thermometer-on-STM32F3-Discovery-a3f2d27759ef4ef7eaaf0cb08282776b5967ac10\Thermometer-on-STM32F3-Discovery-a3f2d27759ef4ef7eaaf0cb08282776b5967ac10\EWARM\lab2-cube32mx\Obj\main.o
#        C:\Users\fy\Downloads\Thermometer-on-STM32F3-Discovery-a3f2d27759ef4ef7eaaf0cb08282776b5967ac10\Thermometer-on-STM32F3-Discovery-a3f2d27759ef4ef7eaaf0cb08282776b5967ac10\EWARM\lab2-cube32mx\Obj\rtc.o
#        C:\Users\fy\Downloads\Thermometer-on-STM32F3-Discovery-a3f2d27759ef4ef7eaaf0cb08282776b5967ac10\Thermometer-on-STM32F3-Discovery-a3f2d27759ef4ef7eaaf0cb08282776b5967ac10\EWARM\lab2-cube32mx\Obj\spi.o
#        C:\Users\fy\Downloads\Thermometer-on-STM32F3-Discovery-a3f2d27759ef4ef7eaaf0cb08282776b5967ac10\Thermometer-on-STM32F3-Discovery-a3f2d27759ef4ef7eaaf0cb08282776b5967ac10\EWARM\lab2-cube32mx\Obj\startup_stm32f303xc.o
#        C:\Users\fy\Downloads\Thermometer-on-STM32F3-Discovery-a3f2d27759ef4ef7eaaf0cb08282776b5967ac10\Thermometer-on-STM32F3-Discovery-a3f2d27759ef4ef7eaaf0cb08282776b5967ac10\EWARM\lab2-cube32mx\Obj\stm32f3xx_hal.o
#        C:\Users\fy\Downloads\Thermometer-on-STM32F3-Discovery-a3f2d27759ef4ef7eaaf0cb08282776b5967ac10\Thermometer-on-STM32F3-Discovery-a3f2d27759ef4ef7eaaf0cb08282776b5967ac10\EWARM\lab2-cube32mx\Obj\stm32f3xx_hal_cortex.o
#        C:\Users\fy\Downloads\Thermometer-on-STM32F3-Discovery-a3f2d27759ef4ef7eaaf0cb08282776b5967ac10\Thermometer-on-STM32F3-Discovery-a3f2d27759ef4ef7eaaf0cb08282776b5967ac10\EWARM\lab2-cube32mx\Obj\stm32f3xx_hal_crc.o
#        C:\Users\fy\Downloads\Thermometer-on-STM32F3-Discovery-a3f2d27759ef4ef7eaaf0cb08282776b5967ac10\Thermometer-on-STM32F3-Discovery-a3f2d27759ef4ef7eaaf0cb08282776b5967ac10\EWARM\lab2-cube32mx\Obj\stm32f3xx_hal_crc_ex.o
#        C:\Users\fy\Downloads\Thermometer-on-STM32F3-Discovery-a3f2d27759ef4ef7eaaf0cb08282776b5967ac10\Thermometer-on-STM32F3-Discovery-a3f2d27759ef4ef7eaaf0cb08282776b5967ac10\EWARM\lab2-cube32mx\Obj\stm32f3xx_hal_dma.o
#        C:\Users\fy\Downloads\Thermometer-on-STM32F3-Discovery-a3f2d27759ef4ef7eaaf0cb08282776b5967ac10\Thermometer-on-STM32F3-Discovery-a3f2d27759ef4ef7eaaf0cb08282776b5967ac10\EWARM\lab2-cube32mx\Obj\stm32f3xx_hal_flash.o
#        C:\Users\fy\Downloads\Thermometer-on-STM32F3-Discovery-a3f2d27759ef4ef7eaaf0cb08282776b5967ac10\Thermometer-on-STM32F3-Discovery-a3f2d27759ef4ef7eaaf0cb08282776b5967ac10\EWARM\lab2-cube32mx\Obj\stm32f3xx_hal_flash_ex.o
#        C:\Users\fy\Downloads\Thermometer-on-STM32F3-Discovery-a3f2d27759ef4ef7eaaf0cb08282776b5967ac10\Thermometer-on-STM32F3-Discovery-a3f2d27759ef4ef7eaaf0cb08282776b5967ac10\EWARM\lab2-cube32mx\Obj\stm32f3xx_hal_gpio.o
#        C:\Users\fy\Downloads\Thermometer-on-STM32F3-Discovery-a3f2d27759ef4ef7eaaf0cb08282776b5967ac10\Thermometer-on-STM32F3-Discovery-a3f2d27759ef4ef7eaaf0cb08282776b5967ac10\EWARM\lab2-cube32mx\Obj\stm32f3xx_hal_i2c.o
#        C:\Users\fy\Downloads\Thermometer-on-STM32F3-Discovery-a3f2d27759ef4ef7eaaf0cb08282776b5967ac10\Thermometer-on-STM32F3-Discovery-a3f2d27759ef4ef7eaaf0cb08282776b5967ac10\EWARM\lab2-cube32mx\Obj\stm32f3xx_hal_i2c_ex.o
#        C:\Users\fy\Downloads\Thermometer-on-STM32F3-Discovery-a3f2d27759ef4ef7eaaf0cb08282776b5967ac10\Thermometer-on-STM32F3-Discovery-a3f2d27759ef4ef7eaaf0cb08282776b5967ac10\EWARM\lab2-cube32mx\Obj\stm32f3xx_hal_msp.o
#        C:\Users\fy\Downloads\Thermometer-on-STM32F3-Discovery-a3f2d27759ef4ef7eaaf0cb08282776b5967ac10\Thermometer-on-STM32F3-Discovery-a3f2d27759ef4ef7eaaf0cb08282776b5967ac10\EWARM\lab2-cube32mx\Obj\stm32f3xx_hal_pwr.o
#        C:\Users\fy\Downloads\Thermometer-on-STM32F3-Discovery-a3f2d27759ef4ef7eaaf0cb08282776b5967ac10\Thermometer-on-STM32F3-Discovery-a3f2d27759ef4ef7eaaf0cb08282776b5967ac10\EWARM\lab2-cube32mx\Obj\stm32f3xx_hal_pwr_ex.o
#        C:\Users\fy\Downloads\Thermometer-on-STM32F3-Discovery-a3f2d27759ef4ef7eaaf0cb08282776b5967ac10\Thermometer-on-STM32F3-Discovery-a3f2d27759ef4ef7eaaf0cb08282776b5967ac10\EWARM\lab2-cube32mx\Obj\stm32f3xx_hal_rcc.o
#        C:\Users\fy\Downloads\Thermometer-on-STM32F3-Discovery-a3f2d27759ef4ef7eaaf0cb08282776b5967ac10\Thermometer-on-STM32F3-Discovery-a3f2d27759ef4ef7eaaf0cb08282776b5967ac10\EWARM\lab2-cube32mx\Obj\stm32f3xx_hal_rcc_ex.o
#        C:\Users\fy\Downloads\Thermometer-on-STM32F3-Discovery-a3f2d27759ef4ef7eaaf0cb08282776b5967ac10\Thermometer-on-STM32F3-Discovery-a3f2d27759ef4ef7eaaf0cb08282776b5967ac10\EWARM\lab2-cube32mx\Obj\stm32f3xx_hal_rtc.o
#        C:\Users\fy\Downloads\Thermometer-on-STM32F3-Discovery-a3f2d27759ef4ef7eaaf0cb08282776b5967ac10\Thermometer-on-STM32F3-Discovery-a3f2d27759ef4ef7eaaf0cb08282776b5967ac10\EWARM\lab2-cube32mx\Obj\stm32f3xx_hal_rtc_ex.o
#        C:\Users\fy\Downloads\Thermometer-on-STM32F3-Discovery-a3f2d27759ef4ef7eaaf0cb08282776b5967ac10\Thermometer-on-STM32F3-Discovery-a3f2d27759ef4ef7eaaf0cb08282776b5967ac10\EWARM\lab2-cube32mx\Obj\stm32f3xx_hal_spi.o
#        C:\Users\fy\Downloads\Thermometer-on-STM32F3-Discovery-a3f2d27759ef4ef7eaaf0cb08282776b5967ac10\Thermometer-on-STM32F3-Discovery-a3f2d27759ef4ef7eaaf0cb08282776b5967ac10\EWARM\lab2-cube32mx\Obj\stm32f3xx_hal_spi_ex.o
#        C:\Users\fy\Downloads\Thermometer-on-STM32F3-Discovery-a3f2d27759ef4ef7eaaf0cb08282776b5967ac10\Thermometer-on-STM32F3-Discovery-a3f2d27759ef4ef7eaaf0cb08282776b5967ac10\EWARM\lab2-cube32mx\Obj\stm32f3xx_hal_tim.o
#        C:\Users\fy\Downloads\Thermometer-on-STM32F3-Discovery-a3f2d27759ef4ef7eaaf0cb08282776b5967ac10\Thermometer-on-STM32F3-Discovery-a3f2d27759ef4ef7eaaf0cb08282776b5967ac10\EWARM\lab2-cube32mx\Obj\stm32f3xx_hal_tim_ex.o
#        C:\Users\fy\Downloads\Thermometer-on-STM32F3-Discovery-a3f2d27759ef4ef7eaaf0cb08282776b5967ac10\Thermometer-on-STM32F3-Discovery-a3f2d27759ef4ef7eaaf0cb08282776b5967ac10\EWARM\lab2-cube32mx\Obj\stm32f3xx_hal_uart.o
#        C:\Users\fy\Downloads\Thermometer-on-STM32F3-Discovery-a3f2d27759ef4ef7eaaf0cb08282776b5967ac10\Thermometer-on-STM32F3-Discovery-a3f2d27759ef4ef7eaaf0cb08282776b5967ac10\EWARM\lab2-cube32mx\Obj\stm32f3xx_hal_uart_ex.o
#        C:\Users\fy\Downloads\Thermometer-on-STM32F3-Discovery-a3f2d27759ef4ef7eaaf0cb08282776b5967ac10\Thermometer-on-STM32F3-Discovery-a3f2d27759ef4ef7eaaf0cb08282776b5967ac10\EWARM\lab2-cube32mx\Obj\stm32f3xx_it.o
#        C:\Users\fy\Downloads\Thermometer-on-STM32F3-Discovery-a3f2d27759ef4ef7eaaf0cb08282776b5967ac10\Thermometer-on-STM32F3-Discovery-a3f2d27759ef4ef7eaaf0cb08282776b5967ac10\EWARM\lab2-cube32mx\Obj\system_stm32f3xx.o
#        C:\Users\fy\Downloads\Thermometer-on-STM32F3-Discovery-a3f2d27759ef4ef7eaaf0cb08282776b5967ac10\Thermometer-on-STM32F3-Discovery-a3f2d27759ef4ef7eaaf0cb08282776b5967ac10\EWARM\lab2-cube32mx\Obj\tim.o
#        C:\Users\fy\Downloads\Thermometer-on-STM32F3-Discovery-a3f2d27759ef4ef7eaaf0cb08282776b5967ac10\Thermometer-on-STM32F3-Discovery-a3f2d27759ef4ef7eaaf0cb08282776b5967ac10\EWARM\lab2-cube32mx\Obj\usart.o
#        --redirect _Printf=_PrintfFull --redirect _Scanf=_ScanfFull
#        --no_out_extension -o
#        C:\Users\fy\Downloads\Thermometer-on-STM32F3-Discovery-a3f2d27759ef4ef7eaaf0cb08282776b5967ac10\Thermometer-on-STM32F3-Discovery-a3f2d27759ef4ef7eaaf0cb08282776b5967ac10\EWARM\lab2-cube32mx\Exe\lab2-cube32mx.out
#        --map
#        C:\Users\fy\Downloads\Thermometer-on-STM32F3-Discovery-a3f2d27759ef4ef7eaaf0cb08282776b5967ac10\Thermometer-on-STM32F3-Discovery-a3f2d27759ef4ef7eaaf0cb08282776b5967ac10\EWARM\lab2-cube32mx\List\lab2-cube32mx.map
#        --config
#        C:\Users\fy\Downloads\Thermometer-on-STM32F3-Discovery-a3f2d27759ef4ef7eaaf0cb08282776b5967ac10\Thermometer-on-STM32F3-Discovery-a3f2d27759ef4ef7eaaf0cb08282776b5967ac10\EWARM/stm32f303xc_flash.icf
#        --semihosting --entry __iar_program_start --vfe --text_out locale)
#
###############################################################################

*******************************************************************************
*** RUNTIME MODEL ATTRIBUTES
***

CppFlavor       = *
__Heap_Handler  = Basic
__SystemLibrary = DLib
__dlib_version  = 6


*******************************************************************************
*** HEAP SELECTION
***

The basic heap was selected because some modules are built with
size limitations (and not runtime checking), and --advanced_heap
was not specified.


*******************************************************************************
*** PLACEMENT SUMMARY
***

"A0":  place at 0x800'0000 { ro section .intvec };
"P1":  place in [from 0x800'0000 to 0x803'ffff] { ro };
define block CSTACK with size = 1K, alignment = 8 { };
define block HEAP with size = 512, alignment = 8 { };
"P2":  place in [from 0x2000'0000 to 0x2000'9fff] {
          rw, block CSTACK, block HEAP };
initialize by copy { rw };

  Section            Kind         Address    Size  Object
  -------            ----         -------    ----  ------
"A0":                                       0x188
  .intvec            ro code   0x800'0000   0x188  startup_stm32f303xc.o [1]
                             - 0x800'0188   0x188

"P1":                                      0x69e3
  .text              ro code   0x800'0188   0xf46  xprintffull.o [2]
  .text              ro code   0x800'10ce    0x7a  lz77_init_single.o [4]
  .text              ro code   0x800'1148    0x78  xlocale_c.o [2]
  .text              ro code   0x800'11c0    0x16  strchr.o [4]
  .text              ro code   0x800'11d6    0x3a  zero_init3.o [4]
  .text              ro code   0x800'1210    0x40  xfail_s.o [2]
  .text              ro code   0x800'1250    0x36  strlen.o [4]
  .text              ro code   0x800'1286    0x1e  xencoding_8859_1.o [2]
  .text              ro code   0x800'12a4    0x58  memchr.o [4]
  .text              ro code   0x800'12fc     0xa  xmbcurmax.o [2]
  .text              ro code   0x800'1306     0xa  xsprout.o [2]
  .text              ro code   0x800'1310    0xa6  ABImemcpy.o [4]
  .text              ro code   0x800'13b8   0x230  I64DivMod.o [4]
  .text              ro code   0x800'15e8   0x1a2  DblMul.o [3]
  .text              ro code   0x800'178c    0x70  frexp.o [3]
  .text              ro code   0x800'17fc    0x2e  DblCmpLe.o [3]
  .text              ro code   0x800'182c    0x2e  DblCmpGe.o [3]
  .text              ro code   0x800'185c   0x13a  ldexp.o [3]
  .text              ro code   0x800'1998    0x3a  DblToS32.o [3]
  .text              ro code   0x800'19d4    0x22  S32ToDbl.o [3]
  .text              ro code   0x800'19f8    0xe2  DblSub.o [3]
  .text              ro code   0x800'1adc   0x246  DblDiv.o [3]
  .text              ro code   0x800'1d24    0x28  DblToU32.o [3]
  .text              ro code   0x800'1d4c    0x1a  U32ToDbl.o [3]
  .text              ro code   0x800'1d66     0x6  abort.o [2]
  .text              ro code   0x800'1d6c     0x2  I64DivZer.o [4]
  .text              ro code   0x800'1d70   0x16a  DblAdd.o [3]
  .text              ro code   0x800'1edc    0x14  exit.o [5]
  .text              ro code   0x800'1ef0    0x80  iarttio.o [5]
  .text              ro code   0x800'1f70    0x3c  XShttio.o [2]
  .text              ro code   0x800'1fac   0x9e0  stm32f3xx_hal_rcc.o [1]
  .text              ro code   0x800'298c     0xc  stm32f3xx_hal.o [1]
  .text              ro code   0x800'2998    0x28  stm32f3xx_hal.o [1]
  .text              ro code   0x800'29c0   0x172  stm32f3xx_hal_cortex.o [1]
  .text              ro code   0x800'2b34   0x92c  stm32f3xx_hal_uart.o [1]
  .text              ro code   0x800'3460    0xa8  usart.o [1]
  .text              ro code   0x800'3508    0x58  stm32f3xx_hal_dma.o [1]
  .text              ro code   0x800'3560     0x2  stm32f3xx_hal_uart.o [1]
  .text              ro code   0x800'3562     0x2  stm32f3xx_hal_uart_ex.o [1]
  .text              ro code   0x800'3564   0x172  main.o [1]
  .text              ro code   0x800'36d8   0x21c  stm32f3xx_hal_gpio.o [1]
  .text              ro code   0x800'38f4   0x1f8  rtc.o [1]
  .text              ro code   0x800'3aec    0x28  printf.o [2]
  .text              ro code   0x800'3b14    0x24  stm32f3xx_hal.o [1]
  .text              ro code   0x800'3b38   0x1f4  gpio.o [1]
  .text              ro code   0x800'3d2c   0x41c  tim.o [1]
  .text              ro code   0x800'4148    0x6c  crc.o [1]
  .text              ro code   0x800'41b4    0xd0  spi.o [1]
  .text              ro code   0x800'4284   0x190  display.o [1]
  .text              ro code   0x800'4414   0x86a  stm32f3xx_hal_tim.o [1]
  .text              ro code   0x800'4c80   0x28c  stm32f3xx_hal_rcc_ex.o [1]
  .text              ro code   0x800'4f0c   0x45a  stm32f3xx_hal_rtc.o [1]
  .text              ro code   0x800'5368    0x22  stm32f3xx_hal_rtc_ex.o [1]
  .text              ro code   0x800'538c    0x40  sprintf.o [2]
  .text              ro code   0x800'53cc    0x78  stm32f3xx_hal_msp.o [1]
  .text              ro code   0x800'5444    0x68  stm32f3xx_hal_tim_ex.o [1]
  .text              ro code   0x800'54ac   0x1de  stm32f3xx_hal_crc.o [1]
  .text              ro code   0x800'568c   0x448  stm32f3xx_hal_spi.o [1]
  .text              ro code   0x800'5ad4    0x1e  stm32f3xx_hal.o [1]
  .text              ro code   0x800'5af2     0x2  stm32f3xx_hal_tim.o [1]
  .text              ro code   0x800'5af4     0x2  stm32f3xx_hal_tim.o [1]
  .text              ro code   0x800'5af6     0x2  stm32f3xx_hal_tim.o [1]
  .text              ro code   0x800'5af8     0x2  stm32f3xx_hal_tim.o [1]
  .text              ro code   0x800'5afa     0x2  stm32f3xx_hal_tim_ex.o [1]
  .text              ro code   0x800'5afc     0x2  stm32f3xx_hal_tim_ex.o [1]
  .text              ro code   0x800'5afe     0x2  stm32f3xx_hal_tim.o [1]
  .text              ro code   0x800'5b00     0x2  stm32f3xx_hal_tim_ex.o [1]
  .text              ro code   0x800'5b02    0x60  stm32f3xx_hal_crc_ex.o [1]
  .text              ro code   0x800'5b64   0x140  heap0.o [2]
  .text              ro code   0x800'5ca4    0x2c  xgetmemchunk.o [2]
  .text              ro code   0x800'5cd0    0xd8  xfspos.o [2]
  .text              ro code   0x800'5da8    0xac  fflush.o [2]
  .text              ro code   0x800'5e54     0xc  xfgpos.o [2]
  .text              ro code   0x800'5e60    0x4a  lseek.o [5]
  .text              ro code   0x800'5eaa    0x10  write.o [5]
  .text              ro code   0x800'5ebc    0xcc  XShHandles.o [2]
  .text              ro code   0x800'5f88    0x1e  dwrite.o [5]
  .text              ro code   0x800'5fa6    0x20  iarwstd.o [5]
  .text              ro code   0x800'5fc6    0x22  iarwrite.o [5]
  .rodata            const     0x800'5fe8    0xb8  main.o [1]
  .rodata            const     0x800'60a0    0xb8  usart.o [1]
  .rodata            const     0x800'6158    0xb4  crc.o [1]
  .rodata            const     0x800'620c    0xb4  rtc.o [1]
  .rodata            const     0x800'62c0    0xb4  spi.o [1]
  .rodata            const     0x800'6374    0xb4  tim.o [1]
  .text              ro code   0x800'6428    0xb4  xfwprep.o [2]
  .text              ro code   0x800'64dc    0x24  fseek.o [2]
  .text              ro code   0x800'6500    0x8c  xfofind.o [2]
  .text              ro code   0x800'658c     0x4  heaptramp0.o [2]
  .text              ro code   0x800'6590    0x84  system_stm32f3xx.o [1]
  .text              ro code   0x800'6614    0x7e  fclose.o [2]
  .text              ro code   0x800'6692    0x18  close.o [5]
  .text              ro code   0x800'66aa    0x14  remove.o [5]
  .text              ro code   0x800'66be    0x54  fputc.o [2]
  .text              ro code   0x800'6714    0x3c  xcloseall.o [2]
  .rodata            const     0x800'6750    0x2c  tim.o [1]
  .text              ro code   0x800'677c    0x2c  stm32f3xx_it.o [1]
  .text              ro code   0x800'67a8    0x10  stm32f3xx_hal.o [1]
  .text              ro code   0x800'67b8    0x28  data_init.o [4]
  .text              ro code   0x800'67e0    0x22  fpinit_M.o [3]
  .iar.init_table    const     0x800'6804    0x20  - Linker created -
  .text              ro code   0x800'6824    0x1e  cmain.o [4]
  .text              ro code   0x800'6842     0x4  low_level_init.o [2]
  .text              ro code   0x800'6846     0x4  exit.o [2]
  .text              ro code   0x800'684c     0xe  cexit.o [4]
  .rodata            const     0x800'685c    0x1c  display.o [1]
  .rodata            const     0x800'6878    0x1c  tim.o [1]
  .rodata            const     0x800'6894    0x1c  tim.o [1]
  .rodata            const     0x800'68b0    0x18  tim.o [1]
  .text              ro code   0x800'68c8    0x16  xprout.o [2]
  .text              ro code   0x800'68e0     0xc  putchar.o [2]
  .rodata            const     0x800'68ec    0x10  rtc.o [1]
  .rodata            const     0x800'68fc    0x10  rtc.o [1]
  .rodata            const     0x800'690c    0x10  stm32f3xx_hal_rcc.o [1]
  .rodata            const     0x800'691c    0x10  stm32f3xx_hal_rcc.o [1]
  .rodata            const     0x800'692c    0x10  system_stm32f3xx.o [1]
  .text              ro code   0x800'693c    0x10  startup_stm32f303xc.o [1]
  .rodata            const     0x800'694c     0xc  rtc.o [1]
  .rodata            const     0x800'6958     0xc  rtc.o [1]
  .rodata            const     0x800'6964     0xc  tim.o [1]
  .rodata            const     0x800'6970     0xc  tim.o [1]
  .text              ro code   0x800'697c     0xc  cstartup_M.o [4]
  .rodata            const     0x800'6988     0x8  system_stm32f3xx.o [1]
  .rodata            const     0x800'6990     0x6  xlocale_c.o [2]
  .rodata            const     0x800'6998     0x4  display.o [1]
  .rodata            const     0x800'699c     0x4  display.o [1]
  .rodata            const     0x800'69a0     0x4  display.o [1]
  .rodata            const     0x800'69a4     0x4  display.o [1]
  .rodata            const     0x800'69a8     0x4  display.o [1]
  .rodata            const     0x800'69ac     0x4  display.o [1]
  .rodata            const     0x800'69b0     0x4  display.o [1]
  .rodata            const     0x800'69b4     0x4  display.o [1]
  .rodata            const     0x800'69b8     0x4  display.o [1]
  .rodata            const     0x800'69bc     0x4  display.o [1]
  .rodata            const     0x800'69c0     0x4  display.o [1]
  .rodata            const     0x800'69c4     0x4  display.o [1]
  .rodata            const     0x800'69c8     0x4  main.o [1]
  .text              ro code   0x800'69cc     0x4  startup_stm32f303xc.o [1]
  .text              ro code   0x800'69d0     0x4  startup_stm32f303xc.o [1]
  .text              ro code   0x800'69d4     0x4  startup_stm32f303xc.o [1]
  .text              ro code   0x800'69d8     0x4  startup_stm32f303xc.o [1]
  .text              ro code   0x800'69dc     0x4  startup_stm32f303xc.o [1]
  .text              ro code   0x800'69e0     0x4  startup_stm32f303xc.o [1]
  .text              ro code   0x800'69e4     0x4  startup_stm32f303xc.o [1]
  .text              ro code   0x800'69e8     0x4  startup_stm32f303xc.o [1]
  .text              ro code   0x800'69ec     0x4  startup_stm32f303xc.o [1]
  .text              ro code   0x800'69f0     0x4  startup_stm32f303xc.o [1]
  .text              ro code   0x800'69f4     0x4  startup_stm32f303xc.o [1]
  .text              ro code   0x800'69f8     0x4  startup_stm32f303xc.o [1]
  .text              ro code   0x800'69fc     0x4  startup_stm32f303xc.o [1]
  .text              ro code   0x800'6a00     0x4  startup_stm32f303xc.o [1]
  .text              ro code   0x800'6a04     0x4  startup_stm32f303xc.o [1]
  .text              ro code   0x800'6a08     0x4  startup_stm32f303xc.o [1]
  .text              ro code   0x800'6a0c     0x4  startup_stm32f303xc.o [1]
  .text              ro code   0x800'6a10     0x4  startup_stm32f303xc.o [1]
  .text              ro code   0x800'6a14     0x4  startup_stm32f303xc.o [1]
  .text              ro code   0x800'6a18     0x4  startup_stm32f303xc.o [1]
  .text              ro code   0x800'6a1c     0x4  startup_stm32f303xc.o [1]
  .text              ro code   0x800'6a20     0x4  startup_stm32f303xc.o [1]
  .text              ro code   0x800'6a24     0x4  startup_stm32f303xc.o [1]
  .text              ro code   0x800'6a28     0x4  startup_stm32f303xc.o [1]
  .text              ro code   0x800'6a2c     0x4  startup_stm32f303xc.o [1]
  .text              ro code   0x800'6a30     0x4  startup_stm32f303xc.o [1]
  .text              ro code   0x800'6a34     0x4  startup_stm32f303xc.o [1]
  .text              ro code   0x800'6a38     0x4  startup_stm32f303xc.o [1]
  .text              ro code   0x800'6a3c     0x4  startup_stm32f303xc.o [1]
  .text              ro code   0x800'6a40     0x4  startup_stm32f303xc.o [1]
  .text              ro code   0x800'6a44     0x4  startup_stm32f303xc.o [1]
  .text              ro code   0x800'6a48     0x4  startup_stm32f303xc.o [1]
  .text              ro code   0x800'6a4c     0x4  startup_stm32f303xc.o [1]
  .text              ro code   0x800'6a50     0x4  startup_stm32f303xc.o [1]
  .text              ro code   0x800'6a54     0x4  startup_stm32f303xc.o [1]
  .text              ro code   0x800'6a58     0x4  startup_stm32f303xc.o [1]
  .text              ro code   0x800'6a5c     0x4  startup_stm32f303xc.o [1]
  .text              ro code   0x800'6a60     0x4  startup_stm32f303xc.o [1]
  .text              ro code   0x800'6a64     0x4  startup_stm32f303xc.o [1]
  .text              ro code   0x800'6a68     0x4  startup_stm32f303xc.o [1]
  .text              ro code   0x800'6a6c     0x4  startup_stm32f303xc.o [1]
  .text              ro code   0x800'6a70     0x4  startup_stm32f303xc.o [1]
  .text              ro code   0x800'6a74     0x4  startup_stm32f303xc.o [1]
  .text              ro code   0x800'6a78     0x4  startup_stm32f303xc.o [1]
  .text              ro code   0x800'6a7c     0x4  startup_stm32f303xc.o [1]
  .text              ro code   0x800'6a80     0x4  startup_stm32f303xc.o [1]
  .text              ro code   0x800'6a84     0x4  startup_stm32f303xc.o [1]
  .text              ro code   0x800'6a88     0x4  startup_stm32f303xc.o [1]
  .text              ro code   0x800'6a8c     0x4  startup_stm32f303xc.o [1]
  .text              ro code   0x800'6a90     0x4  startup_stm32f303xc.o [1]
  .text              ro code   0x800'6a94     0x4  startup_stm32f303xc.o [1]
  .text              ro code   0x800'6a98     0x4  startup_stm32f303xc.o [1]
  .text              ro code   0x800'6a9c     0x4  startup_stm32f303xc.o [1]
  .text              ro code   0x800'6aa0     0x4  startup_stm32f303xc.o [1]
  .text              ro code   0x800'6aa4     0x4  startup_stm32f303xc.o [1]
  .text              ro code   0x800'6aa8     0x4  startup_stm32f303xc.o [1]
  .text              ro code   0x800'6aac     0x4  startup_stm32f303xc.o [1]
  .text              ro code   0x800'6ab0     0x4  startup_stm32f303xc.o [1]
  .text              ro code   0x800'6ab4     0x4  startup_stm32f303xc.o [1]
  .text              ro code   0x800'6ab8     0x4  startup_stm32f303xc.o [1]
  .text              ro code   0x800'6abc     0x4  startup_stm32f303xc.o [1]
  .text              ro code   0x800'6ac0     0x4  startup_stm32f303xc.o [1]
  .text              ro code   0x800'6ac4     0x4  startup_stm32f303xc.o [1]
  .text              ro code   0x800'6ac8     0x4  startup_stm32f303xc.o [1]
  .text              ro code   0x800'6acc     0x4  startup_stm32f303xc.o [1]
  .text              ro code   0x800'6ad0     0x4  startup_stm32f303xc.o [1]
  .text              ro code   0x800'6ad4     0x4  startup_stm32f303xc.o [1]
  .text              ro code   0x800'6ad8     0x4  startup_stm32f303xc.o [1]
  .text              ro code   0x800'6adc     0x4  startup_stm32f303xc.o [1]
  .text              ro code   0x800'6ae0     0x4  startup_stm32f303xc.o [1]
  .text              ro code   0x800'6ae4     0x0  cstart_closeall.o [4]
  .rodata            const     0x800'6ae4     0x0  zero_init3.o [4]
  .rodata            const     0x800'6ae4     0x0  lz77_init_single.o [4]
  Initializer bytes  const     0x800'6ae4    0x87  <for P2-1>
                             - 0x800'6b6b  0x69e3

"P2", part 1 of 3:                          0x184
  P2-1                        0x2000'0000   0x184  <Init block>
    .data            inited   0x2000'0000     0x4  system_stm32f3xx.o [1]
    .data            inited   0x2000'0004    0x38  xlocale_c.o [2]
    .data            inited   0x2000'003c    0x48  xlocale_c.o [2]
    .data            inited   0x2000'0084    0x48  xfiles.o [2]
    .data            inited   0x2000'00cc    0x48  xfiles.o [2]
    .data            inited   0x2000'0114    0x48  xfiles.o [2]
    .data            inited   0x2000'015c    0x20  xfiles.o [2]
    .data            inited   0x2000'017c     0x8  XShttio.o [2]
                            - 0x2000'0184   0x184

"P2", part 2 of 3:                          0x31c
  .bss               zero     0x2000'0184    0x80  XShHandles.o [2]
  .bss               zero     0x2000'0204    0x70  usart.o [1]
  .bss               zero     0x2000'0274    0x64  spi.o [1]
  .bss               zero     0x2000'02d8    0x50  xfiles.o [2]
  .bss               zero     0x2000'0328    0x50  xfiles.o [2]
  .bss               zero     0x2000'0378    0x40  tim.o [1]
  .bss               zero     0x2000'03b8    0x34  tim.o [1]
  .bss               zero     0x2000'03ec    0x34  tim.o [1]
  .bss               zero     0x2000'0420    0x24  crc.o [1]
  .bss               zero     0x2000'0444    0x20  rtc.o [1]
  .bss               zero     0x2000'0464     0x8  heap0.o [2]
  .bss               zero     0x2000'046c     0x4  rtc.o [1]
  .bss               zero     0x2000'0470     0x4  stm32f3xx_hal.o [1]
  .bss               zero     0x2000'0474     0x4  tim.o [1]
  .bss               zero     0x2000'0478     0x4  tim.o [1]
  .bss               zero     0x2000'047c     0x4  tim.o [1]
  .bss               zero     0x2000'0480     0x4  tim.o [1]
  .bss               zero     0x2000'0484     0x4  tim.o [1]
  .bss               zero     0x2000'0488     0x4  tim.o [1]
  .bss               zero     0x2000'048c     0x4  tim.o [1]
  .bss               zero     0x2000'0490     0x4  xfail_s.o [2]
  .bss               zero     0x2000'0494     0x4  xgetmemchunk.o [2]
  .bss               zero     0x2000'0498     0x2  tim.o [1]
  .bss               zero     0x2000'049a     0x2  tim.o [1]
  .bss               zero     0x2000'049c     0x1  main.o [1]
  .bss               zero     0x2000'049d     0x1  main.o [1]
  .bss               zero     0x2000'049e     0x1  XShttio.o [2]
                            - 0x2000'049f   0x31b

"P2", part 3 of 3:                          0x600
  CSTACK                      0x2000'04a0   0x400  <Block>
    CSTACK           uninit   0x2000'04a0   0x400  <Block tail>
  HEAP                        0x2000'08a0   0x200  <Block>
    HEAP             uninit   0x2000'08a0   0x200  <Block tail>
                            - 0x2000'0aa0   0x600

Unused ranges:

         From           To      Size
         ----           --      ----
   0x800'6b6b   0x803'ffff  0x3'9495
  0x2000'0aa0  0x2000'9fff    0x9560


*******************************************************************************
*** INIT TABLE
***

          Address      Size
          -------      ----
Zero (__iar_zero_init3)
    1 destination range, total size 0x31b:
          0x2000'0184  0x31b

Copy/lz77 (__iar_lz77_init_single3)
    1 source range, total size 0x87 (34% of destination):
           0x800'6ae4   0x87
    1 destination range, total size 0x184:
          0x2000'0000  0x184



*******************************************************************************
*** MODULE SUMMARY
***

    Module                   ro code  ro data  rw data
    ------                   -------  -------  -------
command line/config:
    --------------------------------------------------
    Total:

C:\Users\fy\Downloads\Thermometer-on-STM32F3-Discovery-a3f2d27759ef4ef7eaaf0cb08282776b5967ac10\Thermometer-on-STM32F3-Discovery-a3f2d27759ef4ef7eaaf0cb08282776b5967ac10\EWARM\lab2-cube32mx\Obj: [1]
    crc.o                        108      180       36
    display.o                    400       76
    gpio.o                       500
    main.o                       370      188        2
    rtc.o                        504      236       36
    spi.o                        208      180      100
    startup_stm32f303xc.o        688
    stm32f3xx_hal.o              134                 4
    stm32f3xx_hal_cortex.o       370
    stm32f3xx_hal_crc.o          478
    stm32f3xx_hal_crc_ex.o        96
    stm32f3xx_hal_dma.o           88
    stm32f3xx_hal_gpio.o         540
    stm32f3xx_hal_msp.o          120
    stm32f3xx_hal_rcc.o        2 528       32
    stm32f3xx_hal_rcc_ex.o       652
    stm32f3xx_hal_rtc.o        1 114
    stm32f3xx_hal_rtc_ex.o        34
    stm32f3xx_hal_spi.o        1 096
    stm32f3xx_hal_tim.o        2 164
    stm32f3xx_hal_tim_ex.o       110
    stm32f3xx_hal_uart.o       2 350
    stm32f3xx_hal_uart_ex.o        2
    stm32f3xx_it.o                44
    system_stm32f3xx.o           132       25        4
    tim.o                      1 052      328      200
    usart.o                      168      184      112
    --------------------------------------------------
    Total:                    16 050    1 429      494

dl7M_tlf.a: [2]
    XShHandles.o                 204               128
    XShttio.o                     60        3        9
    abort.o                        6
    exit.o                         4
    fclose.o                     126
    fflush.o                     172
    fputc.o                       84
    fseek.o                       36
    heap0.o                      320                 8
    heaptramp0.o                   4
    low_level_init.o               4
    printf.o                      40
    putchar.o                     12
    sprintf.o                     64
    xcloseall.o                   60
    xencoding_8859_1.o            30
    xfail_s.o                     64                 4
    xfgpos.o                      12
    xfiles.o                               87      408
    xfofind.o                    140
    xfspos.o                     216
    xfwprep.o                    180
    xgetmemchunk.o                44                 4
    xlocale_c.o                  120       50      128
    xmbcurmax.o                   10
    xprintffull.o              3 910
    xprout.o                      22
    xsprout.o                     10
    --------------------------------------------------
    Total:                     5 954      140      689

m7M_tls.a: [3]
    DblAdd.o                     362
    DblCmpGe.o                    46
    DblCmpLe.o                    46
    DblDiv.o                     582
    DblMul.o                     418
    DblSub.o                     226
    DblToS32.o                    58
    DblToU32.o                    40
    S32ToDbl.o                    34
    U32ToDbl.o                    26
    fpinit_M.o                    34
    frexp.o                      112
    ldexp.o                      314
    --------------------------------------------------
    Total:                     2 298

rt7M_tl.a: [4]
    ABImemcpy.o                  166
    I64DivMod.o                  560
    I64DivZer.o                    2
    cexit.o                       14
    cmain.o                       30
    cstart_closeall.o
    cstartup_M.o                  12
    data_init.o                   40
    lz77_init_single.o           122
    memchr.o                      88
    strchr.o                      22
    strlen.o                      54
    zero_init3.o                  58
    --------------------------------------------------
    Total:                     1 168

shb_l.a: [5]
    close.o                       24
    dwrite.o                      30
    exit.o                        20
    iarttio.o                    128
    iarwrite.o                    34
    iarwstd.o                     32
    lseek.o                       74
    remove.o                      20
    write.o                       16
    --------------------------------------------------
    Total:                       378

    Gaps                          44        6
    Linker created                         32    1 536
------------------------------------------------------
    Grand Total:              25 892    1 607    2 719


*******************************************************************************
*** ENTRY LIST
***

Entry                       Address   Size  Type      Object
-----                       -------   ----  ----      ------
.iar.init_table$$Base    0x800'6804          --   Gb  - Linker created -
.iar.init_table$$Limit   0x800'6824          --   Gb  - Linker created -
?main                    0x800'6825         Code  Gb  cmain.o [4]
AHBPrescTable            0x800'692c   0x10  Data  Gb  system_stm32f3xx.o [1]
APBPrescTable            0x800'6988    0x8  Data  Gb  system_stm32f3xx.o [1]
Aldata                  0x2000'0464    0x8  Data  Lc  heap0.o [2]
CRC_Handle_16            0x800'5653   0x38  Code  Lc  stm32f3xx_hal_crc.o [1]
CRC_Handle_8             0x800'55c1   0x92  Code  Lc  stm32f3xx_hal_crc.o [1]
CSTACK$$Base            0x2000'04a0          --   Gb  - Linker created -
CSTACK$$Limit           0x2000'08a0          --   Gb  - Linker created -
CacheMore                0x800'114d   0x24  Code  Lc  xlocale_c.o [2]
HAL_CRCEx_Polynomial_Set
                         0x800'5b03   0x60  Code  Gb  stm32f3xx_hal_crc_ex.o [1]
HAL_CRC_Calculate        0x800'553d   0x84  Code  Gb  stm32f3xx_hal_crc.o [1]
HAL_CRC_Init             0x800'54ad   0x8a  Code  Gb  stm32f3xx_hal_crc.o [1]
HAL_CRC_MspInit          0x800'4183   0x22  Code  Gb  crc.o [1]
HAL_DMA_Abort_IT         0x800'3509   0x58  Code  Gb  stm32f3xx_hal_dma.o [1]
HAL_Delay                0x800'5ad5   0x1e  Code  Wk  stm32f3xx_hal.o [1]
HAL_GPIO_Init            0x800'36d9  0x1ce  Code  Gb  stm32f3xx_hal_gpio.o [1]
HAL_GPIO_TogglePin       0x800'38bf    0xc  Code  Gb  stm32f3xx_hal_gpio.o [1]
HAL_GPIO_WritePin        0x800'38a7   0x18  Code  Gb  stm32f3xx_hal_gpio.o [1]
HAL_GetTick              0x800'298d    0xc  Code  Wk  stm32f3xx_hal.o [1]
HAL_IncTick              0x800'67a9   0x10  Code  Wk  stm32f3xx_hal.o [1]
HAL_Init                 0x800'3b15   0x20  Code  Gb  stm32f3xx_hal.o [1]
HAL_InitTick             0x800'2999   0x28  Code  Wk  stm32f3xx_hal.o [1]
HAL_MspInit              0x800'53cd   0x78  Code  Gb  stm32f3xx_hal_msp.o [1]
HAL_NVIC_EnableIRQ       0x800'2ad1    0xe  Code  Gb  stm32f3xx_hal_cortex.o [1]
HAL_NVIC_SetPriority     0x800'2aa7   0x2a  Code  Gb  stm32f3xx_hal_cortex.o [1]
HAL_NVIC_SetPriorityGrouping
                         0x800'2a9b    0xc  Code  Gb  stm32f3xx_hal_cortex.o [1]
HAL_RCCEx_PeriphCLKConfig
                         0x800'4c81  0x26a  Code  Gb  stm32f3xx_hal_rcc_ex.o [1]
HAL_RCC_ClockConfig      0x800'2671  0x21a  Code  Gb  stm32f3xx_hal_rcc.o [1]
HAL_RCC_GetHCLKFreq      0x800'2903    0x6  Code  Gb  stm32f3xx_hal_rcc.o [1]
HAL_RCC_GetPCLK1Freq     0x800'2909   0x20  Code  Gb  stm32f3xx_hal_rcc.o [1]
HAL_RCC_GetPCLK2Freq     0x800'2929   0x20  Code  Gb  stm32f3xx_hal_rcc.o [1]
HAL_RCC_GetSysClockFreq
                         0x800'288b   0x78  Code  Gb  stm32f3xx_hal_rcc.o [1]
HAL_RCC_OscConfig        0x800'1fad  0x6c4  Code  Gb  stm32f3xx_hal_rcc.o [1]
HAL_RTCEx_BKUPRead       0x800'537b   0x10  Code  Gb  stm32f3xx_hal_rtc_ex.o [1]
HAL_RTCEx_BKUPWrite      0x800'5369   0x12  Code  Gb  stm32f3xx_hal_rtc_ex.o [1]
HAL_RTC_GetDate          0x800'5265   0x54  Code  Gb  stm32f3xx_hal_rtc.o [1]
HAL_RTC_GetTime          0x800'50f3   0x68  Code  Gb  stm32f3xx_hal_rtc.o [1]
HAL_RTC_Init             0x800'4f0d   0xcc  Code  Gb  stm32f3xx_hal_rtc.o [1]
HAL_RTC_MspInit          0x800'39b1   0x22  Code  Gb  rtc.o [1]
HAL_RTC_SetDate          0x800'515b  0x10a  Code  Gb  stm32f3xx_hal_rtc.o [1]
HAL_RTC_SetTime          0x800'4fd9  0x11a  Code  Gb  stm32f3xx_hal_rtc.o [1]
HAL_RTC_WaitForSynchro   0x800'52c5   0x36  Code  Gb  stm32f3xx_hal_rtc.o [1]
HAL_SPI_Init             0x800'568d   0xd0  Code  Gb  stm32f3xx_hal_spi.o [1]
HAL_SPI_MspInit          0x800'4209   0x62  Code  Gb  spi.o [1]
HAL_SPI_Transmit         0x800'575d  0x1c2  Code  Gb  stm32f3xx_hal_spi.o [1]
HAL_SYSTICK_CLKSourceConfig
                         0x800'2aeb   0x1c  Code  Gb  stm32f3xx_hal_cortex.o [1]
HAL_SYSTICK_Config       0x800'2adf    0xc  Code  Gb  stm32f3xx_hal_cortex.o [1]
HAL_SYSTICK_IRQHandler   0x800'2b29    0x8  Code  Gb  stm32f3xx_hal_cortex.o [1]
HAL_TIMEx_Break2Callback
                         0x800'5afd    0x2  Code  Wk  stm32f3xx_hal_tim_ex.o [1]
HAL_TIMEx_BreakCallback
                         0x800'5afb    0x2  Code  Wk  stm32f3xx_hal_tim_ex.o [1]
HAL_TIMEx_CommutationCallback
                         0x800'5b01    0x2  Code  Wk  stm32f3xx_hal_tim_ex.o [1]
HAL_TIMEx_MasterConfigSynchronization
                         0x800'5445   0x5e  Code  Gb  stm32f3xx_hal_tim_ex.o [1]
HAL_TIM_Base_Init        0x800'4415   0x38  Code  Gb  stm32f3xx_hal_tim.o [1]
HAL_TIM_Base_MspInit     0x800'3e21   0x56  Code  Gb  tim.o [1]
HAL_TIM_ConfigClockSource
                         0x800'475b  0x11e  Code  Gb  stm32f3xx_hal_tim.o [1]
HAL_TIM_IC_CaptureCallback
                         0x800'3ed7  0x214  Code  Gb  tim.o [1]
HAL_TIM_IC_CaptureCallback::bitCounter
                        0x2000'0484    0x4  Data  Lc  tim.o [1]
HAL_TIM_IC_CaptureCallback::calculatedCRC
                        0x2000'0480    0x4  Data  Lc  tim.o [1]
HAL_TIM_IC_CaptureCallback::clearForCRC
                        0x2000'048c    0x4  Data  Lc  tim.o [1]
HAL_TIM_IC_CaptureCallback::clearForTemp
                        0x2000'0488    0x4  Data  Lc  tim.o [1]
HAL_TIM_IC_CaptureCallback::preamble
                        0x2000'0474    0x4  Data  Lc  tim.o [1]
HAL_TIM_IC_CaptureCallback::receivedCRC
                        0x2000'047c    0x4  Data  Lc  tim.o [1]
HAL_TIM_IC_CaptureCallback::temperaturData
                        0x2000'0478    0x4  Data  Lc  tim.o [1]
HAL_TIM_IC_CaptureCallback::ticks1
                        0x2000'0498    0x2  Data  Lc  tim.o [1]
HAL_TIM_IC_CaptureCallback::ticks2
                        0x2000'049a    0x2  Data  Lc  tim.o [1]
HAL_TIM_IC_ConfigChannel
                         0x800'4685   0xd6  Code  Gb  stm32f3xx_hal_tim.o [1]
HAL_TIM_IC_Init          0x800'444d   0x38  Code  Gb  stm32f3xx_hal_tim.o [1]
HAL_TIM_IC_Start_IT      0x800'4485   0x6c  Code  Gb  stm32f3xx_hal_tim.o [1]
HAL_TIM_IRQHandler       0x800'44f1  0x194  Code  Gb  stm32f3xx_hal_tim.o [1]
HAL_TIM_ReadCapturedValue
                         0x800'48c9   0x54  Code  Gb  stm32f3xx_hal_tim.o [1]
HAL_TIM_SlaveConfigSynchronization
                         0x800'487b   0x4e  Code  Gb  stm32f3xx_hal_tim.o [1]
HAL_UARTEx_WakeupCallback
                         0x800'3563    0x2  Code  Wk  stm32f3xx_hal_uart_ex.o [1]
HAL_UART_IRQHandler      0x800'2cb5  0x174  Code  Gb  stm32f3xx_hal_uart.o [1]
HAL_UART_Init            0x800'2b35   0x7e  Code  Gb  stm32f3xx_hal_uart.o [1]
HAL_UART_MspInit         0x800'34a1   0x54  Code  Gb  usart.o [1]
HAL_UART_Receive_IT      0x800'2c11   0xa4  Code  Gb  stm32f3xx_hal_uart.o [1]
HAL_UART_RxCpltCallback
                         0x800'356d   0x1c  Code  Gb  main.o [1]
HAL_UART_Transmit_IT     0x800'2bb3   0x5e  Code  Gb  stm32f3xx_hal_uart.o [1]
HAL_UART_TxCpltCallback
                         0x800'3565    0x8  Code  Gb  main.o [1]
HEAP$$Base              0x2000'08a0          --   Gb  - Linker created -
HEAP$$Limit             0x2000'0aa0          --   Gb  - Linker created -
LoadInt                  0x800'034b   0x7a  Code  Lc  xprintffull.o [2]
MX_CRC_Init              0x800'4149   0x3a  Code  Gb  crc.o [1]
MX_GPIO_Init             0x800'3b39  0x1f4  Code  Gb  gpio.o [1]
MX_RTC_Init              0x800'38f5   0xbc  Code  Gb  rtc.o [1]
MX_SPI2_Init             0x800'41b5   0x54  Code  Gb  spi.o [1]
MX_TIM2_Init             0x800'3d2d   0xf4  Code  Gb  tim.o [1]
MX_USART3_UART_Init      0x800'3461   0x40  Code  Gb  usart.o [1]
NVIC_EnableIRQ           0x800'29e9   0x16  Code  Lc  stm32f3xx_hal_cortex.o [1]
NVIC_EncodePriority      0x800'2a2b   0x40  Code  Lc  stm32f3xx_hal_cortex.o [1]
NVIC_GetPriorityGrouping
                         0x800'29df    0xa  Code  Lc  stm32f3xx_hal_cortex.o [1]
NVIC_SetPriority         0x800'29ff   0x2c  Code  Lc  stm32f3xx_hal_cortex.o [1]
NVIC_SetPriorityGrouping
                         0x800'29c1   0x1e  Code  Lc  stm32f3xx_hal_cortex.o [1]
PendSV_Handler           0x800'677f    0x2  Code  Gb  stm32f3xx_it.o [1]
RTC_Bcd2ToByte           0x800'534d   0x1a  Code  Gb  stm32f3xx_hal_rtc.o [1]
RTC_ByteToBcd2           0x800'5335   0x18  Code  Gb  stm32f3xx_hal_rtc.o [1]
RTC_CalendarSet          0x800'3a5f   0x64  Code  Gb  rtc.o [1]
RTC_CalendarShow         0x800'39d3   0x8c  Code  Gb  rtc.o [1]
RTC_EnterInitMode        0x800'52fb   0x3a  Code  Gb  stm32f3xx_hal_rtc.o [1]
RXBuffer                0x2000'049d    0x1  Data  Gb  main.o [1]
Region$$Table$$Base      0x800'6804          --   Gb  - Linker created -
Region$$Table$$Limit     0x800'6824          --   Gb  - Linker created -
SPI_EndRxTxTransaction   0x800'5a6b   0x6a  Code  Lc  stm32f3xx_hal_spi.o [1]
SPI_WaitFifoStateUntilTimeout
                         0x800'59bf   0xac  Code  Lc  stm32f3xx_hal_spi.o [1]
SPI_WaitFlagStateUntilTimeout
                         0x800'591f   0xa0  Code  Lc  stm32f3xx_hal_spi.o [1]
SVC_Handler              0x800'677d    0x2  Code  Gb  stm32f3xx_it.o [1]
SysTick_Config           0x800'2a6b   0x30  Code  Lc  stm32f3xx_hal_cortex.o [1]
SysTick_Handler          0x800'6781    0xc  Code  Gb  stm32f3xx_it.o [1]
SystemClock_Config       0x800'3611   0xa8  Code  Gb  main.o [1]
SystemCoreClock         0x2000'0000    0x4  Data  Gb  system_stm32f3xx.o [1]
SystemInit               0x800'6591   0x5a  Code  Gb  system_stm32f3xx.o [1]
TIM2_IRQHandler          0x800'678d    0xa  Code  Gb  stm32f3xx_it.o [1]
TIM_Base_SetConfig       0x800'491d   0xb8  Code  Gb  stm32f3xx_hal_tim.o [1]
TIM_CCxChannelCmd        0x800'4c63   0x1c  Code  Gb  stm32f3xx_hal_tim.o [1]
TIM_ETR_SetConfig        0x800'4c49   0x1a  Code  Gb  stm32f3xx_hal_tim.o [1]
TIM_ITRx_SetConfig       0x800'4c2f   0x1a  Code  Lc  stm32f3xx_hal_tim.o [1]
TIM_SlaveTimer_SetConfig
                         0x800'49d5   0xb0  Code  Lc  stm32f3xx_hal_tim.o [1]
TIM_TI1_ConfigInputStage
                         0x800'4b19   0x28  Code  Lc  stm32f3xx_hal_tim.o [1]
TIM_TI1_SetConfig        0x800'4a85   0x6e  Code  Gb  stm32f3xx_hal_tim.o [1]
TIM_TI2_ConfigInputStage
                         0x800'4b83   0x2a  Code  Lc  stm32f3xx_hal_tim.o [1]
TIM_TI2_SetConfig        0x800'4b41   0x42  Code  Lc  stm32f3xx_hal_tim.o [1]
TIM_TI3_SetConfig        0x800'4bad   0x40  Code  Lc  stm32f3xx_hal_tim.o [1]
TIM_TI4_SetConfig        0x800'4bed   0x42  Code  Lc  stm32f3xx_hal_tim.o [1]
UART_AdvFeatureConfig    0x800'3151   0xda  Code  Gb  stm32f3xx_hal_uart.o [1]
UART_CheckIdleState      0x800'322b   0x6e  Code  Gb  stm32f3xx_hal_uart.o [1]
UART_DMAAbortOnError     0x800'3329   0x1a  Code  Lc  stm32f3xx_hal_uart.o [1]
UART_EndRxTransfer       0x800'3307   0x20  Code  Lc  stm32f3xx_hal_uart.o [1]
UART_EndTransmit_IT      0x800'33b5   0x20  Code  Gb  stm32f3xx_hal_uart.o [1]
UART_Receive_IT          0x800'33d5   0x8c  Code  Gb  stm32f3xx_hal_uart.o [1]
UART_SetConfig           0x800'2e29  0x304  Code  Gb  stm32f3xx_hal_uart.o [1]
UART_Transmit_IT         0x800'3345   0x70  Code  Gb  stm32f3xx_hal_uart.o [1]
UART_WaitOnFlagUntilTimeout
                         0x800'3299   0x6e  Code  Gb  stm32f3xx_hal_uart.o [1]
USART3_IRQHandler        0x800'6797    0xa  Code  Gb  stm32f3xx_it.o [1]
UartReady               0x2000'049c    0x1  Data  Gb  main.o [1]
_Close_all               0x800'6715   0x3c  Code  Gb  xcloseall.o [2]
_Encoding_8859_1_Mbrlen
                         0x800'1299    0x2  Code  Gb  xencoding_8859_1.o [2]
_Encoding_8859_1_Wctomb
                         0x800'1287   0x12  Code  Gb  xencoding_8859_1.o [2]
_Error_Handler           0x800'36d5    0x2  Code  Gb  main.o [1]
_Files                  0x2000'015c   0x20  Data  Gb  xfiles.o [2]
_Fofree                  0x800'6501   0x86  Code  Gb  xfofind.o [2]
_Fspos                   0x800'5cd1   0xd8  Code  Gb  xfspos.o [2]
_Fwprep                  0x800'6429   0xb4  Code  Gb  xfwprep.o [2]
_GenldFull               0x800'0da9  0x274  Code  Lc  xprintffull.o [2]
_LdtobFull               0x800'09a5  0x3d6  Code  Lc  xprintffull.o [2]
_LitobFull               0x800'0855  0x10a  Code  Lc  xprintffull.o [2]
_Locale_lconv           0x2000'0004   0x38  Data  Lc  xlocale_c.o [2]
_Nnl                     0x800'5e55    0xc  Code  Gb  xfgpos.o [2]
_PrintfFull              0x800'0189  0x1aa  Code  Gb  xprintffull.o [2]
_Prout                   0x800'68c9   0x16  Code  Gb  xprout.o [2]
_PutcharsFull            0x800'101d   0x2e  Code  Lc  xprintffull.o [2]
_PutfldFull              0x800'03c5  0x2d4  Code  Lc  xprintffull.o [2]
_PutstrFull              0x800'078f   0xc6  Code  Lc  xprintffull.o [2]
_PuttxtFull              0x800'0699   0xf6  Code  Lc  xprintffull.o [2]
_SProut                  0x800'1307    0xa  Code  Gb  xsprout.o [2]
__aeabi_cdcmple          0x800'17fd         Code  Gb  DblCmpLe.o [3]
__aeabi_cdrcmple         0x800'182d         Code  Gb  DblCmpGe.o [3]
__aeabi_d2iz             0x800'1999         Code  Gb  DblToS32.o [3]
__aeabi_d2uiz            0x800'1d25         Code  Gb  DblToU32.o [3]
__aeabi_ddiv             0x800'1add         Code  Gb  DblDiv.o [3]
__aeabi_dmul             0x800'15e9         Code  Gb  DblMul.o [3]
__aeabi_dsub             0x800'19f9         Code  Gb  DblSub.o [3]
__aeabi_i2d              0x800'19d5         Code  Gb  S32ToDbl.o [3]
__aeabi_ldiv0            0x800'1d6d         Code  Gb  I64DivZer.o [4]
__aeabi_memcpy           0x800'1311         Code  Gb  ABImemcpy.o [4]
__aeabi_memcpy4          0x800'1331         Code  Gb  ABImemcpy.o [4]
__aeabi_memcpy8          0x800'1331         Code  Gb  ABImemcpy.o [4]
__aeabi_ui2d             0x800'1d4d         Code  Gb  U32ToDbl.o [3]
__aeabi_uldivmod         0x800'13b9         Code  Gb  I64DivMod.o [4]
__basic_free             0x800'5c11   0x16  Code  Gb  heap0.o [2]
__basic_free_intern      0x800'5c27   0x7a  Code  Lc  heap0.o [2]
__basic_malloc           0x800'5b65   0x18  Code  Gb  heap0.o [2]
__basic_malloc_intern    0x800'5b7d   0x94  Code  Lc  heap0.o [2]
__cexit_closeall         0x800'684f         Code  Gb  cexit.o [4]
__close                  0x800'6693   0x18  Code  Gb  close.o [5]
__cmain                  0x800'6825         Code  Gb  cmain.o [4]
__cstart_closeall        0x800'6ae4         Data  Gb  cstart_closeall.o [4]
__data_GetMemChunk       0x800'5ca5   0x2c  Code  Gb  xgetmemchunk.o [2]
__data_GetMemChunk::start
                        0x2000'0494    0x4  Data  Lc  xgetmemchunk.o [2]
__dwrite                 0x800'5f89   0x1e  Code  Gb  dwrite.o [5]
__exit                   0x800'1edd   0x14  Code  Gb  exit.o [5]
__iar_Fail_s             0x800'1211   0x1c  Code  Gb  xfail_s.o [2]
__iar_Mbcurmax           0x800'12fd    0xa  Code  Gb  xmbcurmax.o [2]
__iar_Memchr             0x800'12a5         Code  Gb  memchr.o [4]
__iar_Stderr            0x2000'0114   0x48  Data  Gb  xfiles.o [2]
__iar_Stdin             0x2000'0084   0x48  Data  Gb  xfiles.o [2]
__iar_Stdout            0x2000'00cc   0x48  Data  Gb  xfiles.o [2]
__iar_Strchr             0x800'11c1         Code  Gb  strchr.o [4]
__iar_close_ttio         0x800'1ef1   0x2e  Code  Gb  iarttio.o [5]
__iar_dadd               0x800'1a09         Code  Gb  DblSub.o [3]
__iar_data_init3         0x800'67b9   0x28  Code  Gb  data_init.o [4]
__iar_dsub               0x800'1d71         Code  Gb  DblAdd.o [3]
__iar_dsubStart          0x800'1d83         Code  Gb  DblAdd.o [3]
__iar_frexp              0x800'1799         Code  Gb  frexp.o [3]
__iar_frexpl             0x800'1799         Code  Gb  frexp.o [3]
__iar_get_ttio           0x800'1f21   0x4c  Code  Gb  iarttio.o [5]
__iar_globLocale        0x2000'003c   0x48  Data  Lc  xlocale_c.o [2]
__iar_global_Locale      0x800'1149    0x4  Code  Gb  xlocale_c.o [2]
__iar_init_vfp           0x800'67e1         Code  Gb  fpinit_M.o [3]
__iar_ldexp64            0x800'185d         Code  Gb  ldexp.o [3]
__iar_lookup_ttioh       0x800'1f9f    0x4  Code  Gb  XShttio.o [2]
__iar_lz77_init_single3
                         0x800'10cf   0x7a  Code  Gb  lz77_init_single.o [4]
__iar_program_start      0x800'697d         Code  Gb  cstartup_M.o [4]
__iar_scalbln64          0x800'185d         Code  Gb  ldexp.o [3]
__iar_scalbn64           0x800'185d         Code  Gb  ldexp.o [3]
__iar_sh_Discard         0x800'5ebd   0x42  Code  Gb  XShHandles.o [2]
__iar_sh_Move            0x800'5eff   0x46  Code  Gb  XShHandles.o [2]
__iar_sh_Pos             0x800'5f45   0x3e  Code  Gb  XShHandles.o [2]
__iar_sh_stdout          0x800'5fa7   0x20  Code  Gb  iarwstd.o [5]
__iar_sh_write           0x800'5fc7   0x22  Code  Gb  iarwrite.o [5]
__iar_softfp___iar_frexp64
                         0x800'178d         Code  Gb  frexp.o [3]
__iar_softfp_frexp       0x800'178d         Code  Gb  frexp.o [3]
__iar_softfp_frexpl      0x800'178d         Code  Gb  frexp.o [3]
__iar_ttio_guard_lock    0x800'1f71   0x1e  Code  Gb  XShttio.o [2]
__iar_ttio_guard_unlock
                         0x800'1f8f   0x10  Code  Gb  XShttio.o [2]
__iar_ttio_handles      0x2000'017c    0x8  Data  Lc  XShttio.o [2]
__iar_zero_init3         0x800'11d7   0x3a  Code  Gb  zero_init3.o [4]
__low_level_init         0x800'6843    0x4  Code  Gb  low_level_init.o [2]
__lseek                  0x800'5e61   0x4a  Code  Gb  lseek.o [5]
__vector_table           0x800'0000         Data  Gb  startup_stm32f303xc.o [1]
__write                  0x800'5eab   0x10  Code  Gb  write.o [5]
_call_main               0x800'6831         Code  Gb  cmain.o [4]
_exit                    0x800'684d         Code  Gb  cexit.o [4]
_gLocale_mblen           0x800'11ad    0x4  Code  Gb  xlocale_c.o [2]
_gLocale_mblenInt        0x800'1171   0x2c  Code  Gb  xlocale_c.o [2]
_gLocale_wctomb          0x800'11b1    0x4  Code  Gb  xlocale_c.o [2]
_gLocale_wctombInt       0x800'11a9    0x4  Code  Gb  xlocale_c.o [2]
_main                    0x800'683f         Code  Gb  cmain.o [4]
aPLLMULFactorTable       0x800'690c   0x10  Data  Gb  stm32f3xx_hal_rcc.o [1]
aPredivFactorTable       0x800'691c   0x10  Data  Gb  stm32f3xx_hal_rcc.o [1]
aShowDate               0x2000'03ec   0x34  Data  Gb  tim.o [1]
aShowTime               0x2000'03b8   0x34  Data  Gb  tim.o [1]
abort                    0x800'1d67    0x6  Code  Gb  abort.o [2]
ebuf                    0x2000'02d8   0x50  Data  Lc  xfiles.o [2]
exit                     0x800'6847    0x4  Code  Gb  exit.o [2]
fclose                   0x800'6615   0x7e  Code  Gb  fclose.o [2]
fflush                   0x800'5e1d   0x34  Code  Gb  fflush.o [2]
fflushOne                0x800'5da9   0x74  Code  Lc  fflush.o [2]
fputc                    0x800'66bf   0x54  Code  Gb  fputc.o [2]
free                     0x800'658d    0x4  Code  Gb  heaptramp0.o [2]
fseek                    0x800'64dd   0x24  Code  Gb  fseek.o [2]
hcrc                    0x2000'0420   0x24  Data  Gb  crc.o [1]
hrtc                    0x2000'0444   0x20  Data  Gb  rtc.o [1]
hspi2                   0x2000'0274   0x64  Data  Gb  spi.o [1]
htim2                   0x2000'0378   0x40  Data  Gb  tim.o [1]
huart3                  0x2000'0204   0x70  Data  Gb  usart.o [1]
initDisplay              0x800'4285   0xc0  Code  Gb  display.o [1]
interpretPulse           0x800'3e77   0x5a  Code  Gb  tim.o [1]
ldexp                    0x800'185d         Code  Gb  ldexp.o [3]
ldexpl                   0x800'185d         Code  Gb  ldexp.o [3]
localeconv               0x800'11b5    0x4  Code  Gb  xlocale_c.o [2]
main                     0x800'3589   0x88  Code  Gb  main.o [1]
memchr                   0x800'12a5         Code  Gb  memchr.o [4]
obuf                    0x2000'0328   0x50  Data  Lc  xfiles.o [2]
printf                   0x800'3aed   0x28  Code  Gb  printf.o [2]
putchar                  0x800'68e1    0xc  Code  Gb  putchar.o [2]
remove                   0x800'66ab   0x14  Code  Gb  remove.o [5]
sFileInfo               0x2000'0184   0x80  Data  Lc  XShHandles.o [2]
savePulse                0x800'3ed1    0x6  Code  Gb  tim.o [1]
savedSecond             0x2000'046c    0x4  Data  Gb  rtc.o [1]
scalbln                  0x800'185d         Code  Gb  ldexp.o [3]
scalblnl                 0x800'185d         Code  Gb  ldexp.o [3]
scalbn                   0x800'185d         Code  Gb  ldexp.o [3]
scalbnl                  0x800'185d         Code  Gb  ldexp.o [3]
scale                    0x800'095f   0x46  Code  Lc  xprintffull.o [2]
sec_hand                0x2000'0490    0x4  Data  Lc  xfail_s.o [2]
selectRow                0x800'4363   0x3e  Code  Gb  display.o [1]
sendCharToDisplay        0x800'43a1   0x38  Code  Gb  display.o [1]
sendCommandToSPI         0x800'4345   0x1e  Code  Gb  display.o [1]
sprintf                  0x800'538d   0x40  Code  Gb  sprintf.o [2]
strchr                   0x800'11c1         Code  Gb  strchr.o [4]
strlen                   0x800'1251         Code  Gb  strlen.o [4]
ttio_guard              0x2000'049e    0x1  Data  Lc  XShttio.o [2]
uwTick                  0x2000'0470    0x4  Data  Gb  stm32f3xx_hal.o [1]


[1] = C:\Users\fy\Downloads\Thermometer-on-STM32F3-Discovery-a3f2d27759ef4ef7eaaf0cb08282776b5967ac10\Thermometer-on-STM32F3-Discovery-a3f2d27759ef4ef7eaaf0cb08282776b5967ac10\EWARM\lab2-cube32mx\Obj
[2] = dl7M_tlf.a
[3] = m7M_tls.a
[4] = rt7M_tl.a
[5] = shb_l.a

  25 892 bytes of readonly  code memory
   1 607 bytes of readonly  data memory
   2 719 bytes of readwrite data memory

Errors: none
Warnings: none
